Microchip MPLAB XC8 Compiler V2.10 ()

Linker command line:

-W-3 --edf=C:\Program Files (x86)\Microchip\xc8\v2.10\pic\dat\en_msgs.txt \
  -cs -h+dist/default/production\Trabajo_6_servos.X.production.sym \
  --cmf=dist/default/production\Trabajo_6_servos.X.production.cmf -z \
  -Q18F4550 -oC:\Users\maxed\AppData\Local\Temp\s3c8.2 \
  --defsym=__MPLAB_BUILD=1 \
  -Mdist/default/production/Trabajo_6_servos.X.production.map -E1 -ver=XC8 \
  --acfsm=1493 -ASTACK=060h-07FFh -pstack=STACK -ACODE=00h-07FFFh \
  -ACONST=00h-07FFFh -ASMALLCONST=0800h-08FFhx120 \
  -AMEDIUMCONST=0800h-07FFFh -ACOMRAM=01h-05Fh -AABS1=00h-07FFh \
  -ABIGRAM=01h-07FFh -ARAM=060h-0FFh,0100h-01FFhx7 -ABANK0=060h-0FFh \
  -ABANK1=0100h-01FFh -ABANK2=0200h-02FFh -ABANK3=0300h-03FFh \
  -ABANK4=0400h-04FFh -ABANK5=0500h-05FFh -ABANK6=0600h-06FFh \
  -ABANK7=0700h-07FFh -ASFR=0F60h-0FFFh \
  -preset_vec=00h,intcode,intcodelo,powerup,init -pramtop=0800h \
  -psmallconst=SMALLCONST -pmediumconst=MEDIUMCONST -pconst=CONST \
  -AFARRAM=00h-00h -ACONFIG=0300000h-030000Dh -pconfig=CONFIG \
  -AIDLOC=0200000h-0200007h -pidloc=IDLOC -AEEDATA=0F00000h-0F000FFh \
  -peeprom_data=EEDATA \
  -prdata=COMRAM,nvrram=COMRAM,nvbit=COMRAM,rbss=COMRAM,rbit=COMRAM \
  -pfarbss=FARRAM,fardata=FARRAM,nvFARRAM=FARRAM \
  -pintsave_regs=BIGRAM,bigbss=BIGRAM,bigdata=BIGRAM -pbss=RAM \
  -pidata=CODE,irdata=CODE,ibigdata=CODE,ifardata=CODE -prparam=COMRAM \
  C:\Users\maxed\AppData\Local\Temp\s3c8.o \
  dist/default/production\Trabajo_6_servos.X.production.o 

Object code version is 3.11

Machine type is 18F4550

Call graph: (short form)




                Name                               Link     Load   Length Selector   Space Scale
C:\Users\maxed\AppData\Local\Temp\s3c8.o
                init                                  0        0        4        0       0
                idloc                            200000   200000        8   200000       0
                config                           300000   300000        E   300000       0
dist/default/production\Trabajo_6_servos.X.production.o
                smallconst                          800      800       20      400       0
                text68                             1C12     1C12       1A      410       0
                text67                             1C68     1C68        E      410       0
                text66                             1A94     1A94       48      410       0
                text65                              DC6      DC6       50      410       0
                text64                             1A4C     1A4C       48      410       0
                text63                             1A04     1A04       48      410       0
                text62                              D76      D76       50      410       0
                text61                             19BC     19BC       48      410       0
                text60                             1BF8     1BF8       1A      410       0
                text59                             1C2C     1C2C       18      410       0
                text58                             1B9C     1B9C       28      410       0
                text57                             1C76     1C76        4      410       0
                text56                              D26      D26       50      410       0
                text55                             147C     147C       4E      410       0
                text54                             142E     142E       4E      410       0
                text53                             1646     1646       4C      410       0
                text52                             18E2     18E2       4A      410       0
                text51                             13E0     13E0       4E      410       0
                text50                             1392     1392       4E      410       0
                text49                             1344     1344       4E      410       0
                text48                              CD6      CD6       50      410       0
                text47                             12F6     12F6       4E      410       0
                text46                             12A8     12A8       4E      410       0
                text45                             15FA     15FA       4C      410       0
                text44                             1898     1898       4A      410       0
                text43                             125A     125A       4E      410       0
                text42                             120C     120C       4E      410       0
                text41                             11BE     11BE       4E      410       0
                text40                              A10      A10       8A      410       0
                text39                             1974     1974       48      410       0
                text38                             1170     1170       4E      410       0
                text37                             192C     192C       48      410       0
                text36                             1122     1122       4E      410       0
                text35                              966      966       AA      410       0
                text34                             184E     184E       4A      410       0
                text33                              B6E      B6E       6A      410       0
                text32                              B04      B04       6A      410       0
                text31                             15AE     15AE       4C      410       0
                text30                             1804     1804       4A      410       0
                text29                             1562     1562       4C      410       0
                text28                             17BA     17BA       4A      410       0
                text27                             1B16     1B16       32      410       0
                text26                             1BDE     1BDE       1A      410       0
                text25                             10D4     10D4       4E      410       0
                text24                             1086     1086       4E      410       0
                text23                             1038     1038       4E      410       0
                text22                              FEA      FEA       4E      410       0
                text21                             1770     1770       4A      410       0
                text20                             1B72     1B72       2A      410       0
                text19                             1516     1516       4C      410       0
                text18                             1726     1726       4A      410       0
                text17                             14CA     14CA       4C      410       0
                text16                             16DC     16DC       4A      410       0
                text15                             1B48     1B48       2A      410       0
                text14                             1BC4     1BC4       1A      410       0
                text13                              F9C      F9C       4E      410       0
                text12                              F4E      F4E       4E      410       0
                text11                              F00      F00       4E      410       0
                text10                              EB2      EB2       4E      410       0
                text9                              1692     1692       4A      410       0
                text8                               C86      C86       50      410       0
                text7                               E64      E64       4E      410       0
                text6                               C36      C36       50      410       0
                text5                               E16      E16       4E      410       0
                text4                               A9A      A9A       6A      410       0
                text3                              1ADC     1ADC       3A      410       0
                text2                              1C44     1C44       16      410       0
                text1                               BD8      BD8       5E      410       0
                text0                               820      820      146      410       0
                cstackCOMRAM                          1        1        5        1       1
                bssCOMRAM                             6        6        2        1       1
                cinit                              1C5A     1C5A        E      410       0

TOTAL           Name                               Link     Load   Length     Space
        CLASS   STACK          

        CLASS   CODE           
                init                                  0        0        4         0
                text68                             1C12     1C12       1A         0
                text67                             1C68     1C68        E         0
                text66                             1A94     1A94       48         0
                text65                              DC6      DC6       50         0
                text64                             1A4C     1A4C       48         0
                text63                             1A04     1A04       48         0
                text62                              D76      D76       50         0
                text61                             19BC     19BC       48         0
                text60                             1BF8     1BF8       1A         0
                text59                             1C2C     1C2C       18         0
                text58                             1B9C     1B9C       28         0
                text57                             1C76     1C76        4         0
                text56                              D26      D26       50         0
                text55                             147C     147C       4E         0
                text54                             142E     142E       4E         0
                text53                             1646     1646       4C         0
                text52                             18E2     18E2       4A         0
                text51                             13E0     13E0       4E         0
                text50                             1392     1392       4E         0
                text49                             1344     1344       4E         0
                text48                              CD6      CD6       50         0
                text47                             12F6     12F6       4E         0
                text46                             12A8     12A8       4E         0
                text45                             15FA     15FA       4C         0
                text44                             1898     1898       4A         0
                text43                             125A     125A       4E         0
                text42                             120C     120C       4E         0
                text41                             11BE     11BE       4E         0
                text40                              A10      A10       8A         0
                text39                             1974     1974       48         0
                text38                             1170     1170       4E         0
                text37                             192C     192C       48         0
                text36                             1122     1122       4E         0
                text35                              966      966       AA         0
                text34                             184E     184E       4A         0
                text33                              B6E      B6E       6A         0
                text32                              B04      B04       6A         0
                text31                             15AE     15AE       4C         0
                text30                             1804     1804       4A         0
                text29                             1562     1562       4C         0
                text28                             17BA     17BA       4A         0
                text27                             1B16     1B16       32         0
                text26                             1BDE     1BDE       1A         0
                text25                             10D4     10D4       4E         0
                text24                             1086     1086       4E         0
                text23                             1038     1038       4E         0
                text22                              FEA      FEA       4E         0
                text21                             1770     1770       4A         0
                text20                             1B72     1B72       2A         0
                text19                             1516     1516       4C         0
                text18                             1726     1726       4A         0
                text17                             14CA     14CA       4C         0
                text16                             16DC     16DC       4A         0
                text15                             1B48     1B48       2A         0
                text14                             1BC4     1BC4       1A         0
                text13                              F9C      F9C       4E         0
                text12                              F4E      F4E       4E         0
                text11                              F00      F00       4E         0
                text10                              EB2      EB2       4E         0
                text9                              1692     1692       4A         0
                text8                               C86      C86       50         0
                text7                               E64      E64       4E         0
                text6                               C36      C36       50         0
                text5                               E16      E16       4E         0
                text4                               A9A      A9A       6A         0
                text3                              1ADC     1ADC       3A         0
                text2                              1C44     1C44       16         0
                text1                               BD8      BD8       5E         0
                text0                               820      820      146         0
                cinit                              1C5A     1C5A        E         0

        CLASS   CONST          

        CLASS   SMALLCONST     
                smallconst                          800      800       20         0

        CLASS   MEDIUMCONST    

        CLASS   COMRAM         
                cstackCOMRAM                          1        1        5         1
                bssCOMRAM                             6        6        2         1

        CLASS   ABS1           

        CLASS   BIGRAM         

        CLASS   RAM            

        CLASS   BANK0          

        CLASS   BANK1          

        CLASS   BANK2          

        CLASS   BANK3          

        CLASS   BANK4          

        CLASS   BANK5          

        CLASS   BANK6          

        CLASS   BANK7          

        CLASS   SFR            

        CLASS   FARRAM         

        CLASS   CONFIG         
                config                           300000   300000        E         0

        CLASS   IDLOC          
                idloc                            200000   200000        8         0

        CLASS   EEDATA         



SEGMENTS        Name                           Load    Length   Top    Selector   Space  Class

                reset_vec                      000000  000004  000004         0       0  CODE    
                cstackCOMRAM                   000001  000007  000008         1       1  COMRAM  
                smallconst                     000800  000020  000820       400       0  SMALLCON
                text0                          000820  00145A  001C7A       410       0  CODE    
                idloc                          200000  000008  200008    200000       0  IDLOC   
                config                         300000  00000E  30000E    300000       0  CONFIG  


UNUSED ADDRESS RANGES

        Name                Unused          Largest block    Delta
        BANK0            000060-0000FF               A0
        BANK1            000100-0001FF              100
        BANK2            000200-0002FF              100
        BANK3            000300-0003FF              100
        BANK4            000400-0004FF              100
        BANK5            000500-0005FF              100
        BANK6            000600-0006FF              100
        BANK7            000700-0007FF              100
        BIGRAM           000008-0007FF              7F8
        CODE             000004-0007FF              7FC
                         001C7A-007FFF             6386
        COMRAM           000008-00005F               58
        CONST            000004-0007FF              7FC
                         001C7A-007FFF             6386
        EEDATA           F00000-F000FF              100
        MEDIUMCONST      001C7A-007FFF             6386
        RAM              000060-0007FF              100
        SFR              000F60-000FFF               A0
        SMALLCONST       001C7A-007FFF              100
        STACK            000060-0007FF              7A0

                                  Symbol Table

Interrupciones_Usart@priority    cstackCOMRAM 000002
Servo_Cinco_0@i                  cstackCOMRAM 000002
Servo_Cinco_15@i                 cstackCOMRAM 000002
Servo_Cinco_30@i                 cstackCOMRAM 000002
Servo_Cinco_45@i                 cstackCOMRAM 000002
Servo_Cinco_60@i                 cstackCOMRAM 000002
Servo_Cuatro_0@i                 cstackCOMRAM 000002
Servo_Cuatro_105@i               cstackCOMRAM 000002
Servo_Cuatro_120@i               cstackCOMRAM 000002
Servo_Cuatro_135@i               cstackCOMRAM 000002
Servo_Cuatro_150@i               cstackCOMRAM 000002
Servo_Cuatro_15@i                cstackCOMRAM 000002
Servo_Cuatro_30@i                cstackCOMRAM 000002
Servo_Cuatro_45@i                cstackCOMRAM 000002
Servo_Cuatro_60@i                cstackCOMRAM 000002
Servo_Cuatro_75@i                cstackCOMRAM 000002
Servo_Cuatro_90@i                cstackCOMRAM 000002
Servo_Dos_0@i                    cstackCOMRAM 000002
Servo_Dos_15@i                   cstackCOMRAM 000002
Servo_Dos_30@i                   cstackCOMRAM 000002
Servo_Dos_45@i                   cstackCOMRAM 000002
Servo_Dos_60@i                   cstackCOMRAM 000002
Servo_Dos_75@i                   cstackCOMRAM 000002
Servo_Dos_90@i                   cstackCOMRAM 000002
Servo_Seis_0@i                   cstackCOMRAM 000002
Servo_Seis_15@i                  cstackCOMRAM 000002
Servo_Seis_30@i                  cstackCOMRAM 000002
Servo_Seis_45@i                  cstackCOMRAM 000002
Servo_Seis_60@i                  cstackCOMRAM 000002
Servo_Tres_0@i                   cstackCOMRAM 000002
Servo_Tres_105@i                 cstackCOMRAM 000002
Servo_Tres_120@i                 cstackCOMRAM 000002
Servo_Tres_135@i                 cstackCOMRAM 000002
Servo_Tres_150@i                 cstackCOMRAM 000002
Servo_Tres_15@i                  cstackCOMRAM 000002
Servo_Tres_30@i                  cstackCOMRAM 000002
Servo_Tres_45@i                  cstackCOMRAM 000002
Servo_Tres_60@i                  cstackCOMRAM 000002
Servo_Tres_75@i                  cstackCOMRAM 000002
Servo_Tres_90@i                  cstackCOMRAM 000002
Servo_Uno_0@i                    cstackCOMRAM 000002
Servo_Uno_15@i                   cstackCOMRAM 000002
Servo_Uno_30@i                   cstackCOMRAM 000002
Servo_Uno_45@i                   cstackCOMRAM 000002
Servo_Uno_60@i                   cstackCOMRAM 000002
Servo_Uno_75@i                   cstackCOMRAM 000002
Servo_Uno_90@i                   cstackCOMRAM 000002
Tx_str@data                      cstackCOMRAM 000001
UART0_Tx_String@str              cstackCOMRAM 000002
_ADCON1bits                      (abs)        000FC1
_BAUDCONbits                     (abs)        000FB8
_Confi_Blue                      text68       001C12
_Confi_Servo                     text67       001C68
_IPR1bits                        (abs)        000F9F
_Inicializacion                  text59       001C2C
_Interrupciones_Usart            text58       001B9C
_LATBbits                        (abs)        000F8A
_Mensaje                         bssCOMRAM    000007
_OSCCONbits                      (abs)        000FD3
_PIE1bits                        (abs)        000F9D
_PIR1bits                        (abs)        000F9E
_RCONbits                        (abs)        000FD0
_RCREG                           (abs)        000FAE
_RCSTAbits                       (abs)        000FAB
_Rx                              text57       001C76
_SPBRG                           (abs)        000FAF
_Servo_Cinco_0                   text66       001A94
_Servo_Cinco_15                  text31       0015AE
_Servo_Cinco_30                  text30       001804
_Servo_Cinco_45                  text25       0010D4
_Servo_Cinco_60                  text24       001086
_Servo_Cuatro_0                  text39       001974
_Servo_Cuatro_105                text56       000D26
_Servo_Cuatro_120                text55       00147C
_Servo_Cuatro_135                text54       00142E
_Servo_Cuatro_15                 text53       001646
_Servo_Cuatro_150                text38       001170
_Servo_Cuatro_30                 text52       0018E2
_Servo_Cuatro_45                 text51       0013E0
_Servo_Cuatro_60                 text50       001392
_Servo_Cuatro_75                 text65       000DC6
_Servo_Cuatro_90                 text49       001344
_Servo_Dos_0                     text64       001A4C
_Servo_Dos_15                    text19       001516
_Servo_Dos_30                    text18       001726
_Servo_Dos_45                    text13       000F9C
_Servo_Dos_60                    text12       000F4E
_Servo_Dos_75                    text8        000C86
_Servo_Dos_90                    text7        000E64
_Servo_Posicion_Inicial          text60       001BF8
_Servo_Seis_0                    text63       001A04
_Servo_Seis_15                   text29       001562
_Servo_Seis_30                   text28       0017BA
_Servo_Seis_45                   text23       001038
_Servo_Seis_60                   text22       000FEA
_Servo_Tres_0                    text37       00192C
_Servo_Tres_105                  text48       000CD6
_Servo_Tres_120                  text47       0012F6
_Servo_Tres_135                  text46       0012A8
_Servo_Tres_15                   text45       0015FA
_Servo_Tres_150                  text36       001122
_Servo_Tres_30                   text44       001898
_Servo_Tres_45                   text43       00125A
_Servo_Tres_60                   text42       00120C
_Servo_Tres_75                   text62       000D76
_Servo_Tres_90                   text41       0011BE
_Servo_Uno_0                     text61       0019BC
_Servo_Uno_15                    text17       0014CA
_Servo_Uno_30                    text16       0016DC
_Servo_Uno_45                    text11       000F00
_Servo_Uno_60                    text10       000EB2
_Servo_Uno_75                    text6        000C36
_Servo_Uno_90                    text5        000E16
_Servos_150_120                  text40       000A10
_Servos_150_150                  text35       000966
_Servos_150_30                   text34       00184E
_Servos_150_60                   text33       000B6E
_Servos_150_90                   text32       000B04
_Servos_60_30_Lento              text27       001B16
_Servos_60_30_Rapido             text26       001BDE
_Servos_60_60_Lento              text21       001770
_Servos_60_60_Rapido             text20       001B72
_Servos_90_30_Lento              text15       001B48
_Servos_90_30_Rapido             text14       001BC4
_Servos_90_60_Lento              text9        001692
_Servos_90_90_Lento              text4        000A9A
_Servos_90_90_Rapido             text3        001ADC
_TRISBbits                       (abs)        000F93
_TRISCbits                       (abs)        000F94
_TXREG                           (abs)        000FAD
_TXSTAbits                       (abs)        000FAC
_Tx_str                          text2        001C44
_UART0_Tx_String                 text1        000BD8
__CFG_BOR$OFF                    (abs)        000000
__CFG_BORV$3                     (abs)        000000
__CFG_CCP2MX$ON                  (abs)        000000
__CFG_CP0$OFF                    (abs)        000000
__CFG_CP1$OFF                    (abs)        000000
__CFG_CP2$OFF                    (abs)        000000
__CFG_CP3$OFF                    (abs)        000000
__CFG_CPB$OFF                    (abs)        000000
__CFG_CPD$OFF                    (abs)        000000
__CFG_CPUDIV$OSC1_PLL2           (abs)        000000
__CFG_EBTR0$OFF                  (abs)        000000
__CFG_EBTR1$OFF                  (abs)        000000
__CFG_EBTR2$OFF                  (abs)        000000
__CFG_EBTR3$OFF                  (abs)        000000
__CFG_EBTRB$OFF                  (abs)        000000
__CFG_FCMEN$OFF                  (abs)        000000
__CFG_FOSC$INTOSC_EC             (abs)        000000
__CFG_ICPRT$OFF                  (abs)        000000
__CFG_IESO$OFF                   (abs)        000000
__CFG_LPT1OSC$OFF                (abs)        000000
__CFG_LVP$OFF                    (abs)        000000
__CFG_MCLRE$ON                   (abs)        000000
__CFG_PBADEN$OFF                 (abs)        000000
__CFG_PLLDIV$5                   (abs)        000000
__CFG_PWRT$OFF                   (abs)        000000
__CFG_STVREN$ON                  (abs)        000000
__CFG_USBDIV$1                   (abs)        000000
__CFG_VREGEN$OFF                 (abs)        000000
__CFG_WDT$OFF                    (abs)        000000
__CFG_WDTPS$32768                (abs)        000000
__CFG_WRT0$OFF                   (abs)        000000
__CFG_WRT1$OFF                   (abs)        000000
__CFG_WRT2$OFF                   (abs)        000000
__CFG_WRT3$OFF                   (abs)        000000
__CFG_WRTB$OFF                   (abs)        000000
__CFG_WRTC$OFF                   (abs)        000000
__CFG_WRTD$OFF                   (abs)        000000
__CFG_XINST$OFF                  (abs)        000000
__HRAM                           (abs)        000000
__Habs1                          abs1         000000
__Hbank0                         bank0        000000
__Hbank1                         bank1        000000
__Hbank2                         bank2        000000
__Hbank3                         bank3        000000
__Hbank4                         bank4        000000
__Hbank5                         bank5        000000
__Hbank6                         bank6        000000
__Hbank7                         bank7        000000
__Hbigbss                        bigbss       000000
__Hbigdata                       bigdata      000000
__Hbigram                        bigram       000000
__Hbss                           bss          000000
__HbssCOMRAM                     bssCOMRAM    000000
__Hcinit                         cinit        000000
__Hclrtext                       clrtext      000000
__Hcomram                        comram       000000
__Hconfig                        config       30000E
__Hconst                         const        000000
__HcstackCOMRAM                  cstackCOMRAM 000000
__Hdata                          data         000000
__Heeprom_data                   eeprom_data  000000
__Hfarbss                        farbss       000000
__Hfardata                       fardata      000000
__Hibigdata                      ibigdata     000000
__Hidata                         idata        000000
__Hidloc                         idloc        200008
__Hifardata                      ifardata     000000
__Hinit                          init         000004
__Hintcode                       intcode      000000
__Hintcode_body                  intcode_body 000000
__Hintcodelo                     intcodelo    000000
__Hintentry                      intentry     000000
__Hintret                        intret       000000
__Hintsave_regs                  intsave_regs 000000
__Hirdata                        irdata       000000
__Hmediumconst                   mediumconst  000000
__HnvFARRAM                      nvFARRAM     000000
__Hnvbit                         nvbit        000000
__Hnvrram                        nvrram       000000
__Hparam                         rparam       000000
__Hpowerup                       powerup      000000
__Hram                           ram          000000
__Hramtop                        ramtop       000800
__Hrbit                          rbit         000000
__Hrbss                          rbss         000000
__Hrdata                         rdata        000000
__Hreset_vec                     reset_vec    000000
__Hrparam                        rparam       000000
__Hsfr                           sfr          000000
__Hsmallconst                    smallconst   000820
__Hspace_0                       (abs)        30000E
__Hspace_1                       (abs)        000008
__Hspace_2                       (abs)        000000
__Hstack                         stack        000000
__Hstruct                        struct       000000
__Htemp                          temp         000000
__Htext                          text         000000
__Htext0                         text0        000000
__Htext1                         text1        000000
__Htext10                        text10       000000
__Htext11                        text11       000000
__Htext12                        text12       000000
__Htext13                        text13       000000
__Htext14                        text14       000000
__Htext15                        text15       000000
__Htext16                        text16       000000
__Htext17                        text17       000000
__Htext18                        text18       000000
__Htext19                        text19       000000
__Htext2                         text2        000000
__Htext20                        text20       000000
__Htext21                        text21       000000
__Htext22                        text22       000000
__Htext23                        text23       000000
__Htext24                        text24       000000
__Htext25                        text25       000000
__Htext26                        text26       000000
__Htext27                        text27       000000
__Htext28                        text28       000000
__Htext29                        text29       000000
__Htext3                         text3        000000
__Htext30                        text30       000000
__Htext31                        text31       000000
__Htext32                        text32       000000
__Htext33                        text33       000000
__Htext34                        text34       000000
__Htext35                        text35       000000
__Htext36                        text36       000000
__Htext37                        text37       000000
__Htext38                        text38       000000
__Htext39                        text39       000000
__Htext4                         text4        000000
__Htext40                        text40       000000
__Htext41                        text41       000000
__Htext42                        text42       000000
__Htext43                        text43       000000
__Htext44                        text44       000000
__Htext45                        text45       000000
__Htext46                        text46       000000
__Htext47                        text47       000000
__Htext48                        text48       000000
__Htext49                        text49       000000
__Htext5                         text5        000000
__Htext50                        text50       000000
__Htext51                        text51       000000
__Htext52                        text52       000000
__Htext53                        text53       000000
__Htext54                        text54       000000
__Htext55                        text55       000000
__Htext56                        text56       000000
__Htext57                        text57       000000
__Htext58                        text58       000000
__Htext59                        text59       000000
__Htext6                         text6        000000
__Htext60                        text60       000000
__Htext61                        text61       000000
__Htext62                        text62       000000
__Htext63                        text63       000000
__Htext64                        text64       000000
__Htext65                        text65       000000
__Htext66                        text66       000000
__Htext67                        text67       000000
__Htext68                        text68       000000
__Htext7                         text7        000000
__Htext8                         text8        000000
__Htext9                         text9        000000
__LRAM                           (abs)        000001
__Labs1                          abs1         000000
__Lbank0                         bank0        000000
__Lbank1                         bank1        000000
__Lbank2                         bank2        000000
__Lbank3                         bank3        000000
__Lbank4                         bank4        000000
__Lbank5                         bank5        000000
__Lbank6                         bank6        000000
__Lbank7                         bank7        000000
__Lbigbss                        bigbss       000000
__Lbigdata                       bigdata      000000
__Lbigram                        bigram       000000
__Lbss                           bss          000000
__LbssCOMRAM                     bssCOMRAM    000000
__Lcinit                         cinit        000000
__Lclrtext                       clrtext      000000
__Lcomram                        comram       000000
__Lconfig                        config       300000
__Lconst                         const        000000
__LcstackCOMRAM                  cstackCOMRAM 000000
__Ldata                          data         000000
__Leeprom_data                   eeprom_data  000000
__Lfarbss                        farbss       000000
__Lfardata                       fardata      000000
__Libigdata                      ibigdata     000000
__Lidata                         idata        000000
__Lidloc                         idloc        200000
__Lifardata                      ifardata     000000
__Linit                          init         000000
__Lintcode                       intcode      000000
__Lintcode_body                  intcode_body 000000
__Lintcodelo                     intcodelo    000000
__Lintentry                      intentry     000000
__Lintret                        intret       000000
__Lintsave_regs                  intsave_regs 000000
__Lirdata                        irdata       000000
__Lmediumconst                   mediumconst  000000
__LnvFARRAM                      nvFARRAM     000000
__Lnvbit                         nvbit        000000
__Lnvrram                        nvrram       000000
__Lparam                         rparam       000000
__Lpowerup                       powerup      000000
__Lram                           ram          000000
__Lramtop                        ramtop       000800
__Lrbit                          rbit         000000
__Lrbss                          rbss         000000
__Lrdata                         rdata        000000
__Lreset_vec                     reset_vec    000000
__Lrparam                        rparam       000000
__Lsfr                           sfr          000000
__Lsmallconst                    smallconst   000800
__Lspace_0                       (abs)        000000
__Lspace_1                       (abs)        000000
__Lspace_2                       (abs)        000000
__Lstack                         stack        000000
__Lstruct                        struct       000000
__Ltemp                          temp         000000
__Ltext                          text         000000
__Ltext0                         text0        000000
__Ltext1                         text1        000000
__Ltext10                        text10       000000
__Ltext11                        text11       000000
__Ltext12                        text12       000000
__Ltext13                        text13       000000
__Ltext14                        text14       000000
__Ltext15                        text15       000000
__Ltext16                        text16       000000
__Ltext17                        text17       000000
__Ltext18                        text18       000000
__Ltext19                        text19       000000
__Ltext2                         text2        000000
__Ltext20                        text20       000000
__Ltext21                        text21       000000
__Ltext22                        text22       000000
__Ltext23                        text23       000000
__Ltext24                        text24       000000
__Ltext25                        text25       000000
__Ltext26                        text26       000000
__Ltext27                        text27       000000
__Ltext28                        text28       000000
__Ltext29                        text29       000000
__Ltext3                         text3        000000
__Ltext30                        text30       000000
__Ltext31                        text31       000000
__Ltext32                        text32       000000
__Ltext33                        text33       000000
__Ltext34                        text34       000000
__Ltext35                        text35       000000
__Ltext36                        text36       000000
__Ltext37                        text37       000000
__Ltext38                        text38       000000
__Ltext39                        text39       000000
__Ltext4                         text4        000000
__Ltext40                        text40       000000
__Ltext41                        text41       000000
__Ltext42                        text42       000000
__Ltext43                        text43       000000
__Ltext44                        text44       000000
__Ltext45                        text45       000000
__Ltext46                        text46       000000
__Ltext47                        text47       000000
__Ltext48                        text48       000000
__Ltext49                        text49       000000
__Ltext5                         text5        000000
__Ltext50                        text50       000000
__Ltext51                        text51       000000
__Ltext52                        text52       000000
__Ltext53                        text53       000000
__Ltext54                        text54       000000
__Ltext55                        text55       000000
__Ltext56                        text56       000000
__Ltext57                        text57       000000
__Ltext58                        text58       000000
__Ltext59                        text59       000000
__Ltext6                         text6        000000
__Ltext60                        text60       000000
__Ltext61                        text61       000000
__Ltext62                        text62       000000
__Ltext63                        text63       000000
__Ltext64                        text64       000000
__Ltext65                        text65       000000
__Ltext66                        text66       000000
__Ltext67                        text67       000000
__Ltext68                        text68       000000
__Ltext7                         text7        000000
__Ltext8                         text8        000000
__Ltext9                         text9        000000
__S0                             (abs)        30000E
__S1                             (abs)        000008
__S2                             (abs)        000000
___inthi_sp                      stack        000000
___intlo_sp                      stack        000000
___param_bank                    (abs)        000000
___rparam_used                   (abs)        000001
___sp                            stack        000000
__accesstop                      (abs)        000060
__activetblptr                   (abs)        000002
__end_of_Confi_Blue              text68       001C2C
__end_of_Confi_Servo             text67       001C76
__end_of_Inicializacion          text59       001C44
__end_of_Interrupciones_Usart    text58       001BC4
__end_of_Rx                      text57       001C7A
__end_of_Servo_Cinco_0           text66       001ADC
__end_of_Servo_Cinco_15          text31       0015FA
__end_of_Servo_Cinco_30          text30       00184E
__end_of_Servo_Cinco_45          text25       001122
__end_of_Servo_Cinco_60          text24       0010D4
__end_of_Servo_Cuatro_0          text39       0019BC
__end_of_Servo_Cuatro_105        text56       000D76
__end_of_Servo_Cuatro_120        text55       0014CA
__end_of_Servo_Cuatro_135        text54       00147C
__end_of_Servo_Cuatro_15         text53       001692
__end_of_Servo_Cuatro_150        text38       0011BE
__end_of_Servo_Cuatro_30         text52       00192C
__end_of_Servo_Cuatro_45         text51       00142E
__end_of_Servo_Cuatro_60         text50       0013E0
__end_of_Servo_Cuatro_75         text65       000E16
__end_of_Servo_Cuatro_90         text49       001392
__end_of_Servo_Dos_0             text64       001A94
__end_of_Servo_Dos_15            text19       001562
__end_of_Servo_Dos_30            text18       001770
__end_of_Servo_Dos_45            text13       000FEA
__end_of_Servo_Dos_60            text12       000F9C
__end_of_Servo_Dos_75            text8        000CD6
__end_of_Servo_Dos_90            text7        000EB2
__end_of_Servo_Posicion_Inicial  text60       001C12
__end_of_Servo_Seis_0            text63       001A4C
__end_of_Servo_Seis_15           text29       0015AE
__end_of_Servo_Seis_30           text28       001804
__end_of_Servo_Seis_45           text23       001086
__end_of_Servo_Seis_60           text22       001038
__end_of_Servo_Tres_0            text37       001974
__end_of_Servo_Tres_105          text48       000D26
__end_of_Servo_Tres_120          text47       001344
__end_of_Servo_Tres_135          text46       0012F6
__end_of_Servo_Tres_15           text45       001646
__end_of_Servo_Tres_150          text36       001170
__end_of_Servo_Tres_30           text44       0018E2
__end_of_Servo_Tres_45           text43       0012A8
__end_of_Servo_Tres_60           text42       00125A
__end_of_Servo_Tres_75           text62       000DC6
__end_of_Servo_Tres_90           text41       00120C
__end_of_Servo_Uno_0             text61       001A04
__end_of_Servo_Uno_15            text17       001516
__end_of_Servo_Uno_30            text16       001726
__end_of_Servo_Uno_45            text11       000F4E
__end_of_Servo_Uno_60            text10       000F00
__end_of_Servo_Uno_75            text6        000C86
__end_of_Servo_Uno_90            text5        000E64
__end_of_Servos_150_120          text40       000A9A
__end_of_Servos_150_150          text35       000A10
__end_of_Servos_150_30           text34       001898
__end_of_Servos_150_60           text33       000BD8
__end_of_Servos_150_90           text32       000B6E
__end_of_Servos_60_30_Lento      text27       001B48
__end_of_Servos_60_30_Rapido     text26       001BF8
__end_of_Servos_60_60_Lento      text21       0017BA
__end_of_Servos_60_60_Rapido     text20       001B9C
__end_of_Servos_90_30_Lento      text15       001B72
__end_of_Servos_90_30_Rapido     text14       001BDE
__end_of_Servos_90_60_Lento      text9        0016DC
__end_of_Servos_90_90_Lento      text4        000B04
__end_of_Servos_90_90_Rapido     text3        001B16
__end_of_Tx_str                  text2        001C5A
__end_of_UART0_Tx_String         text1        000C36
__end_of__initialization         cinit        001C5E
__end_of_main                    text0        000966
__initialization                 cinit        001C5A
__mediumconst                    mediumconst  000000
__pbssCOMRAM                     bssCOMRAM    000006
__pcinit                         cinit        001C5A
__pcstackCOMRAM                  cstackCOMRAM 000001
__psmallconst                    smallconst   000800
__ptext0                         text0        000820
__ptext1                         text1        000BD8
__ptext10                        text10       000EB2
__ptext11                        text11       000F00
__ptext12                        text12       000F4E
__ptext13                        text13       000F9C
__ptext14                        text14       001BC4
__ptext15                        text15       001B48
__ptext16                        text16       0016DC
__ptext17                        text17       0014CA
__ptext18                        text18       001726
__ptext19                        text19       001516
__ptext2                         text2        001C44
__ptext20                        text20       001B72
__ptext21                        text21       001770
__ptext22                        text22       000FEA
__ptext23                        text23       001038
__ptext24                        text24       001086
__ptext25                        text25       0010D4
__ptext26                        text26       001BDE
__ptext27                        text27       001B16
__ptext28                        text28       0017BA
__ptext29                        text29       001562
__ptext3                         text3        001ADC
__ptext30                        text30       001804
__ptext31                        text31       0015AE
__ptext32                        text32       000B04
__ptext33                        text33       000B6E
__ptext34                        text34       00184E
__ptext35                        text35       000966
__ptext36                        text36       001122
__ptext37                        text37       00192C
__ptext38                        text38       001170
__ptext39                        text39       001974
__ptext4                         text4        000A9A
__ptext40                        text40       000A10
__ptext41                        text41       0011BE
__ptext42                        text42       00120C
__ptext43                        text43       00125A
__ptext44                        text44       001898
__ptext45                        text45       0015FA
__ptext46                        text46       0012A8
__ptext47                        text47       0012F6
__ptext48                        text48       000CD6
__ptext49                        text49       001344
__ptext5                         text5        000E16
__ptext50                        text50       001392
__ptext51                        text51       0013E0
__ptext52                        text52       0018E2
__ptext53                        text53       001646
__ptext54                        text54       00142E
__ptext55                        text55       00147C
__ptext56                        text56       000D26
__ptext57                        text57       001C76
__ptext58                        text58       001B9C
__ptext59                        text59       001C2C
__ptext6                         text6        000C36
__ptext60                        text60       001BF8
__ptext61                        text61       0019BC
__ptext62                        text62       000D76
__ptext63                        text63       001A04
__ptext64                        text64       001A4C
__ptext65                        text65       000DC6
__ptext66                        text66       001A94
__ptext67                        text67       001C68
__ptext68                        text68       001C12
__ptext7                         text7        000E64
__ptext8                         text8        000C86
__ptext9                         text9        001692
__ramtop                         ramtop       000800
__size_of_Confi_Blue             (abs)        000000
__size_of_Confi_Servo            (abs)        000000
__size_of_Inicializacion         (abs)        000000
__size_of_Interrupciones_Usart   (abs)        000000
__size_of_Rx                     (abs)        000000
__size_of_Servo_Cinco_0          (abs)        000000
__size_of_Servo_Cinco_15         (abs)        000000
__size_of_Servo_Cinco_30         (abs)        000000
__size_of_Servo_Cinco_45         (abs)        000000
__size_of_Servo_Cinco_60         (abs)        000000
__size_of_Servo_Cuatro_0         (abs)        000000
__size_of_Servo_Cuatro_105       (abs)        000000
__size_of_Servo_Cuatro_120       (abs)        000000
__size_of_Servo_Cuatro_135       (abs)        000000
__size_of_Servo_Cuatro_15        (abs)        000000
__size_of_Servo_Cuatro_150       (abs)        000000
__size_of_Servo_Cuatro_30        (abs)        000000
__size_of_Servo_Cuatro_45        (abs)        000000
__size_of_Servo_Cuatro_60        (abs)        000000
__size_of_Servo_Cuatro_75        (abs)        000000
__size_of_Servo_Cuatro_90        (abs)        000000
__size_of_Servo_Dos_0            (abs)        000000
__size_of_Servo_Dos_15           (abs)        000000
__size_of_Servo_Dos_30           (abs)        000000
__size_of_Servo_Dos_45           (abs)        000000
__size_of_Servo_Dos_60           (abs)        000000
__size_of_Servo_Dos_75           (abs)        000000
__size_of_Servo_Dos_90           (abs)        000000
__size_of_Servo_Posicion_Inicial (abs)        000000
__size_of_Servo_Seis_0           (abs)        000000
__size_of_Servo_Seis_15          (abs)        000000
__size_of_Servo_Seis_30          (abs)        000000
__size_of_Servo_Seis_45          (abs)        000000
__size_of_Servo_Seis_60          (abs)        000000
__size_of_Servo_Tres_0           (abs)        000000
__size_of_Servo_Tres_105         (abs)        000000
__size_of_Servo_Tres_120         (abs)        000000
__size_of_Servo_Tres_135         (abs)        000000
__size_of_Servo_Tres_15          (abs)        000000
__size_of_Servo_Tres_150         (abs)        000000
__size_of_Servo_Tres_30          (abs)        000000
__size_of_Servo_Tres_45          (abs)        000000
__size_of_Servo_Tres_60          (abs)        000000
__size_of_Servo_Tres_75          (abs)        000000
__size_of_Servo_Tres_90          (abs)        000000
__size_of_Servo_Uno_0            (abs)        000000
__size_of_Servo_Uno_15           (abs)        000000
__size_of_Servo_Uno_30           (abs)        000000
__size_of_Servo_Uno_45           (abs)        000000
__size_of_Servo_Uno_60           (abs)        000000
__size_of_Servo_Uno_75           (abs)        000000
__size_of_Servo_Uno_90           (abs)        000000
__size_of_Servos_150_120         (abs)        000000
__size_of_Servos_150_150         (abs)        000000
__size_of_Servos_150_30          (abs)        000000
__size_of_Servos_150_60          (abs)        000000
__size_of_Servos_150_90          (abs)        000000
__size_of_Servos_60_30_Lento     (abs)        000000
__size_of_Servos_60_30_Rapido    (abs)        000000
__size_of_Servos_60_60_Lento     (abs)        000000
__size_of_Servos_60_60_Rapido    (abs)        000000
__size_of_Servos_90_30_Lento     (abs)        000000
__size_of_Servos_90_30_Rapido    (abs)        000000
__size_of_Servos_90_60_Lento     (abs)        000000
__size_of_Servos_90_90_Lento     (abs)        000000
__size_of_Servos_90_90_Rapido    (abs)        000000
__size_of_Tx_str                 (abs)        000000
__size_of_UART0_Tx_String        (abs)        000000
__size_of_main                   (abs)        000000
__smallconst                     smallconst   000800
_aux                             bssCOMRAM    000006
_main                            text0        000820
end_of_initialization            cinit        001C5E
intlevel0                        text         000000
intlevel1                        text         000000
intlevel2                        text         000000
intlevel3                        text         000000
stackhi                          (abs)        0007FF
stacklo                          (abs)        000060
start                            init         000000
start_initialization             cinit        001C5A


FUNCTION INFORMATION:

 *************** function _main *****************
 Defined at:
		line 11 in file "Principal.c"
 Parameters:    Size  Location     Type
		None
 Auto vars:     Size  Location     Type
		None
 Return value:  Size  Location     Type
                  1    wreg      void 
 Registers used:
		wreg, fsr0l, fsr0h, status,2, status,0, tblptrl, tblptrh, tblptru, cstack
 Tracked objects:
		On entry : 
		On exit  : 
		Unchanged: 
 Data sizes:     COMRAM   BANK0   BANK1   BANK2   BANK3   BANK4   BANK5   BANK6   BANK7
      Params:         0       0       0       0       0       0       0       0       0
      Locals:         0       0       0       0       0       0       0       0       0
      Temps:          2       0       0       0       0       0       0       0       0
      Totals:         2       0       0       0       0       0       0       0       0
Total ram usage:        2 bytes
 Hardware stack levels required when called:    3
 This function calls:
		_Inicializacion
		_Interrupciones_Usart
		_Rx
		_Servos_150_120
		_Servos_150_150
		_Servos_150_30
		_Servos_150_60
		_Servos_150_90
		_Servos_60_30_Lento
		_Servos_60_30_Rapido
		_Servos_60_60_Lento
		_Servos_60_60_Rapido
		_Servos_90_30_Lento
		_Servos_90_30_Rapido
		_Servos_90_60_Lento
		_Servos_90_90_Lento
		_Servos_90_90_Rapido
		_UART0_Tx_String
 This function is called by:
		Startup code after reset
 This function uses a non-reentrant model


 *************** function _UART0_Tx_String *****************
 Defined at:
		line 65 in file "Usart.c"
 Parameters:    Size  Location     Type
  str             2    1[COMRAM] PTR unsigned char 
		 -> UART0_Tx_Integer@signo_y_digitos(12), STR_2(25), STR_1(5), 
 Auto vars:     Size  Location     Type
		None
 Return value:  Size  Location     Type
                  1    wreg      void 
 Registers used:
		wreg, fsr0l, fsr0h, status,2, status,0, tblptrl, tblptrh, tblptru, cstack
 Tracked objects:
		On entry : 
		On exit  : 
		Unchanged: 
 Data sizes:     COMRAM   BANK0   BANK1   BANK2   BANK3   BANK4   BANK5   BANK6   BANK7
      Params:         2       0       0       0       0       0       0       0       0
      Locals:         0       0       0       0       0       0       0       0       0
      Temps:          0       0       0       0       0       0       0       0       0
      Totals:         2       0       0       0       0       0       0       0       0
Total ram usage:        2 bytes
 Hardware stack levels used:    1
 Hardware stack levels required when called:    1
 This function calls:
		_Tx_str
 This function is called by:
		_main
		_UART0_Tx_Integer
 This function uses a non-reentrant model


 *************** function _Tx_str *****************
 Defined at:
		line 46 in file "Usart.c"
 Parameters:    Size  Location     Type
  data            1    wreg     unsigned char 
 Auto vars:     Size  Location     Type
  data            1    0[COMRAM] unsigned char 
 Return value:  Size  Location     Type
                  1    wreg      void 
 Registers used:
		wreg
 Tracked objects:
		On entry : 
		On exit  : 
		Unchanged: 
 Data sizes:     COMRAM   BANK0   BANK1   BANK2   BANK3   BANK4   BANK5   BANK6   BANK7
      Params:         0       0       0       0       0       0       0       0       0
      Locals:         1       0       0       0       0       0       0       0       0
      Temps:          0       0       0       0       0       0       0       0       0
      Totals:         1       0       0       0       0       0       0       0       0
Total ram usage:        1 bytes
 Hardware stack levels used:    1
 This function calls:
		Nothing
 This function is called by:
		_UART0_Tx_String
 This function uses a non-reentrant model


 *************** function _Servos_90_90_Rapido *****************
 Defined at:
		line 162 in file "Confi.c"
 Parameters:    Size  Location     Type
		None
 Auto vars:     Size  Location     Type
		None
 Return value:  Size  Location     Type
                  1    wreg      void 
 Registers used:
		wreg, status,2, status,0, cstack
 Tracked objects:
		On entry : 
		On exit  : 
		Unchanged: 
 Data sizes:     COMRAM   BANK0   BANK1   BANK2   BANK3   BANK4   BANK5   BANK6   BANK7
      Params:         0       0       0       0       0       0       0       0       0
      Locals:         0       0       0       0       0       0       0       0       0
      Temps:          0       0       0       0       0       0       0       0       0
      Totals:         0       0       0       0       0       0       0       0       0
Total ram usage:        0 bytes
 Hardware stack levels used:    1
 Hardware stack levels required when called:    1
 This function calls:
		_Servo_Dos_0
		_Servo_Dos_30
		_Servo_Dos_60
		_Servo_Dos_90
		_Servo_Uno_0
		_Servo_Uno_30
		_Servo_Uno_60
		_Servo_Uno_90
 This function is called by:
		_main
 This function uses a non-reentrant model


 *************** function _Servos_90_90_Lento *****************
 Defined at:
		line 192 in file "Confi.c"
 Parameters:    Size  Location     Type
		None
 Auto vars:     Size  Location     Type
		None
 Return value:  Size  Location     Type
                  1    wreg      void 
 Registers used:
		wreg, status,2, status,0, cstack
 Tracked objects:
		On entry : 
		On exit  : 
		Unchanged: 
 Data sizes:     COMRAM   BANK0   BANK1   BANK2   BANK3   BANK4   BANK5   BANK6   BANK7
      Params:         0       0       0       0       0       0       0       0       0
      Locals:         0       0       0       0       0       0       0       0       0
      Temps:          0       0       0       0       0       0       0       0       0
      Totals:         0       0       0       0       0       0       0       0       0
Total ram usage:        0 bytes
 Hardware stack levels used:    1
 Hardware stack levels required when called:    1
 This function calls:
		_Servo_Dos_0
		_Servo_Dos_15
		_Servo_Dos_30
		_Servo_Dos_45
		_Servo_Dos_60
		_Servo_Dos_75
		_Servo_Dos_90
		_Servo_Uno_0
		_Servo_Uno_15
		_Servo_Uno_30
		_Servo_Uno_45
		_Servo_Uno_60
		_Servo_Uno_75
		_Servo_Uno_90
 This function is called by:
		_main
 This function uses a non-reentrant model


 *************** function _Servo_Uno_90 *****************
 Defined at:
		line 71 in file "Servo.c"
 Parameters:    Size  Location     Type
		None
 Auto vars:     Size  Location     Type
  i               2    1[COMRAM] int 
 Return value:  Size  Location     Type
                  1    wreg      void 
 Registers used:
		wreg, status,2, status,0
 Tracked objects:
		On entry : 
		On exit  : 
		Unchanged: 
 Data sizes:     COMRAM   BANK0   BANK1   BANK2   BANK3   BANK4   BANK5   BANK6   BANK7
      Params:         0       0       0       0       0       0       0       0       0
      Locals:         2       0       0       0       0       0       0       0       0
      Temps:          1       0       0       0       0       0       0       0       0
      Totals:         3       0       0       0       0       0       0       0       0
Total ram usage:        3 bytes
 Hardware stack levels used:    1
 This function calls:
		Nothing
 This function is called by:
		_Servos_90_90_Rapido
		_Servos_90_90_Lento
 This function uses a non-reentrant model


 *************** function _Servo_Uno_75 *****************
 Defined at:
		line 62 in file "Servo.c"
 Parameters:    Size  Location     Type
		None
 Auto vars:     Size  Location     Type
  i               2    1[COMRAM] int 
 Return value:  Size  Location     Type
                  1    wreg      void 
 Registers used:
		wreg, status,2, status,0
 Tracked objects:
		On entry : 
		On exit  : 
		Unchanged: 
 Data sizes:     COMRAM   BANK0   BANK1   BANK2   BANK3   BANK4   BANK5   BANK6   BANK7
      Params:         0       0       0       0       0       0       0       0       0
      Locals:         2       0       0       0       0       0       0       0       0
      Temps:          1       0       0       0       0       0       0       0       0
      Totals:         3       0       0       0       0       0       0       0       0
Total ram usage:        3 bytes
 Hardware stack levels used:    1
 This function calls:
		Nothing
 This function is called by:
		_Servos_90_90_Lento
 This function uses a non-reentrant model


 *************** function _Servo_Dos_90 *****************
 Defined at:
		line 190 in file "Servo.c"
 Parameters:    Size  Location     Type
		None
 Auto vars:     Size  Location     Type
  i               2    1[COMRAM] int 
 Return value:  Size  Location     Type
                  1    wreg      void 
 Registers used:
		wreg, status,2, status,0
 Tracked objects:
		On entry : 
		On exit  : 
		Unchanged: 
 Data sizes:     COMRAM   BANK0   BANK1   BANK2   BANK3   BANK4   BANK5   BANK6   BANK7
      Params:         0       0       0       0       0       0       0       0       0
      Locals:         2       0       0       0       0       0       0       0       0
      Temps:          1       0       0       0       0       0       0       0       0
      Totals:         3       0       0       0       0       0       0       0       0
Total ram usage:        3 bytes
 Hardware stack levels used:    1
 This function calls:
		Nothing
 This function is called by:
		_Servos_90_90_Rapido
		_Servos_90_90_Lento
 This function uses a non-reentrant model


 *************** function _Servo_Dos_75 *****************
 Defined at:
		line 181 in file "Servo.c"
 Parameters:    Size  Location     Type
		None
 Auto vars:     Size  Location     Type
  i               2    1[COMRAM] int 
 Return value:  Size  Location     Type
                  1    wreg      void 
 Registers used:
		wreg, status,2, status,0
 Tracked objects:
		On entry : 
		On exit  : 
		Unchanged: 
 Data sizes:     COMRAM   BANK0   BANK1   BANK2   BANK3   BANK4   BANK5   BANK6   BANK7
      Params:         0       0       0       0       0       0       0       0       0
      Locals:         2       0       0       0       0       0       0       0       0
      Temps:          1       0       0       0       0       0       0       0       0
      Totals:         3       0       0       0       0       0       0       0       0
Total ram usage:        3 bytes
 Hardware stack levels used:    1
 This function calls:
		Nothing
 This function is called by:
		_Servos_90_90_Lento
 This function uses a non-reentrant model


 *************** function _Servos_90_60_Lento *****************
 Defined at:
		line 180 in file "Confi.c"
 Parameters:    Size  Location     Type
		None
 Auto vars:     Size  Location     Type
		None
 Return value:  Size  Location     Type
                  1    wreg      void 
 Registers used:
		wreg, status,2, status,0, cstack
 Tracked objects:
		On entry : 
		On exit  : 
		Unchanged: 
 Data sizes:     COMRAM   BANK0   BANK1   BANK2   BANK3   BANK4   BANK5   BANK6   BANK7
      Params:         0       0       0       0       0       0       0       0       0
      Locals:         0       0       0       0       0       0       0       0       0
      Temps:          0       0       0       0       0       0       0       0       0
      Totals:         0       0       0       0       0       0       0       0       0
Total ram usage:        0 bytes
 Hardware stack levels used:    1
 Hardware stack levels required when called:    1
 This function calls:
		_Servo_Dos_0
		_Servo_Dos_15
		_Servo_Dos_30
		_Servo_Dos_45
		_Servo_Dos_60
		_Servo_Uno_0
		_Servo_Uno_15
		_Servo_Uno_30
		_Servo_Uno_45
		_Servo_Uno_60
 This function is called by:
		_main
 This function uses a non-reentrant model


 *************** function _Servo_Uno_60 *****************
 Defined at:
		line 53 in file "Servo.c"
 Parameters:    Size  Location     Type
		None
 Auto vars:     Size  Location     Type
  i               2    1[COMRAM] int 
 Return value:  Size  Location     Type
                  1    wreg      void 
 Registers used:
		wreg, status,2, status,0
 Tracked objects:
		On entry : 
		On exit  : 
		Unchanged: 
 Data sizes:     COMRAM   BANK0   BANK1   BANK2   BANK3   BANK4   BANK5   BANK6   BANK7
      Params:         0       0       0       0       0       0       0       0       0
      Locals:         2       0       0       0       0       0       0       0       0
      Temps:          1       0       0       0       0       0       0       0       0
      Totals:         3       0       0       0       0       0       0       0       0
Total ram usage:        3 bytes
 Hardware stack levels used:    1
 This function calls:
		Nothing
 This function is called by:
		_Servos_90_90_Rapido
		_Servos_90_60_Lento
		_Servos_90_90_Lento
		_Servos_90_60_Rapido
 This function uses a non-reentrant model


 *************** function _Servo_Uno_45 *****************
 Defined at:
		line 44 in file "Servo.c"
 Parameters:    Size  Location     Type
		None
 Auto vars:     Size  Location     Type
  i               2    1[COMRAM] int 
 Return value:  Size  Location     Type
                  1    wreg      void 
 Registers used:
		wreg, status,2, status,0
 Tracked objects:
		On entry : 
		On exit  : 
		Unchanged: 
 Data sizes:     COMRAM   BANK0   BANK1   BANK2   BANK3   BANK4   BANK5   BANK6   BANK7
      Params:         0       0       0       0       0       0       0       0       0
      Locals:         2       0       0       0       0       0       0       0       0
      Temps:          1       0       0       0       0       0       0       0       0
      Totals:         3       0       0       0       0       0       0       0       0
Total ram usage:        3 bytes
 Hardware stack levels used:    1
 This function calls:
		Nothing
 This function is called by:
		_Servos_90_60_Lento
		_Servos_90_90_Lento
 This function uses a non-reentrant model


 *************** function _Servo_Dos_60 *****************
 Defined at:
		line 172 in file "Servo.c"
 Parameters:    Size  Location     Type
		None
 Auto vars:     Size  Location     Type
  i               2    1[COMRAM] int 
 Return value:  Size  Location     Type
                  1    wreg      void 
 Registers used:
		wreg, status,2, status,0
 Tracked objects:
		On entry : 
		On exit  : 
		Unchanged: 
 Data sizes:     COMRAM   BANK0   BANK1   BANK2   BANK3   BANK4   BANK5   BANK6   BANK7
      Params:         0       0       0       0       0       0       0       0       0
      Locals:         2       0       0       0       0       0       0       0       0
      Temps:          1       0       0       0       0       0       0       0       0
      Totals:         3       0       0       0       0       0       0       0       0
Total ram usage:        3 bytes
 Hardware stack levels used:    1
 This function calls:
		Nothing
 This function is called by:
		_Servos_90_90_Rapido
		_Servos_90_60_Lento
		_Servos_90_90_Lento
		_Servos_90_60_Rapido
 This function uses a non-reentrant model


 *************** function _Servo_Dos_45 *****************
 Defined at:
		line 163 in file "Servo.c"
 Parameters:    Size  Location     Type
		None
 Auto vars:     Size  Location     Type
  i               2    1[COMRAM] int 
 Return value:  Size  Location     Type
                  1    wreg      void 
 Registers used:
		wreg, status,2, status,0
 Tracked objects:
		On entry : 
		On exit  : 
		Unchanged: 
 Data sizes:     COMRAM   BANK0   BANK1   BANK2   BANK3   BANK4   BANK5   BANK6   BANK7
      Params:         0       0       0       0       0       0       0       0       0
      Locals:         2       0       0       0       0       0       0       0       0
      Temps:          1       0       0       0       0       0       0       0       0
      Totals:         3       0       0       0       0       0       0       0       0
Total ram usage:        3 bytes
 Hardware stack levels used:    1
 This function calls:
		Nothing
 This function is called by:
		_Servos_90_60_Lento
		_Servos_90_90_Lento
 This function uses a non-reentrant model


 *************** function _Servos_90_30_Rapido *****************
 Defined at:
		line 148 in file "Confi.c"
 Parameters:    Size  Location     Type
		None
 Auto vars:     Size  Location     Type
		None
 Return value:  Size  Location     Type
                  1    wreg      void 
 Registers used:
		wreg, status,2, status,0, cstack
 Tracked objects:
		On entry : 
		On exit  : 
		Unchanged: 
 Data sizes:     COMRAM   BANK0   BANK1   BANK2   BANK3   BANK4   BANK5   BANK6   BANK7
      Params:         0       0       0       0       0       0       0       0       0
      Locals:         0       0       0       0       0       0       0       0       0
      Temps:          0       0       0       0       0       0       0       0       0
      Totals:         0       0       0       0       0       0       0       0       0
Total ram usage:        0 bytes
 Hardware stack levels used:    1
 Hardware stack levels required when called:    1
 This function calls:
		_Servo_Dos_0
		_Servo_Dos_30
		_Servo_Uno_0
		_Servo_Uno_30
 This function is called by:
		_main
 This function uses a non-reentrant model


 *************** function _Servos_90_30_Lento *****************
 Defined at:
		line 172 in file "Confi.c"
 Parameters:    Size  Location     Type
		None
 Auto vars:     Size  Location     Type
		None
 Return value:  Size  Location     Type
                  1    wreg      void 
 Registers used:
		wreg, status,2, status,0, cstack
 Tracked objects:
		On entry : 
		On exit  : 
		Unchanged: 
 Data sizes:     COMRAM   BANK0   BANK1   BANK2   BANK3   BANK4   BANK5   BANK6   BANK7
      Params:         0       0       0       0       0       0       0       0       0
      Locals:         0       0       0       0       0       0       0       0       0
      Temps:          0       0       0       0       0       0       0       0       0
      Totals:         0       0       0       0       0       0       0       0       0
Total ram usage:        0 bytes
 Hardware stack levels used:    1
 Hardware stack levels required when called:    1
 This function calls:
		_Servo_Dos_0
		_Servo_Dos_15
		_Servo_Dos_30
		_Servo_Uno_0
		_Servo_Uno_15
		_Servo_Uno_30
 This function is called by:
		_main
 This function uses a non-reentrant model


 *************** function _Servo_Uno_30 *****************
 Defined at:
		line 35 in file "Servo.c"
 Parameters:    Size  Location     Type
		None
 Auto vars:     Size  Location     Type
  i               2    1[COMRAM] int 
 Return value:  Size  Location     Type
                  1    wreg      void 
 Registers used:
		wreg, status,2, status,0
 Tracked objects:
		On entry : 
		On exit  : 
		Unchanged: 
 Data sizes:     COMRAM   BANK0   BANK1   BANK2   BANK3   BANK4   BANK5   BANK6   BANK7
      Params:         0       0       0       0       0       0       0       0       0
      Locals:         2       0       0       0       0       0       0       0       0
      Temps:          1       0       0       0       0       0       0       0       0
      Totals:         3       0       0       0       0       0       0       0       0
Total ram usage:        3 bytes
 Hardware stack levels used:    1
 This function calls:
		Nothing
 This function is called by:
		_Servos_90_30_Rapido
		_Servos_90_90_Rapido
		_Servos_90_30_Lento
		_Servos_90_60_Lento
		_Servos_90_90_Lento
		_Servos_90_60_Rapido
 This function uses a non-reentrant model


 *************** function _Servo_Uno_15 *****************
 Defined at:
		line 26 in file "Servo.c"
 Parameters:    Size  Location     Type
		None
 Auto vars:     Size  Location     Type
  i               2    1[COMRAM] int 
 Return value:  Size  Location     Type
                  1    wreg      void 
 Registers used:
		wreg, status,2, status,0
 Tracked objects:
		On entry : 
		On exit  : 
		Unchanged: 
 Data sizes:     COMRAM   BANK0   BANK1   BANK2   BANK3   BANK4   BANK5   BANK6   BANK7
      Params:         0       0       0       0       0       0       0       0       0
      Locals:         2       0       0       0       0       0       0       0       0
      Temps:          1       0       0       0       0       0       0       0       0
      Totals:         3       0       0       0       0       0       0       0       0
Total ram usage:        3 bytes
 Hardware stack levels used:    1
 This function calls:
		Nothing
 This function is called by:
		_Servos_90_30_Lento
		_Servos_90_60_Lento
		_Servos_90_90_Lento
 This function uses a non-reentrant model


 *************** function _Servo_Dos_30 *****************
 Defined at:
		line 154 in file "Servo.c"
 Parameters:    Size  Location     Type
		None
 Auto vars:     Size  Location     Type
  i               2    1[COMRAM] int 
 Return value:  Size  Location     Type
                  1    wreg      void 
 Registers used:
		wreg, status,2, status,0
 Tracked objects:
		On entry : 
		On exit  : 
		Unchanged: 
 Data sizes:     COMRAM   BANK0   BANK1   BANK2   BANK3   BANK4   BANK5   BANK6   BANK7
      Params:         0       0       0       0       0       0       0       0       0
      Locals:         2       0       0       0       0       0       0       0       0
      Temps:          1       0       0       0       0       0       0       0       0
      Totals:         3       0       0       0       0       0       0       0       0
Total ram usage:        3 bytes
 Hardware stack levels used:    1
 This function calls:
		Nothing
 This function is called by:
		_Servos_90_30_Rapido
		_Servos_90_90_Rapido
		_Servos_90_30_Lento
		_Servos_90_60_Lento
		_Servos_90_90_Lento
		_Servos_90_60_Rapido
 This function uses a non-reentrant model


 *************** function _Servo_Dos_15 *****************
 Defined at:
		line 145 in file "Servo.c"
 Parameters:    Size  Location     Type
		None
 Auto vars:     Size  Location     Type
  i               2    1[COMRAM] int 
 Return value:  Size  Location     Type
                  1    wreg      void 
 Registers used:
		wreg, status,2, status,0
 Tracked objects:
		On entry : 
		On exit  : 
		Unchanged: 
 Data sizes:     COMRAM   BANK0   BANK1   BANK2   BANK3   BANK4   BANK5   BANK6   BANK7
      Params:         0       0       0       0       0       0       0       0       0
      Locals:         2       0       0       0       0       0       0       0       0
      Temps:          1       0       0       0       0       0       0       0       0
      Totals:         3       0       0       0       0       0       0       0       0
Total ram usage:        3 bytes
 Hardware stack levels used:    1
 This function calls:
		Nothing
 This function is called by:
		_Servos_90_30_Lento
		_Servos_90_60_Lento
		_Servos_90_90_Lento
 This function uses a non-reentrant model


 *************** function _Servos_60_60_Rapido *****************
 Defined at:
		line 117 in file "Confi.c"
 Parameters:    Size  Location     Type
		None
 Auto vars:     Size  Location     Type
		None
 Return value:  Size  Location     Type
                  1    wreg      void 
 Registers used:
		wreg, status,2, status,0, cstack
 Tracked objects:
		On entry : 
		On exit  : 
		Unchanged: 
 Data sizes:     COMRAM   BANK0   BANK1   BANK2   BANK3   BANK4   BANK5   BANK6   BANK7
      Params:         0       0       0       0       0       0       0       0       0
      Locals:         0       0       0       0       0       0       0       0       0
      Temps:          0       0       0       0       0       0       0       0       0
      Totals:         0       0       0       0       0       0       0       0       0
Total ram usage:        0 bytes
 Hardware stack levels used:    1
 Hardware stack levels required when called:    1
 This function calls:
		_Servo_Cinco_0
		_Servo_Cinco_30
		_Servo_Cinco_60
		_Servo_Seis_0
		_Servo_Seis_30
		_Servo_Seis_60
 This function is called by:
		_main
 This function uses a non-reentrant model


 *************** function _Servos_60_60_Lento *****************
 Defined at:
		line 134 in file "Confi.c"
 Parameters:    Size  Location     Type
		None
 Auto vars:     Size  Location     Type
		None
 Return value:  Size  Location     Type
                  1    wreg      void 
 Registers used:
		wreg, status,2, status,0, cstack
 Tracked objects:
		On entry : 
		On exit  : 
		Unchanged: 
 Data sizes:     COMRAM   BANK0   BANK1   BANK2   BANK3   BANK4   BANK5   BANK6   BANK7
      Params:         0       0       0       0       0       0       0       0       0
      Locals:         0       0       0       0       0       0       0       0       0
      Temps:          0       0       0       0       0       0       0       0       0
      Totals:         0       0       0       0       0       0       0       0       0
Total ram usage:        0 bytes
 Hardware stack levels used:    1
 Hardware stack levels required when called:    1
 This function calls:
		_Servo_Cinco_0
		_Servo_Cinco_15
		_Servo_Cinco_30
		_Servo_Cinco_45
		_Servo_Cinco_60
		_Servo_Seis_0
		_Servo_Seis_15
		_Servo_Seis_30
		_Servo_Seis_45
		_Servo_Seis_60
 This function is called by:
		_main
 This function uses a non-reentrant model


 *************** function _Servo_Seis_60 *****************
 Defined at:
		line 648 in file "Servo.c"
 Parameters:    Size  Location     Type
		None
 Auto vars:     Size  Location     Type
  i               2    1[COMRAM] int 
 Return value:  Size  Location     Type
                  1    wreg      void 
 Registers used:
		wreg, status,2, status,0
 Tracked objects:
		On entry : 
		On exit  : 
		Unchanged: 
 Data sizes:     COMRAM   BANK0   BANK1   BANK2   BANK3   BANK4   BANK5   BANK6   BANK7
      Params:         0       0       0       0       0       0       0       0       0
      Locals:         2       0       0       0       0       0       0       0       0
      Temps:          1       0       0       0       0       0       0       0       0
      Totals:         3       0       0       0       0       0       0       0       0
Total ram usage:        3 bytes
 Hardware stack levels used:    1
 This function calls:
		Nothing
 This function is called by:
		_Servos_60_60_Rapido
		_Servos_60_60_Lento
 This function uses a non-reentrant model


 *************** function _Servo_Seis_45 *****************
 Defined at:
		line 639 in file "Servo.c"
 Parameters:    Size  Location     Type
		None
 Auto vars:     Size  Location     Type
  i               2    1[COMRAM] int 
 Return value:  Size  Location     Type
                  1    wreg      void 
 Registers used:
		wreg, status,2, status,0
 Tracked objects:
		On entry : 
		On exit  : 
		Unchanged: 
 Data sizes:     COMRAM   BANK0   BANK1   BANK2   BANK3   BANK4   BANK5   BANK6   BANK7
      Params:         0       0       0       0       0       0       0       0       0
      Locals:         2       0       0       0       0       0       0       0       0
      Temps:          1       0       0       0       0       0       0       0       0
[...]
  i               2    1[COMRAM] int 
 Return value:  Size  Location     Type
                  1    wreg      void 
 Registers used:
		wreg, status,2, status,0
 Tracked objects:
		On entry : 
		On exit  : 
		Unchanged: 
 Data sizes:     COMRAM   BANK0   BANK1   BANK2   BANK3   BANK4   BANK5   BANK6   BANK7
      Params:         0       0       0       0       0       0       0       0       0
      Locals:         2       0       0       0       0       0       0       0       0
      Temps:          1       0       0       0       0       0       0       0       0
      Totals:         3       0       0       0       0       0       0       0       0
Total ram usage:        3 bytes
 Hardware stack levels used:    1
 This function calls:
		Nothing
 This function is called by:
		_Servos_150_120
		_Servos_150_150
 This function uses a non-reentrant model


 *************** function _Servo_Cuatro_120 *****************
 Defined at:
		line 446 in file "Servo.c"
 Parameters:    Size  Location     Type
		None
 Auto vars:     Size  Location     Type
  i               2    1[COMRAM] int 
 Return value:  Size  Location     Type
                  1    wreg      void 
 Registers used:
		wreg, status,2, status,0
 Tracked objects:
		On entry : 
		On exit  : 
		Unchanged: 
 Data sizes:     COMRAM   BANK0   BANK1   BANK2   BANK3   BANK4   BANK5   BANK6   BANK7
      Params:         0       0       0       0       0       0       0       0       0
      Locals:         2       0       0       0       0       0       0       0       0
      Temps:          1       0       0       0       0       0       0       0       0
      Totals:         3       0       0       0       0       0       0       0       0
Total ram usage:        3 bytes
 Hardware stack levels used:    1
 This function calls:
		Nothing
 This function is called by:
		_Servos_150_60
		_Servos_150_90
		_Servos_150_120
		_Servos_150_150
 This function uses a non-reentrant model


 *************** function _Servo_Cuatro_105 *****************
 Defined at:
		line 437 in file "Servo.c"
 Parameters:    Size  Location     Type
		None
 Auto vars:     Size  Location     Type
  i               2    1[COMRAM] int 
 Return value:  Size  Location     Type
                  1    wreg      void 
 Registers used:
		wreg, status,2, status,0
 Tracked objects:
		On entry : 
		On exit  : 
		Unchanged: 
 Data sizes:     COMRAM   BANK0   BANK1   BANK2   BANK3   BANK4   BANK5   BANK6   BANK7
      Params:         0       0       0       0       0       0       0       0       0
      Locals:         2       0       0       0       0       0       0       0       0
      Temps:          1       0       0       0       0       0       0       0       0
      Totals:         3       0       0       0       0       0       0       0       0
Total ram usage:        3 bytes
 Hardware stack levels used:    1
 This function calls:
		Nothing
 This function is called by:
		_Servos_150_30
		_Servos_150_60
		_Servos_150_90
		_Servos_150_120
		_Servos_150_150
 This function uses a non-reentrant model


 *************** function _Rx *****************
 Defined at:
		line 53 in file "Usart.c"
 Parameters:    Size  Location     Type
		None
 Auto vars:     Size  Location     Type
		None
 Return value:  Size  Location     Type
                  1    wreg      unsigned char 
 Registers used:
		wreg, status,2
 Tracked objects:
		On entry : 
		On exit  : 
		Unchanged: 
 Data sizes:     COMRAM   BANK0   BANK1   BANK2   BANK3   BANK4   BANK5   BANK6   BANK7
      Params:         0       0       0       0       0       0       0       0       0
      Locals:         0       0       0       0       0       0       0       0       0
      Temps:          0       0       0       0       0       0       0       0       0
      Totals:         0       0       0       0       0       0       0       0       0
Total ram usage:        0 bytes
 Hardware stack levels used:    1
 This function calls:
		Nothing
 This function is called by:
		_main
 This function uses a non-reentrant model


 *************** function _Interrupciones_Usart *****************
 Defined at:
		line 30 in file "Usart.c"
 Parameters:    Size  Location     Type
  priority        1    wreg     unsigned char 
 Auto vars:     Size  Location     Type
  priority        1    1[COMRAM] unsigned char 
 Return value:  Size  Location     Type
                  1    wreg      void 
 Registers used:
		wreg, status,2, status,0
 Tracked objects:
		On entry : 
		On exit  : 
		Unchanged: 
 Data sizes:     COMRAM   BANK0   BANK1   BANK2   BANK3   BANK4   BANK5   BANK6   BANK7
      Params:         0       0       0       0       0       0       0       0       0
      Locals:         1       0       0       0       0       0       0       0       0
      Temps:          1       0       0       0       0       0       0       0       0
      Totals:         2       0       0       0       0       0       0       0       0
Total ram usage:        2 bytes
 Hardware stack levels used:    1
 This function calls:
		Nothing
 This function is called by:
		_main
 This function uses a non-reentrant model


 *************** function _Inicializacion *****************
 Defined at:
		line 8 in file "Confi.c"
 Parameters:    Size  Location     Type
		None
 Auto vars:     Size  Location     Type
		None
 Return value:  Size  Location     Type
                  1    wreg      void 
 Registers used:
		wreg, status,2, status,0, cstack
 Tracked objects:
		On entry : 
		On exit  : 
		Unchanged: 
 Data sizes:     COMRAM   BANK0   BANK1   BANK2   BANK3   BANK4   BANK5   BANK6   BANK7
      Params:         0       0       0       0       0       0       0       0       0
      Locals:         0       0       0       0       0       0       0       0       0
      Temps:          0       0       0       0       0       0       0       0       0
      Totals:         0       0       0       0       0       0       0       0       0
Total ram usage:        0 bytes
 Hardware stack levels used:    1
 Hardware stack levels required when called:    2
 This function calls:
		_Confi_Blue
		_Confi_Servo
		_Servo_Posicion_Inicial
 This function is called by:
		_main
 This function uses a non-reentrant model


 *************** function _Servo_Posicion_Inicial *****************
 Defined at:
		line 732 in file "Servo.c"
 Parameters:    Size  Location     Type
		None
 Auto vars:     Size  Location     Type
		None
 Return value:  Size  Location     Type
                  1    wreg      void 
 Registers used:
		wreg, status,2, status,0, cstack
 Tracked objects:
		On entry : 
		On exit  : 
		Unchanged: 
 Data sizes:     COMRAM   BANK0   BANK1   BANK2   BANK3   BANK4   BANK5   BANK6   BANK7
      Params:         0       0       0       0       0       0       0       0       0
      Locals:         0       0       0       0       0       0       0       0       0
      Temps:          0       0       0       0       0       0       0       0       0
      Totals:         0       0       0       0       0       0       0       0       0
Total ram usage:        0 bytes
 Hardware stack levels used:    1
 Hardware stack levels required when called:    1
 This function calls:
		_Servo_Cinco_0
		_Servo_Cuatro_75
		_Servo_Dos_0
		_Servo_Seis_0
		_Servo_Tres_75
		_Servo_Uno_0
 This function is called by:
		_Inicializacion
 This function uses a non-reentrant model


 *************** function _Servo_Uno_0 *****************
 Defined at:
		line 17 in file "Servo.c"
 Parameters:    Size  Location     Type
		None
 Auto vars:     Size  Location     Type
  i               2    1[COMRAM] int 
 Return value:  Size  Location     Type
                  1    wreg      void 
 Registers used:
		wreg, status,2, status,0
 Tracked objects:
		On entry : 
		On exit  : 
		Unchanged: 
 Data sizes:     COMRAM   BANK0   BANK1   BANK2   BANK3   BANK4   BANK5   BANK6   BANK7
      Params:         0       0       0       0       0       0       0       0       0
      Locals:         2       0       0       0       0       0       0       0       0
      Temps:          1       0       0       0       0       0       0       0       0
      Totals:         3       0       0       0       0       0       0       0       0
Total ram usage:        3 bytes
 Hardware stack levels used:    1
 This function calls:
		Nothing
 This function is called by:
		_Servos_90_30_Rapido
		_Servos_90_90_Rapido
		_Servos_90_30_Lento
		_Servos_90_60_Lento
		_Servos_90_90_Lento
		_Servo_Posicion_Inicial
		_Servos_90_60_Rapido
 This function uses a non-reentrant model


 *************** function _Servo_Tres_75 *****************
 Defined at:
		line 300 in file "Servo.c"
 Parameters:    Size  Location     Type
		None
 Auto vars:     Size  Location     Type
  i               2    1[COMRAM] int 
 Return value:  Size  Location     Type
                  1    wreg      void 
 Registers used:
		wreg, status,2, status,0
 Tracked objects:
		On entry : 
		On exit  : 
		Unchanged: 
 Data sizes:     COMRAM   BANK0   BANK1   BANK2   BANK3   BANK4   BANK5   BANK6   BANK7
      Params:         0       0       0       0       0       0       0       0       0
      Locals:         2       0       0       0       0       0       0       0       0
      Temps:          1       0       0       0       0       0       0       0       0
      Totals:         3       0       0       0       0       0       0       0       0
Total ram usage:        3 bytes
 Hardware stack levels used:    1
 This function calls:
		Nothing
 This function is called by:
		_Servos_150_30
		_Servos_150_60
		_Servos_150_90
		_Servos_150_120
		_Servos_150_150
		_Servo_Posicion_Inicial
 This function uses a non-reentrant model


 *************** function _Servo_Seis_0 *****************
 Defined at:
		line 612 in file "Servo.c"
 Parameters:    Size  Location     Type
		None
 Auto vars:     Size  Location     Type
  i               2    1[COMRAM] int 
 Return value:  Size  Location     Type
                  1    wreg      void 
 Registers used:
		wreg, status,2, status,0
 Tracked objects:
		On entry : 
		On exit  : 
		Unchanged: 
 Data sizes:     COMRAM   BANK0   BANK1   BANK2   BANK3   BANK4   BANK5   BANK6   BANK7
      Params:         0       0       0       0       0       0       0       0       0
      Locals:         2       0       0       0       0       0       0       0       0
      Temps:          1       0       0       0       0       0       0       0       0
      Totals:         3       0       0       0       0       0       0       0       0
Total ram usage:        3 bytes
 Hardware stack levels used:    1
 This function calls:
		Nothing
 This function is called by:
		_Servos_60_30_Rapido
		_Servos_60_60_Rapido
		_Servos_60_30_Lento
		_Servos_60_60_Lento
		_Servo_Posicion_Inicial
 This function uses a non-reentrant model


 *************** function _Servo_Dos_0 *****************
 Defined at:
		line 136 in file "Servo.c"
 Parameters:    Size  Location     Type
		None
 Auto vars:     Size  Location     Type
  i               2    1[COMRAM] int 
 Return value:  Size  Location     Type
                  1    wreg      void 
 Registers used:
		wreg, status,2, status,0
 Tracked objects:
		On entry : 
		On exit  : 
		Unchanged: 
 Data sizes:     COMRAM   BANK0   BANK1   BANK2   BANK3   BANK4   BANK5   BANK6   BANK7
      Params:         0       0       0       0       0       0       0       0       0
      Locals:         2       0       0       0       0       0       0       0       0
      Temps:          1       0       0       0       0       0       0       0       0
      Totals:         3       0       0       0       0       0       0       0       0
Total ram usage:        3 bytes
 Hardware stack levels used:    1
 This function calls:
		Nothing
 This function is called by:
		_Servos_90_30_Rapido
		_Servos_90_90_Rapido
		_Servos_90_30_Lento
		_Servos_90_60_Lento
		_Servos_90_90_Lento
		_Servo_Posicion_Inicial
		_Servos_90_60_Rapido
 This function uses a non-reentrant model


 *************** function _Servo_Cuatro_75 *****************
 Defined at:
		line 419 in file "Servo.c"
 Parameters:    Size  Location     Type
		None
 Auto vars:     Size  Location     Type
  i               2    1[COMRAM] int 
 Return value:  Size  Location     Type
                  1    wreg      void 
 Registers used:
		wreg, status,2, status,0
 Tracked objects:
		On entry : 
		On exit  : 
		Unchanged: 
 Data sizes:     COMRAM   BANK0   BANK1   BANK2   BANK3   BANK4   BANK5   BANK6   BANK7
      Params:         0       0       0       0       0       0       0       0       0
      Locals:         2       0       0       0       0       0       0       0       0
      Temps:          1       0       0       0       0       0       0       0       0
      Totals:         3       0       0       0       0       0       0       0       0
Total ram usage:        3 bytes
 Hardware stack levels used:    1
 This function calls:
		Nothing
 This function is called by:
		_Servos_150_30
		_Servos_150_60
		_Servos_150_90
		_Servos_150_120
		_Servos_150_150
		_Servo_Posicion_Inicial
 This function uses a non-reentrant model


 *************** function _Servo_Cinco_0 *****************
 Defined at:
		line 493 in file "Servo.c"
 Parameters:    Size  Location     Type
		None
 Auto vars:     Size  Location     Type
  i               2    1[COMRAM] int 
 Return value:  Size  Location     Type
                  1    wreg      void 
 Registers used:
		wreg, status,2, status,0
 Tracked objects:
		On entry : 
		On exit  : 
		Unchanged: 
 Data sizes:     COMRAM   BANK0   BANK1   BANK2   BANK3   BANK4   BANK5   BANK6   BANK7
      Params:         0       0       0       0       0       0       0       0       0
      Locals:         2       0       0       0       0       0       0       0       0
      Temps:          1       0       0       0       0       0       0       0       0
      Totals:         3       0       0       0       0       0       0       0       0
Total ram usage:        3 bytes
 Hardware stack levels used:    1
 This function calls:
		Nothing
 This function is called by:
		_Servos_60_30_Rapido
		_Servos_60_60_Rapido
		_Servos_60_30_Lento
		_Servos_60_60_Lento
		_Servo_Posicion_Inicial
 This function uses a non-reentrant model


 *************** function _Confi_Servo *****************
 Defined at:
		line 7 in file "Servo.c"
 Parameters:    Size  Location     Type
		None
 Auto vars:     Size  Location     Type
		None
 Return value:  Size  Location     Type
                  1    wreg      void 
 Registers used:
		None
 Tracked objects:
		On entry : 
		On exit  : 
		Unchanged: 
 Data sizes:     COMRAM   BANK0   BANK1   BANK2   BANK3   BANK4   BANK5   BANK6   BANK7
      Params:         0       0       0       0       0       0       0       0       0
      Locals:         0       0       0       0       0       0       0       0       0
      Temps:          0       0       0       0       0       0       0       0       0
      Totals:         0       0       0       0       0       0       0       0       0
Total ram usage:        0 bytes
 Hardware stack levels used:    1
 This function calls:
		Nothing
 This function is called by:
		_Inicializacion
 This function uses a non-reentrant model


 *************** function _Confi_Blue *****************
 Defined at:
		line 6 in file "Usart.c"
 Parameters:    Size  Location     Type
		None
 Auto vars:     Size  Location     Type
		None
 Return value:  Size  Location     Type
                  1    wreg      void 
 Registers used:
		wreg, status,2
 Tracked objects:
		On entry : 
		On exit  : 
		Unchanged: 
 Data sizes:     COMRAM   BANK0   BANK1   BANK2   BANK3   BANK4   BANK5   BANK6   BANK7
      Params:         0       0       0       0       0       0       0       0       0
      Locals:         0       0       0       0       0       0       0       0       0
      Temps:          0       0       0       0       0       0       0       0       0
      Totals:         0       0       0       0       0       0       0       0       0
Total ram usage:        0 bytes
 Hardware stack levels used:    1
 This function calls:
		Nothing
 This function is called by:
		_Inicializacion
 This function uses a non-reentrant model



MODULE INFORMATION

Module		Function		Class		Link	Load	Size
Servo.c
		_Servo_Seis_0  		CODE           	1A04	0000	73
		_Servo_Seis_30 		CODE           	17BA	0000	75
		_Servo_Seis_60 		CODE           	0FEA	0000	79
		_Servo_Seis_15 		CODE           	1562	0000	77
		_Servo_Seis_45 		CODE           	1038	0000	79
		_Servo_Cinco_0 		CODE           	1A94	0000	73
		_Servo_Cinco_30		CODE           	1804	0000	75
		_Servo_Cinco_60		CODE           	1086	0000	79
		_Servo_Cinco_15		CODE           	15AE	0000	77
		_Servo_Cinco_45		CODE           	10D4	0000	79
		_Servo_Cuatro_0		CODE           	1974	0000	73
		_Servo_Cuatro_30		CODE           	18E2	0000	75
		_Servo_Cuatro_60		CODE           	1392	0000	79
		_Servo_Cuatro_90		CODE           	1344	0000	79
		_Servo_Cuatro_15		CODE           	1646	0000	77
		_Servo_Cuatro_45		CODE           	13E0	0000	79
		_Servo_Cuatro_75		CODE           	0DC6	0000	81
		_Servo_Uno_0   		CODE           	19BC	0000	73
		_Servo_Uno_30  		CODE           	16DC	0000	75
		_Servo_Uno_60  		CODE           	0EB2	0000	79
		_Servo_Uno_90  		CODE           	0E16	0000	79
		_Servo_Uno_15  		CODE           	14CA	0000	77
		_Servo_Uno_45  		CODE           	0F00	0000	79
		_Servo_Uno_75  		CODE           	0C36	0000	81
		_Servo_Posicion_Inicial		CODE           	1BF8	0000	27
		_Confi_Servo   		CODE           	1C68	0000	15
		_Servo_Cuatro_120		CODE           	147C	0000	79
		_Servo_Cuatro_150		CODE           	1170	0000	79
		_Servo_Cuatro_105		CODE           	0D26	0000	81
		_Servo_Cuatro_135		CODE           	142E	0000	79
		_Servo_Dos_0   		CODE           	1A4C	0000	73
		_Servo_Dos_30  		CODE           	1726	0000	75
		_Servo_Dos_60  		CODE           	0F4E	0000	79
		_Servo_Dos_90  		CODE           	0E64	0000	79
		_Servo_Dos_15  		CODE           	1516	0000	77
		_Servo_Dos_45  		CODE           	0F9C	0000	79
		_Servo_Dos_75  		CODE           	0C86	0000	81
		_Servo_Tres_0  		CODE           	192C	0000	73
		_Servo_Tres_30 		CODE           	1898	0000	75
		_Servo_Tres_60 		CODE           	120C	0000	79
		_Servo_Tres_90 		CODE           	11BE	0000	79
		_Servo_Tres_15 		CODE           	15FA	0000	77
		_Servo_Tres_45 		CODE           	125A	0000	79
		_Servo_Tres_75 		CODE           	0D76	0000	81
		_Servo_Tres_120		CODE           	12F6	0000	79
		_Servo_Tres_150		CODE           	1122	0000	79
		_Servo_Tres_105		CODE           	0CD6	0000	81
		_Servo_Tres_135		CODE           	12A8	0000	79

Servo.c estimated size: 3616

Confi.c
		_Servos_150_30 		CODE           	184E	0000	75
		_Servos_150_60 		CODE           	0B6E	0000	107
		_Servos_150_90 		CODE           	0B04	0000	107
		_Inicializacion		CODE           	1C2C	0000	25
		_Servos_60_30_Rapido		CODE           	1BDE	0000	27
		_Servos_90_30_Rapido		CODE           	1BC4	0000	27
		_Servos_60_60_Rapido		CODE           	1B72	0000	43
		_Servos_90_90_Rapido		CODE           	1ADC	0000	59
		_Servos_150_120		CODE           	0A10	0000	139
		_Servos_150_150		CODE           	0966	0000	171
		_Servos_60_30_Lento		CODE           	1B16	0000	51
		_Servos_90_30_Lento		CODE           	1B48	0000	43
		_Servos_60_60_Lento		CODE           	1770	0000	75
		_Servos_90_60_Lento		CODE           	1692	0000	75
		_Servos_90_90_Lento		CODE           	0A9A	0000	107

Confi.c estimated size: 1131

Usart.c
		_Interrupciones_Usart		CODE           	1B9C	0000	41
		_UART0_Tx_String		CODE           	0BD8	0000	95
		_Rx            		CODE           	1C76	0000	5
		_Tx_str        		CODE           	1C44	0000	23
		_Confi_Blue    		CODE           	1C12	0000	27

Usart.c estimated size: 191

Principal.c
		_main          		CODE           	0820	0000	327

Principal.c estimated size: 327

shared
		__initialization		CODE           	1C5A	0000	5

shared estimated size: 5

