Microchip MPLAB XC8 Compiler V2.00 ()

Linker command line:

-W-3 --edf=C:\Program Files (x86)\Microchip\xc8\v2.00\pic\dat\en_msgs.txt \
  -cs -h+dist/default/production\Pruebas2.X.production.sym \
  --cmf=dist/default/production\Pruebas2.X.production.cmf -z -Q18F4550 \
  -oC:\Users\EDWIN\AppData\Local\Temp\s3f4.2 --defsym=__MPLAB_BUILD=1 \
  -Mdist/default/production/Pruebas2.X.production.map -E1 -ver=XC8 \
  --acfsm=1493 -ASTACK=0100h-07ffh -pstack=STACK -ACODE=00h-07FFFh \
  -ACONST=00h-07FFFh -ASMALLCONST=0800h-08FFhx120 \
  -AMEDIUMCONST=0800h-07FFFh -ACOMRAM=01h-05Fh -AABS1=00h-07FFh \
  -ABIGRAM=01h-07FFh -ARAM=060h-0FFh,0100h-01FFhx7 -ABANK0=060h-0FFh \
  -ABANK1=0100h-01FFh -ABANK2=0200h-02FFh -ABANK3=0300h-03FFh \
  -ABANK4=0400h-04FFh -ABANK5=0500h-05FFh -ABANK6=0600h-06FFh \
  -ABANK7=0700h-07FFh -ASFR=0F60h-0FFFh \
  -preset_vec=00h,intcode=08h,intcodelo=018h,powerup,init -pramtop=0800h \
  -psmallconst=SMALLCONST -pmediumconst=MEDIUMCONST -pconst=CONST \
  -AFARRAM=00h-00h -ACONFIG=0300000h-030000Dh -pconfig=CONFIG \
  -AIDLOC=0200000h-0200007h -pidloc=IDLOC -AEEDATA=0F00000h-0F000FFh \
  -peeprom_data=EEDATA \
  -prdata=COMRAM,nvrram=COMRAM,nvbit=COMRAM,rbss=COMRAM,rbit=COMRAM \
  -pfarbss=FARRAM,fardata=FARRAM,nvFARRAM=FARRAM \
  -pintsave_regs=BIGRAM,bigbss=BIGRAM,bigdata=BIGRAM -pbss=RAM \
  -pidata=CODE,irdata=CODE,ibigdata=CODE,ifardata=CODE -prparam=COMRAM \
  C:\Users\EDWIN\AppData\Local\Temp\s3f4.o \
  dist/default/production\Pruebas2.X.production.o 

Object code version is 3.11

Machine type is 18F4550

Call graph: (short form)




                Name                               Link     Load   Length Selector   Space Scale
C:\Users\EDWIN\AppData\Local\Temp\s3f4.o
                init                                 4E       4E        4        C       0
                reset_vec                             0        0        4        0       0
                idloc                            200000   200000        8   200000       0
                config                           300000   300000        E   300000       0
dist/default/production\Pruebas2.X.production.o
                intcodelo                            18       18       36        C       0
                intcode                               8        8        6        4       0
                temp                                 35       35        1        1       1
                smallconst                          800      800       36      400       0
                text13                              FBE      FBE        C      41B       0
                intcode_body                        E64      E64       42      41B       0
                text10                              F88      F88       1E      41B       0
                text9                               F44      F44       26      41B       0
                text8                               EE4      EE4       32      41B       0
                text7                               F16      F16       2E      41B       0
                text6                               FA6      FA6       18      41B       0
                text5                               F6A      F6A       1E      41B       0
                text4                               DFE      DFE       66      41B       0
                text3                               BB6      BB6      134      41B       0
                text2                               CEA      CEA      114      41B       0
                text1                               A7A      A7A      13C      41B       0
                text0                               836      836      244      41B       0
                cstackCOMRAM                          1        1       2A        1       1
                bssBANK0                             60       60       A0       60       1
                dataCOMRAM                           33       33        2        1       1
                bssCOMRAM                            2B       2B        8        1       1
                cinit                               EA6      EA6       3E      41B       0
                idataCOMRAM                         FCA      FCA        2      41B       0

TOTAL           Name                               Link     Load   Length     Space
        CLASS   STACK          

        CLASS   CODE           
                intcodelo                            18       18       36         0
                intcode                               8        8        6         0
                init                                 4E       4E        4         0
                reset_vec                             0        0        4         0
                text13                              FBE      FBE        C         0
                intcode_body                        E64      E64       42         0
                text10                              F88      F88       1E         0
                text9                               F44      F44       26         0
                text8                               EE4      EE4       32         0
                text7                               F16      F16       2E         0
                text6                               FA6      FA6       18         0
                text5                               F6A      F6A       1E         0
                text4                               DFE      DFE       66         0
                text3                               BB6      BB6      134         0
                text2                               CEA      CEA      114         0
                text1                               A7A      A7A      13C         0
                text0                               836      836      244         0
                cinit                               EA6      EA6       3E         0
                idataCOMRAM                         FCA      FCA        2         0

        CLASS   CONST          

        CLASS   SMALLCONST     
                smallconst                          800      800       36         0

        CLASS   MEDIUMCONST    

        CLASS   COMRAM         
                temp                                 35       35        1         1
                cstackCOMRAM                          1        1       2A         1
                dataCOMRAM                           33       33        2         1
                bssCOMRAM                            2B       2B        8         1

        CLASS   ABS1           

        CLASS   BIGRAM         

        CLASS   RAM            

        CLASS   BANK0          
                bssBANK0                             60       60       A0         1

        CLASS   BANK1          

        CLASS   BANK2          

        CLASS   BANK3          

        CLASS   BANK4          

        CLASS   BANK5          

        CLASS   BANK6          

        CLASS   BANK7          

        CLASS   SFR            

        CLASS   FARRAM         

        CLASS   CONFIG         
                config                           300000   300000        E         0

        CLASS   IDLOC          
                idloc                            200000   200000        8         0

        CLASS   EEDATA         



SEGMENTS        Name                           Load    Length   Top    Selector   Space  Class

                reset_vec                      000000  000004  000004         0       0  CODE    
                cstackCOMRAM                   000001  000035  000036         1       1  COMRAM  
                intcode                        000008  000006  00000E         4       0  CODE    
                intcodelo                      000018  00003A  000052         C       0  CODE    
                bssBANK0                       000060  0000A0  000100        60       1  BANK0   
                smallconst                     000800  000036  000836       400       0  SMALLCON
                text0                          000836  000796  000FCC       41B       0  CODE    
                idloc                          200000  000008  200008    200000       0  IDLOC   
                config                         300000  00000E  30000E    300000       0  CONFIG  


UNUSED ADDRESS RANGES

        Name                Unused          Largest block    Delta
        BANK1            000100-0001FF              100
        BANK2            000200-0002FF              100
        BANK3            000300-0003FF              100
        BANK4            000400-0004FF              100
        BANK5            000500-0005FF              100
        BANK6            000600-0006FF              100
        BANK7            000700-0007FF              100
        BIGRAM           000036-00005F               2A
                         000100-0007FF              700
        CODE             000004-000007                4
                         00000E-000017                A
                         000052-0007FF              7AE
                         000FCC-007FFF             7034
        COMRAM           000036-00005F               2A
        CONST            000004-000007                4
                         00000E-000017                A
                         000052-0007FF              7AE
                         000FCC-007FFF             7034
        EEDATA           F00000-F000FF              100
        MEDIUMCONST      000FCC-007FFF             7034
        RAM              000100-0007FF              100
        SFR              000F60-000FFF               A0
        SMALLCONST       000FCC-007FFF              100
        STACK            000100-0007FF              700

                                  Symbol Table

?_LecturaADC                     cstackCOMRAM 000004
?___aldiv                        cstackCOMRAM 000004
?___almod                        cstackCOMRAM 000004
Detecta_Cambio@jordiii           cstackCOMRAM 000004
Detecta_Cambio@salida            cstackCOMRAM 000006
Tx_str@data                      cstackCOMRAM 000004
UART0_Tx_Integer@digito          cstackCOMRAM 000023
UART0_Tx_Integer@indice          cstackCOMRAM 000028
UART0_Tx_Integer@num             cstackCOMRAM 000012
UART0_Tx_Integer@signo           cstackCOMRAM 000027
UART0_Tx_Integer@signo_y_digitos cstackCOMRAM 000017
UART0_Tx_String@str              cstackCOMRAM 000005
_ADCON0bits                      (abs)        000FC2
_ADCON1bits                      (abs)        000FC1
_ADCON2bits                      (abs)        000FC0
_ADRESH                          (abs)        000FC4
_ADRESL                          (abs)        000FC3
_Adc                             intcodelo    000018
_BAUDCONbits                     (abs)        000FB8
_Bandera_de_Lectura              bssCOMRAM    000032
_Confi_Blue                      text10       000F88
_Confi_TMR0                      text9        000F44
_ConfigADC                       text8        000EE4
_Curva                           bssBANK0     000060
_Detecta_Cambio                  text7        000F16
_INTCONbits                      (abs)        000FF2
_IPR1bits                        (abs)        000F9F
_LecturaADC                      text6        000FA6
_PIE1bits                        (abs)        000F9D
_PIR1bits                        (abs)        000F9E
_RCONbits                        (abs)        000FD0
_RCREG                           (abs)        000FAE
_RCSTAbits                       (abs)        000FAB
_SPBRG                           (abs)        000FAF
_SPBRGH                          (abs)        000FB0
_T0CONbits                       (abs)        000FD5
_T1CONbits                       (abs)        000FCD
_TMR0H                           (abs)        000FD7
_TMR0L                           (abs)        000FD6
_TMR0_Reset                      text13       000FBE
_TMR1H                           (abs)        000FCF
_TMR1L                           (abs)        000FCE
_TRISAbits                       (abs)        000F92
_TRISCbits                       (abs)        000F94
_TXREG                           (abs)        000FAD
_TXSTAbits                       (abs)        000FAC
_Timer                           intcode      000008
_Tx_str                          text5        000F6A
_UART0_Tx_Integer                text1        000A7A
_UART0_Tx_String                 text4        000DFE
__CFG_BOR$OFF                    (abs)        000000
__CFG_BORV$3                     (abs)        000000
__CFG_CCP2MX$ON                  (abs)        000000
__CFG_CP0$OFF                    (abs)        000000
__CFG_CP1$OFF                    (abs)        000000
__CFG_CP2$OFF                    (abs)        000000
__CFG_CP3$OFF                    (abs)        000000
__CFG_CPB$OFF                    (abs)        000000
__CFG_CPD$OFF                    (abs)        000000
__CFG_CPUDIV$OSC1_PLL2           (abs)        000000
__CFG_EBTR0$OFF                  (abs)        000000
__CFG_EBTR1$OFF                  (abs)        000000
__CFG_EBTR2$OFF                  (abs)        000000
__CFG_EBTR3$OFF                  (abs)        000000
__CFG_EBTRB$OFF                  (abs)        000000
__CFG_FCMEN$OFF                  (abs)        000000
__CFG_FOSC$HS                    (abs)        000000
__CFG_ICPRT$OFF                  (abs)        000000
__CFG_IESO$OFF                   (abs)        000000
__CFG_LPT1OSC$OFF                (abs)        000000
__CFG_LVP$OFF                    (abs)        000000
__CFG_MCLRE$ON                   (abs)        000000
__CFG_PBADEN$OFF                 (abs)        000000
__CFG_PLLDIV$5                   (abs)        000000
__CFG_PWRT$OFF                   (abs)        000000
__CFG_STVREN$ON                  (abs)        000000
__CFG_USBDIV$1                   (abs)        000000
__CFG_VREGEN$OFF                 (abs)        000000
__CFG_WDT$OFF                    (abs)        000000
__CFG_WDTPS$32768                (abs)        000000
__CFG_WRT0$OFF                   (abs)        000000
__CFG_WRT1$OFF                   (abs)        000000
__CFG_WRT2$OFF                   (abs)        000000
__CFG_WRT3$OFF                   (abs)        000000
__CFG_WRTB$OFF                   (abs)        000000
__CFG_WRTC$OFF                   (abs)        000000
__CFG_WRTD$OFF                   (abs)        000000
__CFG_XINST$OFF                  (abs)        000000
__HRAM                           (abs)        000000
__Habs1                          abs1         000000
__Hbank0                         bank0        000000
__Hbank1                         bank1        000000
__Hbank2                         bank2        000000
__Hbank3                         bank3        000000
__Hbank4                         bank4        000000
__Hbank5                         bank5        000000
__Hbank6                         bank6        000000
__Hbank7                         bank7        000000
__Hbigbss                        bigbss       000000
__Hbigdata                       bigdata      000000
__Hbigram                        bigram       000000
__Hbss                           bss          000000
__HbssBANK0                      bssBANK0     000000
__HbssCOMRAM                     bssCOMRAM    000000
__Hcinit                         cinit        000000
__Hclrtext                       clrtext      000000
__Hcomram                        comram       000000
__Hconfig                        config       30000E
__Hconst                         const        000000
__HcstackCOMRAM                  cstackCOMRAM 000000
__Hdata                          data         000000
__HdataCOMRAM                    dataCOMRAM   000000
__Heeprom_data                   eeprom_data  000000
__Hfarbss                        farbss       000000
__Hfardata                       fardata      000000
__Hibigdata                      ibigdata     000000
__Hidata                         idata        000000
__HidataCOMRAM                   idataCOMRAM  000000
__Hidloc                         idloc        200008
__Hifardata                      ifardata     000000
__Hinit                          init         000052
__Hintcode                       intcode      00000E
__Hintcode_body                  intcode_body 000000
__Hintcodelo                     intcodelo    00004E
__Hintentry                      intentry     000000
__Hintret                        intret       000000
__Hintsave_regs                  intsave_regs 000000
__Hirdata                        irdata       000000
__Hmediumconst                   mediumconst  000000
__HnvFARRAM                      nvFARRAM     000000
__Hnvbit                         nvbit        000000
__Hnvrram                        nvrram       000000
__Hparam                         rparam       000000
__Hpowerup                       powerup      00004E
__Hram                           ram          000000
__Hramtop                        ramtop       000800
__Hrbit                          rbit         000000
__Hrbss                          rbss         000000
__Hrdata                         rdata        000000
__Hreset_vec                     reset_vec    000004
__Hrparam                        rparam       000000
__Hsfr                           sfr          000000
__Hsmallconst                    smallconst   000836
__Hspace_0                       (abs)        30000E
__Hspace_1                       (abs)        000100
__Hspace_2                       (abs)        000000
__Hstack                         stack        000000
__Hstruct                        struct       000000
__Htemp                          temp         000036
__Htext                          text         000000
__Htext0                         text0        000000
__Htext1                         text1        000000
__Htext10                        text10       000000
__Htext13                        text13       000000
__Htext2                         text2        000000
__Htext3                         text3        000000
__Htext4                         text4        000000
__Htext5                         text5        000000
__Htext6                         text6        000000
__Htext7                         text7        000000
__Htext8                         text8        000000
__Htext9                         text9        000000
__LRAM                           (abs)        000001
__Labs1                          abs1         000000
__Lbank0                         bank0        000000
__Lbank1                         bank1        000000
__Lbank2                         bank2        000000
__Lbank3                         bank3        000000
__Lbank4                         bank4        000000
__Lbank5                         bank5        000000
__Lbank6                         bank6        000000
__Lbank7                         bank7        000000
__Lbigbss                        bigbss       000000
__Lbigdata                       bigdata      000000
__Lbigram                        bigram       000000
__Lbss                           bss          000000
__LbssBANK0                      bssBANK0     000000
__LbssCOMRAM                     bssCOMRAM    000000
__Lcinit                         cinit        000000
__Lclrtext                       clrtext      000000
__Lcomram                        comram       000000
__Lconfig                        config       300000
__Lconst                         const        000000
__LcstackCOMRAM                  cstackCOMRAM 000000
__Ldata                          data         000000
__LdataCOMRAM                    dataCOMRAM   000000
__Leeprom_data                   eeprom_data  000000
__Lfarbss                        farbss       000000
__Lfardata                       fardata      000000
__Libigdata                      ibigdata     000000
__Lidata                         idata        000000
__LidataCOMRAM                   idataCOMRAM  000000
__Lidloc                         idloc        200000
__Lifardata                      ifardata     000000
__Linit                          init         00004E
__Lintcode                       intcode      000008
__Lintcode_body                  intcode_body 000000
__Lintcodelo                     intcodelo    000018
__Lintentry                      intentry     000000
__Lintret                        intret       000000
__Lintsave_regs                  intsave_regs 000000
__Lirdata                        irdata       000000
__Lmediumconst                   mediumconst  000000
__LnvFARRAM                      nvFARRAM     000000
__Lnvbit                         nvbit        000000
__Lnvrram                        nvrram       000000
__Lparam                         rparam       000000
__Lpowerup                       powerup      00004E
__Lram                           ram          000000
__Lramtop                        ramtop       000800
__Lrbit                          rbit         000000
__Lrbss                          rbss         000000
__Lrdata                         rdata        000000
__Lreset_vec                     reset_vec    000000
__Lrparam                        rparam       000000
__Lsfr                           sfr          000000
__Lsmallconst                    smallconst   000800
__Lspace_0                       (abs)        000000
__Lspace_1                       (abs)        000000
__Lspace_2                       (abs)        000000
__Lstack                         stack        000000
__Lstruct                        struct       000000
__Ltemp                          temp         000035
__Ltext                          text         000000
__Ltext0                         text0        000000
__Ltext1                         text1        000000
__Ltext10                        text10       000000
__Ltext13                        text13       000000
__Ltext2                         text2        000000
__Ltext3                         text3        000000
__Ltext4                         text4        000000
__Ltext5                         text5        000000
__Ltext6                         text6        000000
__Ltext7                         text7        000000
__Ltext8                         text8        000000
__Ltext9                         text9        000000
__S0                             (abs)        30000E
__S1                             (abs)        000100
__S2                             (abs)        000000
___aldiv                         text3        000BB6
___aldiv@counter                 cstackCOMRAM 00000C
___aldiv@dividend                cstackCOMRAM 000004
___aldiv@divisor                 cstackCOMRAM 000008
___aldiv@quotient                cstackCOMRAM 00000E
___aldiv@sign                    cstackCOMRAM 00000D
___almod                         text2        000CEA
___almod@counter                 cstackCOMRAM 00000C
___almod@dividend                cstackCOMRAM 000004
___almod@divisor                 cstackCOMRAM 000008
___almod@sign                    cstackCOMRAM 00000D
___inthi_sp                      stack        000000
___intlo_sp                      stack        000000
___param_bank                    (abs)        000000
___rparam_used                   (abs)        000001
___sp                            stack        000000
__accesstop                      (abs)        000060
__activetblptr                   (abs)        000002
__end_of_Adc                     intcodelo    00004E
__end_of_Confi_Blue              text10       000FA6
__end_of_Confi_TMR0              text9        000F6A
__end_of_ConfigADC               text8        000F16
__end_of_Detecta_Cambio          text7        000F44
__end_of_LecturaADC              text6        000FBE
__end_of_TMR0_Reset              text13       000FCA
__end_of_Timer                   intcode_body 000EA6
__end_of_Tx_str                  text5        000F88
__end_of_UART0_Tx_Integer        text1        000BB6
__end_of_UART0_Tx_String         text4        000E64
__end_of___aldiv                 text3        000CEA
__end_of___almod                 text2        000DFE
__end_of__initialization         cinit        000ED6
__end_of_main                    text0        000A7A
__initialization                 cinit        000EA6
__mediumconst                    mediumconst  000000
__pbssBANK0                      bssBANK0     000060
__pbssCOMRAM                     bssCOMRAM    00002B
__pcinit                         cinit        000EA6
__pcstackCOMRAM                  cstackCOMRAM 000001
__pdataCOMRAM                    dataCOMRAM   000033
__pidataCOMRAM                   idataCOMRAM  000FCA
__pintcode                       intcode      000008
__pintcode_body                  intcode_body 000E64
__pintcodelo                     intcodelo    000018
__psmallconst                    smallconst   000800
__ptext0                         text0        000836
__ptext1                         text1        000A7A
__ptext10                        text10       000F88
__ptext13                        text13       000FBE
__ptext2                         text2        000CEA
__ptext3                         text3        000BB6
__ptext4                         text4        000DFE
__ptext5                         text5        000F6A
__ptext6                         text6        000FA6
__ptext7                         text7        000F16
__ptext8                         text8        000EE4
__ptext9                         text9        000F44
__ramtop                         ramtop       000800
__size_of_Adc                    (abs)        000000
__size_of_Confi_Blue             (abs)        000000
__size_of_Confi_TMR0             (abs)        000000
__size_of_ConfigADC              (abs)        000000
__size_of_Detecta_Cambio         (abs)        000000
__size_of_LecturaADC             (abs)        000000
__size_of_TMR0_Reset             (abs)        000000
__size_of_Timer                  (abs)        000000
__size_of_Tx_str                 (abs)        000000
__size_of_UART0_Tx_Integer       (abs)        000000
__size_of_UART0_Tx_String        (abs)        000000
__size_of___aldiv                (abs)        000000
__size_of___almod                (abs)        000000
__size_of_main                   (abs)        000000
__smallconst                     smallconst   000800
_caida                           bssCOMRAM    000031
_conta_100us                     bssCOMRAM    00002D
_i                               bssCOMRAM    00002B
_main                            text0        000836
_min                             dataCOMRAM   000033
_valor_adc                       bssCOMRAM    00002F
btemp                            temp         000035
end_of_initialization            cinit        000ED6
int$flags                        temp         000035
int_func                         intcode_body 000E64
intlevel0                        text         000000
intlevel1                        text         000000
intlevel2                        text         000000
intlevel3                        text         000000
stackhi                          (abs)        0007FF
stacklo                          (abs)        000100
start                            init         00004E
start_initialization             cinit        000EA6
ttemp5                           temp         000036
ttemp6                           temp         000039
ttemp7                           temp         00003D
wtemp8                           temp         000036


FUNCTION INFORMATION:

 *************** function _main *****************
 Defined at:
		line 50 in file "main.c"
 Parameters:    Size  Location     Type
		None
 Auto vars:     Size  Location     Type
		None
 Return value:  Size  Location     Type
                  1    wreg      void 
 Registers used:
		wreg, fsr0l, fsr0h, fsr2l, fsr2h, status,2, status,0, tblptrl, tblptrh, tblptru, prodl, prodh, cstack
 Tracked objects:
		On entry : 
		On exit  : 
		Unchanged: 
 Data sizes:     COMRAM   BANK0   BANK1   BANK2   BANK3   BANK4   BANK5   BANK6   BANK7
      Params:         0       0       0       0       0       0       0       0       0
      Locals:         0       0       0       0       0       0       0       0       0
      Temps:          2       0       0       0       0       0       0       0       0
      Totals:         2       0       0       0       0       0       0       0       0
Total ram usage:        2 bytes
 Hardware stack levels required when called:    6
 This function calls:
		_Confi_Blue
		_Confi_TMR0
		_ConfigADC
		_Detecta_Cambio
		_LecturaADC
		_Tx_str
		_UART0_Tx_Integer
		_UART0_Tx_String
 This function is called by:
		Startup code after reset
 This function uses a non-reentrant model


 *************** function _UART0_Tx_Integer *****************
 Defined at:
		line 53 in file "BLUE.c"
 Parameters:    Size  Location     Type
  num             4   17[COMRAM] long 
 Auto vars:     Size  Location     Type
  signo_y_digi   12   22[COMRAM] unsigned char [12]
  digito          4   34[COMRAM] long 
  indice          1   39[COMRAM] char 
  signo           1   38[COMRAM] unsigned char 
 Return value:  Size  Location     Type
                  1    wreg      void 
 Registers used:
		wreg, fsr0l, fsr0h, fsr2l, fsr2h, status,2, status,0, tblptrl, tblptrh, tblptru, prodl, prodh, cstack
 Tracked objects:
		On entry : 
		On exit  : 
		Unchanged: 
 Data sizes:     COMRAM   BANK0   BANK1   BANK2   BANK3   BANK4   BANK5   BANK6   BANK7
      Params:         4       0       0       0       0       0       0       0       0
      Locals:        18       0       0       0       0       0       0       0       0
      Temps:          1       0       0       0       0       0       0       0       0
      Totals:        23       0       0       0       0       0       0       0       0
Total ram usage:       23 bytes
 Hardware stack levels used:    1
 Hardware stack levels required when called:    5
 This function calls:
		_UART0_Tx_String
		___aldiv
		___almod
 This function is called by:
		_main
 This function uses a non-reentrant model


 *************** function ___almod *****************
 Defined at:
		line 7 in file "C:\Program Files (x86)\Microchip\xc8\v2.00\pic\sources\c99\common\almod.c"
 Parameters:    Size  Location     Type
  dividend        4    3[COMRAM] long 
  divisor         4    7[COMRAM] long 
 Auto vars:     Size  Location     Type
  sign            1   12[COMRAM] unsigned char 
  counter         1   11[COMRAM] unsigned char 
 Return value:  Size  Location     Type
                  4    3[COMRAM] long 
 Registers used:
		wreg, status,2, status,0
 Tracked objects:
		On entry : 
		On exit  : 
		Unchanged: 
 Data sizes:     COMRAM   BANK0   BANK1   BANK2   BANK3   BANK4   BANK5   BANK6   BANK7
      Params:         8       0       0       0       0       0       0       0       0
      Locals:         2       0       0       0       0       0       0       0       0
      Temps:          0       0       0       0       0       0       0       0       0
      Totals:        10       0       0       0       0       0       0       0       0
Total ram usage:       10 bytes
 Hardware stack levels used:    1
 Hardware stack levels required when called:    3
 This function calls:
		Nothing
 This function is called by:
		_UART0_Tx_Integer
 This function uses a non-reentrant model


 *************** function ___aldiv *****************
 Defined at:
		line 7 in file "C:\Program Files (x86)\Microchip\xc8\v2.00\pic\sources\c99\common\aldiv.c"
 Parameters:    Size  Location     Type
  dividend        4    3[COMRAM] long 
  divisor         4    7[COMRAM] long 
 Auto vars:     Size  Location     Type
  quotient        4   13[COMRAM] long 
  sign            1   12[COMRAM] unsigned char 
  counter         1   11[COMRAM] unsigned char 
 Return value:  Size  Location     Type
                  4    3[COMRAM] long 
 Registers used:
		wreg, status,2, status,0
 Tracked objects:
		On entry : 
		On exit  : 
		Unchanged: 
 Data sizes:     COMRAM   BANK0   BANK1   BANK2   BANK3   BANK4   BANK5   BANK6   BANK7
      Params:         8       0       0       0       0       0       0       0       0
      Locals:         6       0       0       0       0       0       0       0       0
      Temps:          0       0       0       0       0       0       0       0       0
      Totals:        14       0       0       0       0       0       0       0       0
Total ram usage:       14 bytes
 Hardware stack levels used:    1
 Hardware stack levels required when called:    3
 This function calls:
		Nothing
 This function is called by:
		_UART0_Tx_Integer
 This function uses a non-reentrant model


 *************** function _UART0_Tx_String *****************
 Defined at:
		line 41 in file "BLUE.c"
 Parameters:    Size  Location     Type
  str             2    4[COMRAM] PTR unsigned char 
		 -> STR_3(6), STR_2(4), STR_1(42), UART0_Tx_Integer@signo_y_digitos(12), 
 Auto vars:     Size  Location     Type
		None
 Return value:  Size  Location     Type
                  1    wreg      void 
 Registers used:
		wreg, fsr0l, fsr0h, status,2, status,0, tblptrl, tblptrh, tblptru, cstack
 Tracked objects:
		On entry : 
		On exit  : 
		Unchanged: 
 Data sizes:     COMRAM   BANK0   BANK1   BANK2   BANK3   BANK4   BANK5   BANK6   BANK7
      Params:         2       0       0       0       0       0       0       0       0
      Locals:         0       0       0       0       0       0       0       0       0
      Temps:          0       0       0       0       0       0       0       0       0
      Totals:         2       0       0       0       0       0       0       0       0
Total ram usage:        2 bytes
 Hardware stack levels used:    1
 Hardware stack levels required when called:    4
 This function calls:
		_Tx_str
 This function is called by:
		_UART0_Tx_Integer
		_main
 This function uses a non-reentrant model


 *************** function _Tx_str *****************
 Defined at:
		line 28 in file "BLUE.c"
 Parameters:    Size  Location     Type
  data            1    wreg     unsigned char 
 Auto vars:     Size  Location     Type
  data            1    3[COMRAM] unsigned char 
 Return value:  Size  Location     Type
                  1    wreg      void 
 Registers used:
		wreg
 Tracked objects:
		On entry : 
		On exit  : 
		Unchanged: 
 Data sizes:     COMRAM   BANK0   BANK1   BANK2   BANK3   BANK4   BANK5   BANK6   BANK7
      Params:         0       0       0       0       0       0       0       0       0
      Locals:         1       0       0       0       0       0       0       0       0
      Temps:          0       0       0       0       0       0       0       0       0
      Totals:         1       0       0       0       0       0       0       0       0
Total ram usage:        1 bytes
 Hardware stack levels used:    1
 Hardware stack levels required when called:    3
 This function calls:
		Nothing
 This function is called by:
		_UART0_Tx_String
		_main
 This function uses a non-reentrant model


 *************** function _LecturaADC *****************
 Defined at:
		line 41 in file "Adc.c"
 Parameters:    Size  Location     Type
		None
 Auto vars:     Size  Location     Type
		None
 Return value:  Size  Location     Type
                  2    3[COMRAM] unsigned short 
 Registers used:
		wreg, status,2, status,0
 Tracked objects:
		On entry : 
		On exit  : 
		Unchanged: 
 Data sizes:     COMRAM   BANK0   BANK1   BANK2   BANK3   BANK4   BANK5   BANK6   BANK7
      Params:         2       0       0       0       0       0       0       0       0
      Locals:         0       0       0       0       0       0       0       0       0
      Temps:          2       0       0       0       0       0       0       0       0
      Totals:         4       0       0       0       0       0       0       0       0
Total ram usage:        4 bytes
 Hardware stack levels used:    1
 Hardware stack levels required when called:    3
 This function calls:
		Nothing
 This function is called by:
		_main
 This function uses a non-reentrant model


 *************** function _Detecta_Cambio *****************
 Defined at:
		line 91 in file "main.c"
 Parameters:    Size  Location     Type
  jordiii         2    3[COMRAM] unsigned short 
 Auto vars:     Size  Location     Type
  salida          1    5[COMRAM] unsigned char 
 Return value:  Size  Location     Type
                  1    wreg      unsigned char 
 Registers used:
		wreg, status,2, status,0
 Tracked objects:
		On entry : 
		On exit  : 
		Unchanged: 
 Data sizes:     COMRAM   BANK0   BANK1   BANK2   BANK3   BANK4   BANK5   BANK6   BANK7
      Params:         2       0       0       0       0       0       0       0       0
      Locals:         1       0       0       0       0       0       0       0       0
      Temps:          0       0       0       0       0       0       0       0       0
      Totals:         3       0       0       0       0       0       0       0       0
Total ram usage:        3 bytes
 Hardware stack levels used:    1
 Hardware stack levels required when called:    3
 This function calls:
		Nothing
 This function is called by:
		_main
 This function uses a non-reentrant model


 *************** function _ConfigADC *****************
 Defined at:
		line 15 in file "Adc.c"
 Parameters:    Size  Location     Type
		None
 Auto vars:     Size  Location     Type
		None
 Return value:  Size  Location     Type
                  1    wreg      void 
 Registers used:
		wreg, status,2
 Tracked objects:
		On entry : 
		On exit  : 
		Unchanged: 
 Data sizes:     COMRAM   BANK0   BANK1   BANK2   BANK3   BANK4   BANK5   BANK6   BANK7
      Params:         0       0       0       0       0       0       0       0       0
      Locals:         0       0       0       0       0       0       0       0       0
      Temps:          0       0       0       0       0       0       0       0       0
      Totals:         0       0       0       0       0       0       0       0       0
Total ram usage:        0 bytes
 Hardware stack levels used:    1
 Hardware stack levels required when called:    3
 This function calls:
		Nothing
 This function is called by:
		_main
 This function uses a non-reentrant model


 *************** function _Confi_TMR0 *****************
 Defined at:
		line 8 in file "Laser1.c"
 Parameters:    Size  Location     Type
		None
 Auto vars:     Size  Location     Type
		None
 Return value:  Size  Location     Type
                  1    wreg      void 
 Registers used:
		wreg, status,2
 Tracked objects:
		On entry : 
		On exit  : 
		Unchanged: 
 Data sizes:     COMRAM   BANK0   BANK1   BANK2   BANK3   BANK4   BANK5   BANK6   BANK7
      Params:         0       0       0       0       0       0       0       0       0
      Locals:         0       0       0       0       0       0       0       0       0
      Temps:          0       0       0       0       0       0       0       0       0
      Totals:         0       0       0       0       0       0       0       0       0
Total ram usage:        0 bytes
 Hardware stack levels used:    1
 Hardware stack levels required when called:    3
 This function calls:
		Nothing
 This function is called by:
		_main
 This function uses a non-reentrant model


 *************** function _Confi_Blue *****************
 Defined at:
		line 5 in file "BLUE.c"
 Parameters:    Size  Location     Type
		None
 Auto vars:     Size  Location     Type
		None
 Return value:  Size  Location     Type
                  1    wreg      void 
 Registers used:
		wreg, status,2
 Tracked objects:
		On entry : 
		On exit  : 
		Unchanged: 
 Data sizes:     COMRAM   BANK0   BANK1   BANK2   BANK3   BANK4   BANK5   BANK6   BANK7
      Params:         0       0       0       0       0       0       0       0       0
      Locals:         0       0       0       0       0       0       0       0       0
      Temps:          0       0       0       0       0       0       0       0       0
      Totals:         0       0       0       0       0       0       0       0       0
Total ram usage:        0 bytes
 Hardware stack levels used:    1
 Hardware stack levels required when called:    3
 This function calls:
		Nothing
 This function is called by:
		_main
 This function uses a non-reentrant model


 *************** function _Adc *****************
 Defined at:
		line 113 in file "main.c"
 Parameters:    Size  Location     Type
		None
 Auto vars:     Size  Location     Type
		None
 Return value:  Size  Location     Type
                  1    wreg      void 
 Registers used:
		wreg, status,2
 Tracked objects:
		On entry : 
		On exit  : 
		Unchanged: 
 Data sizes:     COMRAM   BANK0   BANK1   BANK2   BANK3   BANK4   BANK5   BANK6   BANK7
      Params:         0       0       0       0       0       0       0       0       0
      Locals:         0       0       0       0       0       0       0       0       0
      Temps:          3       0       0       0       0       0       0       0       0
      Totals:         3       0       0       0       0       0       0       0       0
Total ram usage:        3 bytes
 Hardware stack levels used:    1
 Hardware stack levels required when called:    2
 This function calls:
		Nothing
 This function is called by:
		Interrupt level 1
 This function uses a non-reentrant model


 *************** function _Timer *****************
 Defined at:
		line 101 in file "main.c"
 Parameters:    Size  Location     Type
		None
 Auto vars:     Size  Location     Type
		None
 Return value:  Size  Location     Type
                  1    wreg      void 
 Registers used:
		wreg, status,2, status,0, cstack
 Tracked objects:
		On entry : 
		On exit  : 
		Unchanged: 
 Data sizes:     COMRAM   BANK0   BANK1   BANK2   BANK3   BANK4   BANK5   BANK6   BANK7
      Params:         0       0       0       0       0       0       0       0       0
      Locals:         0       0       0       0       0       0       0       0       0
      Temps:          0       0       0       0       0       0       0       0       0
      Totals:         0       0       0       0       0       0       0       0       0
Total ram usage:        0 bytes
 Hardware stack levels used:    1
 Hardware stack levels required when called:    1
 This function calls:
		_TMR0_Reset
 This function is called by:
		Interrupt level 2
 This function uses a non-reentrant model


 *************** function _TMR0_Reset *****************
 Defined at:
		line 47 in file "Laser1.c"
 Parameters:    Size  Location     Type
		None
 Auto vars:     Size  Location     Type
		None
 Return value:  Size  Location     Type
                  1    wreg      void 
 Registers used:
		wreg, status,2
 Tracked objects:
		On entry : 
		On exit  : 
		Unchanged: 
 Data sizes:     COMRAM   BANK0   BANK1   BANK2   BANK3   BANK4   BANK5   BANK6   BANK7
      Params:         0       0       0       0       0       0       0       0       0
      Locals:         0       0       0       0       0       0       0       0       0
      Temps:          0       0       0       0       0       0       0       0       0
      Totals:         0       0       0       0       0       0       0       0       0
Total ram usage:        0 bytes
 Hardware stack levels used:    1
 This function calls:
		Nothing
 This function is called by:
		_Timer
 This function uses a non-reentrant model



MODULE INFORMATION

Module		Function		Class		Link	Load	Size
BLUE.c
		_UART0_Tx_Integer		CODE           	0A7A	0000	317
		_UART0_Tx_String		CODE           	0DFE	0000	103
		_Tx_str        		CODE           	0F6A	0000	31
		_Confi_Blue    		CODE           	0F88	0000	31

BLUE.c estimated size: 482

Laser1.c
		_Confi_TMR0    		CODE           	0F44	0000	39
		_TMR0_Reset    		CODE           	0FBE	0000	13

Laser1.c estimated size: 52

C:\Program Files (x86)\Microchip\xc8\v2.00\pic\sources\c99\common\almod.c
		___almod       		CODE           	0CEA	0000	277

C:\Program Files (x86)\Microchip\xc8\v2.00\pic\sources\c99\common\almod.c estimated size: 277

Adc.c
		_LecturaADC    		CODE           	0FA6	0000	25
		_ConfigADC     		CODE           	0EE4	0000	51

Adc.c estimated size: 76

shared
		__initialization		CODE           	0EA6	0000	49

shared estimated size: 49

C:\Program Files (x86)\Microchip\xc8\v2.00\pic\sources\c99\common\aldiv.c
		___aldiv       		CODE           	0BB6	0000	309

C:\Program Files (x86)\Microchip\xc8\v2.00\pic\sources\c99\common\aldiv.c estimated size: 309

main.c
		_Adc           		CODE           	0018	0000	55
		_Timer         		CODE           	0008	0000	73
		_main          		CODE           	0836	0000	581
		_Detecta_Cambio		CODE           	0F16	0000	47

main.c estimated size: 756

