Microchip MPLAB XC8 Compiler V2.10 ()

Linker command line:

-W-3 --edf=C:\Program Files (x86)\Microchip\xc8\v2.10\pic\dat\en_msgs.txt \
  -cs -h+dist/default/production\Carga_Descarga.X.production.sym \
  --cmf=dist/default/production\Carga_Descarga.X.production.cmf -z \
  -Q18F4550 -oC:\Users\maxed\AppData\Local\Temp\s9v8.2 \
  --defsym=__MPLAB_BUILD=1 \
  -Mdist/default/production/Carga_Descarga.X.production.map -E1 -ver=XC8 \
  --acfsm=1493 -ASTACK=060h-07FFh -pstack=STACK -ACODE=00h-07FFFh \
  -ACONST=00h-07FFFh -ASMALLCONST=0800h-08FFhx120 \
  -AMEDIUMCONST=0800h-07FFFh -ACOMRAM=01h-05Fh -AABS1=00h-07FFh \
  -ABIGRAM=01h-07FFh -ARAM=060h-0FFh,0100h-01FFhx7 -ABANK0=060h-0FFh \
  -ABANK1=0100h-01FFh -ABANK2=0200h-02FFh -ABANK3=0300h-03FFh \
  -ABANK4=0400h-04FFh -ABANK5=0500h-05FFh -ABANK6=0600h-06FFh \
  -ABANK7=0700h-07FFh -ASFR=0F60h-0FFFh \
  -preset_vec=00h,intcode,intcodelo,powerup,init -pramtop=0800h \
  -psmallconst=SMALLCONST -pmediumconst=MEDIUMCONST -pconst=CONST \
  -AFARRAM=00h-00h -ACONFIG=0300000h-030000Dh -pconfig=CONFIG \
  -AIDLOC=0200000h-0200007h -pidloc=IDLOC -AEEDATA=0F00000h-0F000FFh \
  -peeprom_data=EEDATA \
  -prdata=COMRAM,nvrram=COMRAM,nvbit=COMRAM,rbss=COMRAM,rbit=COMRAM \
  -pfarbss=FARRAM,fardata=FARRAM,nvFARRAM=FARRAM \
  -pintsave_regs=BIGRAM,bigbss=BIGRAM,bigdata=BIGRAM -pbss=RAM \
  -pidata=CODE,irdata=CODE,ibigdata=CODE,ifardata=CODE -prparam=COMRAM \
  C:\Users\maxed\AppData\Local\Temp\s9v8.o \
  dist/default/production\Carga_Descarga.X.production.o 

Object code version is 3.11

Machine type is 18F4550

Call graph: (short form)




                Name                               Link     Load   Length Selector   Space Scale
C:\Users\maxed\AppData\Local\Temp\s9v8.o
                init                                  0        0        4        0       0
                idloc                            200000   200000        8   200000       0
                config                           300000   300000        E   300000       0
dist/default/production\Carga_Descarga.X.production.o
                smallconst                          800      800        A      400       0
                text9                               9CC      9CC       1A      405       0
                text8                               9A4      9A4       28      405       0
                text7                               97A      97A       2A      405       0
                text6                               9FC      9FC       14      405       0
                text5                               946      946       34      405       0
                text4                               A22      A22        4      405       0
                text3                               A1A      A1A        8      405       0
                text2                               9E6      9E6       16      405       0
                text1                               8B2      8B2       5E      405       0
                text0                               80A      80A       A8      405       0
                cstackCOMRAM                         19       19        7        1       1
                dataCOMRAM                            F        F        A        1       1
                bssCOMRAM                             1        1        E        1       1
                cinit                               910      910       36      405       0
                idataCOMRAM                         A10      A10        A      405       0

TOTAL           Name                               Link     Load   Length     Space
        CLASS   STACK          

        CLASS   CODE           
                init                                  0        0        4         0
                text9                               9CC      9CC       1A         0
                text8                               9A4      9A4       28         0
                text7                               97A      97A       2A         0
                text6                               9FC      9FC       14         0
                text5                               946      946       34         0
                text4                               A22      A22        4         0
                text3                               A1A      A1A        8         0
                text2                               9E6      9E6       16         0
                text1                               8B2      8B2       5E         0
                text0                               80A      80A       A8         0
                cinit                               910      910       36         0
                idataCOMRAM                         A10      A10        A         0

        CLASS   CONST          

        CLASS   SMALLCONST     
                smallconst                          800      800        A         0

        CLASS   MEDIUMCONST    

        CLASS   COMRAM         
                cstackCOMRAM                         19       19        7         1
                dataCOMRAM                            F        F        A         1
                bssCOMRAM                             1        1        E         1

        CLASS   ABS1           

        CLASS   BIGRAM         

        CLASS   RAM            

        CLASS   BANK0          

        CLASS   BANK1          

        CLASS   BANK2          

        CLASS   BANK3          

        CLASS   BANK4          

        CLASS   BANK5          

        CLASS   BANK6          

        CLASS   BANK7          

        CLASS   SFR            

        CLASS   FARRAM         

        CLASS   CONFIG         
                config                           300000   300000        E         0

        CLASS   IDLOC          
                idloc                            200000   200000        8         0

        CLASS   EEDATA         



SEGMENTS        Name                           Load    Length   Top    Selector   Space  Class

                reset_vec                      000000  000004  000004         0       0  CODE    
                bssCOMRAM                      000001  00001F  000020         1       1  COMRAM  
                smallconst                     000800  00000A  00080A       400       0  SMALLCON
                text0                          00080A  00021C  000A26       405       0  CODE    
                idloc                          200000  000008  200008    200000       0  IDLOC   
                config                         300000  00000E  30000E    300000       0  CONFIG  


UNUSED ADDRESS RANGES

        Name                Unused          Largest block    Delta
        BANK0            000060-0000FF               A0
        BANK1            000100-0001FF              100
        BANK2            000200-0002FF              100
        BANK3            000300-0003FF              100
        BANK4            000400-0004FF              100
        BANK5            000500-0005FF              100
        BANK6            000600-0006FF              100
        BANK7            000700-0007FF              100
        BIGRAM           000020-0007FF              7E0
        CODE             000004-0007FF              7FC
                         000A26-007FFF             75DA
        COMRAM           000020-00005F               40
        CONST            000004-0007FF              7FC
                         000A26-007FFF             75DA
        EEDATA           F00000-F000FF              100
        MEDIUMCONST      000A26-007FFF             75DA
        RAM              000060-0007FF              100
        SFR              000F60-000FFF               A0
        SMALLCONST       000A26-007FFF              100
        STACK            000060-0007FF              7A0

                                  Symbol Table

Tx_num@dita               cstackCOMRAM 000019
Tx_str@data               cstackCOMRAM 000019
UART0_Tx_String@str       cstackCOMRAM 00001A
_A                        dataCOMRAM   00000F
_ADCON0bits               (abs)        000FC2
_ADCON1bits               (abs)        000FC1
_ADCON2bits               (abs)        000FC0
_ADRESH                   (abs)        000FC4
_ADRESL                   (abs)        000FC3
_BAUDCONbits              (abs)        000FB8
_Bandera_1s               bssCOMRAM    00000E
_Confi_Blue               text9        0009CC
_Confi_TMR0               text8        0009A4
_ConfigADC                text7        00097A
_EEADR                    (abs)        000FA9
_EECON1                   (abs)        000FA6
_EECON1bits               (abs)        000FA6
_EECON2                   (abs)        000FA7
_EEDATA                   (abs)        000FA8
_INTCON2bits              (abs)        000FF1
_INTCONbits               (abs)        000FF2
_IPR1bits                 (abs)        000F9F
_Inicializacion           text6        0009FC
_Led_Twinkle              text5        000946
_OSCCONbits               (abs)        000FD3
_PIE1bits                 (abs)        000F9D
_PIR1bits                 (abs)        000F9E
_PORTDbits                (abs)        000F83
_RCONbits                 (abs)        000FD0
_RCREG                    (abs)        000FAE
_RCSTAbits                (abs)        000FAB
_Rx                       text4        000A22
_SPBRG                    (abs)        000FAF
_T0CONbits                (abs)        000FD5
_T1CONbits                (abs)        000FCD
_TMR0H                    (abs)        000FD7
_TMR0L                    (abs)        000FD6
_TMR1H                    (abs)        000FCF
_TMR1L                    (abs)        000FCE
_TRISAbits                (abs)        000F92
_TRISCbits                (abs)        000F94
_TRISDbits                (abs)        000F95
_TXREG                    (abs)        000FAD
_TXSTAbits                (abs)        000FAC
_Tx_num                   text3        000A1A
_Tx_str                   text2        0009E6
_UART0_Tx_String          text1        0008B2
_V                        bssCOMRAM    000001
_Valor_battery            bssCOMRAM    000005
__CFG_BOR$OFF             (abs)        000000
__CFG_BORV$3              (abs)        000000
__CFG_CCP2MX$ON           (abs)        000000
__CFG_CP0$OFF             (abs)        000000
__CFG_CP1$OFF             (abs)        000000
__CFG_CP2$OFF             (abs)        000000
__CFG_CP3$OFF             (abs)        000000
__CFG_CPB$OFF             (abs)        000000
__CFG_CPD$OFF             (abs)        000000
__CFG_CPUDIV$OSC1_PLL2    (abs)        000000
__CFG_EBTR0$OFF           (abs)        000000
__CFG_EBTR1$OFF           (abs)        000000
__CFG_EBTR2$OFF           (abs)        000000
__CFG_EBTR3$OFF           (abs)        000000
__CFG_EBTRB$OFF           (abs)        000000
__CFG_FCMEN$OFF           (abs)        000000
__CFG_FOSC$INTOSC_EC      (abs)        000000
__CFG_ICPRT$OFF           (abs)        000000
__CFG_IESO$OFF            (abs)        000000
__CFG_LPT1OSC$OFF         (abs)        000000
__CFG_LVP$OFF             (abs)        000000
__CFG_MCLRE$ON            (abs)        000000
__CFG_PBADEN$OFF          (abs)        000000
__CFG_PLLDIV$1            (abs)        000000
__CFG_PWRT$OFF            (abs)        000000
__CFG_STVREN$ON           (abs)        000000
__CFG_USBDIV$1            (abs)        000000
__CFG_VREGEN$OFF          (abs)        000000
__CFG_WDT$OFF             (abs)        000000
__CFG_WDTPS$32768         (abs)        000000
__CFG_WRT0$OFF            (abs)        000000
__CFG_WRT1$OFF            (abs)        000000
__CFG_WRT2$OFF            (abs)        000000
__CFG_WRT3$OFF            (abs)        000000
__CFG_WRTB$OFF            (abs)        000000
__CFG_WRTC$OFF            (abs)        000000
__CFG_WRTD$OFF            (abs)        000000
__CFG_XINST$OFF           (abs)        000000
__HRAM                    (abs)        000000
__Habs1                   abs1         000000
__Hbank0                  bank0        000000
__Hbank1                  bank1        000000
__Hbank2                  bank2        000000
__Hbank3                  bank3        000000
__Hbank4                  bank4        000000
__Hbank5                  bank5        000000
__Hbank6                  bank6        000000
__Hbank7                  bank7        000000
__Hbigbss                 bigbss       000000
__Hbigdata                bigdata      000000
__Hbigram                 bigram       000000
__Hbss                    bss          000000
__HbssCOMRAM              bssCOMRAM    000000
__Hcinit                  cinit        000000
__Hclrtext                clrtext      000000
__Hcomram                 comram       000000
__Hconfig                 config       30000E
__Hconst                  const        000000
__HcstackCOMRAM           cstackCOMRAM 000000
__Hdata                   data         000000
__HdataCOMRAM             dataCOMRAM   000000
__Heeprom_data            eeprom_data  000000
__Hfarbss                 farbss       000000
__Hfardata                fardata      000000
__Hibigdata               ibigdata     000000
__Hidata                  idata        000000
__HidataCOMRAM            idataCOMRAM  000000
__Hidloc                  idloc        200008
__Hifardata               ifardata     000000
__Hinit                   init         000004
__Hintcode                intcode      000000
__Hintcode_body           intcode_body 000000
__Hintcodelo              intcodelo    000000
__Hintentry               intentry     000000
__Hintret                 intret       000000
__Hintsave_regs           intsave_regs 000000
__Hirdata                 irdata       000000
__Hmediumconst            mediumconst  000000
__HnvFARRAM               nvFARRAM     000000
__Hnvbit                  nvbit        000000
__Hnvrram                 nvrram       000000
__Hparam                  rparam       000000
__Hpowerup                powerup      000000
__Hram                    ram          000000
__Hramtop                 ramtop       000800
__Hrbit                   rbit         000000
__Hrbss                   rbss         000000
__Hrdata                  rdata        000000
__Hreset_vec              reset_vec    000000
__Hrparam                 rparam       000000
__Hsfr                    sfr          000000
__Hsmallconst             smallconst   00080A
__Hspace_0                (abs)        30000E
__Hspace_1                (abs)        000020
__Hspace_2                (abs)        000000
__Hstack                  stack        000000
__Hstruct                 struct       000000
__Htemp                   temp         000000
__Htext                   text         000000
__Htext0                  text0        000000
__Htext1                  text1        000000
__Htext2                  text2        000000
__Htext3                  text3        000000
__Htext4                  text4        000000
__Htext5                  text5        000000
__Htext6                  text6        000000
__Htext7                  text7        000000
__Htext8                  text8        000000
__Htext9                  text9        000000
__LRAM                    (abs)        000001
__Labs1                   abs1         000000
__Lbank0                  bank0        000000
__Lbank1                  bank1        000000
__Lbank2                  bank2        000000
__Lbank3                  bank3        000000
__Lbank4                  bank4        000000
__Lbank5                  bank5        000000
__Lbank6                  bank6        000000
__Lbank7                  bank7        000000
__Lbigbss                 bigbss       000000
__Lbigdata                bigdata      000000
__Lbigram                 bigram       000000
__Lbss                    bss          000000
__LbssCOMRAM              bssCOMRAM    000000
__Lcinit                  cinit        000000
__Lclrtext                clrtext      000000
__Lcomram                 comram       000000
__Lconfig                 config       300000
__Lconst                  const        000000
__LcstackCOMRAM           cstackCOMRAM 000000
__Ldata                   data         000000
__LdataCOMRAM             dataCOMRAM   000000
__Leeprom_data            eeprom_data  000000
__Lfarbss                 farbss       000000
__Lfardata                fardata      000000
__Libigdata               ibigdata     000000
__Lidata                  idata        000000
__LidataCOMRAM            idataCOMRAM  000000
__Lidloc                  idloc        200000
__Lifardata               ifardata     000000
__Linit                   init         000000
__Lintcode                intcode      000000
__Lintcode_body           intcode_body 000000
__Lintcodelo              intcodelo    000000
__Lintentry               intentry     000000
__Lintret                 intret       000000
__Lintsave_regs           intsave_regs 000000
__Lirdata                 irdata       000000
__Lmediumconst            mediumconst  000000
__LnvFARRAM               nvFARRAM     000000
__Lnvbit                  nvbit        000000
__Lnvrram                 nvrram       000000
__Lparam                  rparam       000000
__Lpowerup                powerup      000000
__Lram                    ram          000000
__Lramtop                 ramtop       000800
__Lrbit                   rbit         000000
__Lrbss                   rbss         000000
__Lrdata                  rdata        000000
__Lreset_vec              reset_vec    000000
__Lrparam                 rparam       000000
__Lsfr                    sfr          000000
__Lsmallconst             smallconst   000800
__Lspace_0                (abs)        000000
__Lspace_1                (abs)        000000
__Lspace_2                (abs)        000000
__Lstack                  stack        000000
__Lstruct                 struct       000000
__Ltemp                   temp         000000
__Ltext                   text         000000
__Ltext0                  text0        000000
__Ltext1                  text1        000000
__Ltext2                  text2        000000
__Ltext3                  text3        000000
__Ltext4                  text4        000000
__Ltext5                  text5        000000
__Ltext6                  text6        000000
__Ltext7                  text7        000000
__Ltext8                  text8        000000
__Ltext9                  text9        000000
__S0                      (abs)        30000E
__S1                      (abs)        000020
__S2                      (abs)        000000
___inthi_sp               stack        000000
___intlo_sp               stack        000000
___param_bank             (abs)        000000
___rparam_used            (abs)        000001
___sp                     stack        000000
__accesstop               (abs)        000060
__activetblptr            (abs)        000002
__end_of_Confi_Blue       text9        0009E6
__end_of_Confi_TMR0       text8        0009CC
__end_of_ConfigADC        text7        0009A4
__end_of_Inicializacion   text6        000A10
__end_of_Led_Twinkle      text5        00097A
__end_of_Rx               text4        000A26
__end_of_Tx_num           text3        000A22
__end_of_Tx_str           text2        0009FC
__end_of_UART0_Tx_String  text1        000910
__end_of__initialization  cinit        00093C
__end_of_main             text0        0008B2
__initialization          cinit        000910
__mediumconst             mediumconst  000000
__pbssCOMRAM              bssCOMRAM    000001
__pcinit                  cinit        000910
__pcstackCOMRAM           cstackCOMRAM 000019
__pdataCOMRAM             dataCOMRAM   00000F
__pidataCOMRAM            idataCOMRAM  000A10
__psmallconst             smallconst   000800
__ptext0                  text0        00080A
__ptext1                  text1        0008B2
__ptext2                  text2        0009E6
__ptext3                  text3        000A1A
__ptext4                  text4        000A22
__ptext5                  text5        000946
__ptext6                  text6        0009FC
__ptext7                  text7        00097A
__ptext8                  text8        0009A4
__ptext9                  text9        0009CC
__ramtop                  ramtop       000800
__size_of_Confi_Blue      (abs)        000000
__size_of_Confi_TMR0      (abs)        000000
__size_of_ConfigADC       (abs)        000000
__size_of_Inicializacion  (abs)        000000
__size_of_Led_Twinkle     (abs)        000000
__size_of_Rx              (abs)        000000
__size_of_Tx_num          (abs)        000000
__size_of_Tx_str          (abs)        000000
__size_of_UART0_Tx_String (abs)        000000
__size_of_main            (abs)        000000
__smallconst              smallconst   000800
_abc0                     bssCOMRAM    00000B
_conta_3h                 bssCOMRAM    00000C
_conta_60                 bssCOMRAM    00000D
_j                        bssCOMRAM    000009
_main                     text0        00080A
end_of_initialization     cinit        00093C
intlevel0                 text         000000
intlevel1                 text         000000
intlevel2                 text         000000
intlevel3                 text         000000
main@i                    cstackCOMRAM 00001E
stackhi                   (abs)        0007FF
stacklo                   (abs)        000060
start                     init         000000
start_initialization      cinit        000910


FUNCTION INFORMATION:

 *************** function _main *****************
 Defined at:
		line 24 in file "Principal.c"
 Parameters:    Size  Location     Type
		None
 Auto vars:     Size  Location     Type
  i               2    5[COMRAM] int 
 Return value:  Size  Location     Type
                  1    wreg      void 
 Registers used:
		wreg, fsr0l, fsr0h, fsr2l, fsr2h, status,2, status,0, tblptrl, tblptrh, tblptru, cstack
 Tracked objects:
		On entry : 
		On exit  : 
		Unchanged: 
 Data sizes:     COMRAM   BANK0   BANK1   BANK2   BANK3   BANK4   BANK5   BANK6   BANK7
      Params:         0       0       0       0       0       0       0       0       0
      Locals:         2       0       0       0       0       0       0       0       0
      Temps:          2       0       0       0       0       0       0       0       0
      Totals:         4       0       0       0       0       0       0       0       0
Total ram usage:        4 bytes
 Hardware stack levels required when called:    2
 This function calls:
		_Inicializacion
		_Led_Twinkle
		_Rx
		_Tx_num
		_Tx_str
		_UART0_Tx_String
 This function is called by:
		Startup code after reset
 This function uses a non-reentrant model


 *************** function _UART0_Tx_String *****************
 Defined at:
		line 65 in file "Usart.c"
 Parameters:    Size  Location     Type
  str             2    1[COMRAM] PTR unsigned char 
		 -> UART0_Tx_Integer@signo_y_digitos(12), STR_1(8), 
 Auto vars:     Size  Location     Type
		None
 Return value:  Size  Location     Type
                  1    wreg      void 
 Registers used:
		wreg, fsr0l, fsr0h, status,2, status,0, tblptrl, tblptrh, tblptru, cstack
 Tracked objects:
		On entry : 
		On exit  : 
		Unchanged: 
 Data sizes:     COMRAM   BANK0   BANK1   BANK2   BANK3   BANK4   BANK5   BANK6   BANK7
      Params:         2       0       0       0       0       0       0       0       0
      Locals:         0       0       0       0       0       0       0       0       0
      Temps:          0       0       0       0       0       0       0       0       0
      Totals:         2       0       0       0       0       0       0       0       0
Total ram usage:        2 bytes
 Hardware stack levels used:    1
 Hardware stack levels required when called:    1
 This function calls:
		_Tx_str
 This function is called by:
		_main
		_UART0_Tx_Integer
 This function uses a non-reentrant model


 *************** function _Tx_str *****************
 Defined at:
		line 46 in file "Usart.c"
 Parameters:    Size  Location     Type
  data            1    wreg     unsigned char 
 Auto vars:     Size  Location     Type
  data            1    0[COMRAM] unsigned char 
 Return value:  Size  Location     Type
                  1    wreg      void 
 Registers used:
		wreg
 Tracked objects:
		On entry : 
		On exit  : 
		Unchanged: 
 Data sizes:     COMRAM   BANK0   BANK1   BANK2   BANK3   BANK4   BANK5   BANK6   BANK7
      Params:         0       0       0       0       0       0       0       0       0
      Locals:         1       0       0       0       0       0       0       0       0
      Temps:          0       0       0       0       0       0       0       0       0
      Totals:         1       0       0       0       0       0       0       0       0
Total ram usage:        1 bytes
 Hardware stack levels used:    1
 This function calls:
		Nothing
 This function is called by:
		_main
		_UART0_Tx_String
 This function uses a non-reentrant model


 *************** function _Tx_num *****************
 Defined at:
		line 59 in file "Usart.c"
 Parameters:    Size  Location     Type
  dita            1    wreg     unsigned char 
 Auto vars:     Size  Location     Type
  dita            1    0[COMRAM] unsigned char 
 Return value:  Size  Location     Type
                  1    wreg      void 
 Registers used:
		wreg
 Tracked objects:
		On entry : 
		On exit  : 
		Unchanged: 
 Data sizes:     COMRAM   BANK0   BANK1   BANK2   BANK3   BANK4   BANK5   BANK6   BANK7
      Params:         0       0       0       0       0       0       0       0       0
      Locals:         1       0       0       0       0       0       0       0       0
      Temps:          0       0       0       0       0       0       0       0       0
      Totals:         1       0       0       0       0       0       0       0       0
Total ram usage:        1 bytes
 Hardware stack levels used:    1
 This function calls:
		Nothing
 This function is called by:
		_main
 This function uses a non-reentrant model


 *************** function _Rx *****************
 Defined at:
		line 53 in file "Usart.c"
 Parameters:    Size  Location     Type
		None
 Auto vars:     Size  Location     Type
		None
 Return value:  Size  Location     Type
                  1    wreg      unsigned char 
 Registers used:
		wreg, status,2
 Tracked objects:
		On entry : 
		On exit  : 
		Unchanged: 
 Data sizes:     COMRAM   BANK0   BANK1   BANK2   BANK3   BANK4   BANK5   BANK6   BANK7
      Params:         0       0       0       0       0       0       0       0       0
      Locals:         0       0       0       0       0       0       0       0       0
      Temps:          0       0       0       0       0       0       0       0       0
      Totals:         0       0       0       0       0       0       0       0       0
Total ram usage:        0 bytes
 Hardware stack levels used:    1
 This function calls:
		Nothing
 This function is called by:
		_main
 This function uses a non-reentrant model


 *************** function _Led_Twinkle *****************
 Defined at:
		line 27 in file "Confi.c"
 Parameters:    Size  Location     Type
		None
 Auto vars:     Size  Location     Type
		None
 Return value:  Size  Location     Type
                  1    wreg      void 
 Registers used:
		wreg
 Tracked objects:
		On entry : 
		On exit  : 
		Unchanged: 
 Data sizes:     COMRAM   BANK0   BANK1   BANK2   BANK3   BANK4   BANK5   BANK6   BANK7
      Params:         0       0       0       0       0       0       0       0       0
      Locals:         0       0       0       0       0       0       0       0       0
      Temps:          2       0       0       0       0       0       0       0       0
      Totals:         2       0       0       0       0       0       0       0       0
Total ram usage:        2 bytes
 Hardware stack levels used:    1
 This function calls:
		Nothing
 This function is called by:
		_main
 This function uses a non-reentrant model


 *************** function _Inicializacion *****************
 Defined at:
		line 13 in file "Confi.c"
 Parameters:    Size  Location     Type
		None
 Auto vars:     Size  Location     Type
		None
 Return value:  Size  Location     Type
                  1    wreg      void 
 Registers used:
		wreg, status,2, cstack
 Tracked objects:
		On entry : 
		On exit  : 
		Unchanged: 
 Data sizes:     COMRAM   BANK0   BANK1   BANK2   BANK3   BANK4   BANK5   BANK6   BANK7
      Params:         0       0       0       0       0       0       0       0       0
      Locals:         0       0       0       0       0       0       0       0       0
      Temps:          0       0       0       0       0       0       0       0       0
      Totals:         0       0       0       0       0       0       0       0       0
Total ram usage:        0 bytes
 Hardware stack levels used:    1
 Hardware stack levels required when called:    1
 This function calls:
		_Confi_Blue
		_Confi_TMR0
		_ConfigADC
 This function is called by:
		_main
 This function uses a non-reentrant model


 *************** function _ConfigADC *****************
 Defined at:
		line 16 in file "MiADC.c"
 Parameters:    Size  Location     Type
		None
 Auto vars:     Size  Location     Type
		None
 Return value:  Size  Location     Type
                  1    wreg      void 
 Registers used:
		wreg, status,2
 Tracked objects:
		On entry : 
		On exit  : 
		Unchanged: 
 Data sizes:     COMRAM   BANK0   BANK1   BANK2   BANK3   BANK4   BANK5   BANK6   BANK7
      Params:         0       0       0       0       0       0       0       0       0
      Locals:         0       0       0       0       0       0       0       0       0
      Temps:          0       0       0       0       0       0       0       0       0
      Totals:         0       0       0       0       0       0       0       0       0
Total ram usage:        0 bytes
 Hardware stack levels used:    1
 This function calls:
		Nothing
 This function is called by:
		_Inicializacion
 This function uses a non-reentrant model


 *************** function _Confi_TMR0 *****************
 Defined at:
		line 8 in file "TMRs.c"
 Parameters:    Size  Location     Type
		None
 Auto vars:     Size  Location     Type
		None
 Return value:  Size  Location     Type
                  1    wreg      void 
 Registers used:
		wreg, status,2
 Tracked objects:
		On entry : 
		On exit  : 
		Unchanged: 
 Data sizes:     COMRAM   BANK0   BANK1   BANK2   BANK3   BANK4   BANK5   BANK6   BANK7
      Params:         0       0       0       0       0       0       0       0       0
      Locals:         0       0       0       0       0       0       0       0       0
      Temps:          0       0       0       0       0       0       0       0       0
      Totals:         0       0       0       0       0       0       0       0       0
Total ram usage:        0 bytes
 Hardware stack levels used:    1
 This function calls:
		Nothing
 This function is called by:
		_Inicializacion
 This function uses a non-reentrant model


 *************** function _Confi_Blue *****************
 Defined at:
		line 6 in file "Usart.c"
 Parameters:    Size  Location     Type
		None
 Auto vars:     Size  Location     Type
		None
 Return value:  Size  Location     Type
                  1    wreg      void 
 Registers used:
		wreg, status,2
 Tracked objects:
		On entry : 
		On exit  : 
		Unchanged: 
 Data sizes:     COMRAM   BANK0   BANK1   BANK2   BANK3   BANK4   BANK5   BANK6   BANK7
      Params:         0       0       0       0       0       0       0       0       0
      Locals:         0       0       0       0       0       0       0       0       0
      Temps:          0       0       0       0       0       0       0       0       0
      Totals:         0       0       0       0       0       0       0       0       0
Total ram usage:        0 bytes
 Hardware stack levels used:    1
 This function calls:
		Nothing
 This function is called by:
		_Inicializacion
 This function uses a non-reentrant model



MODULE INFORMATION

Module		Function		Class		Link	Load	Size
Confi.c
		_Led_Twinkle   		CODE           	0946	0000	53
		_Inicializacion		CODE           	09FC	0000	21

Confi.c estimated size: 74

TMRs.c
		_Confi_TMR0    		CODE           	09A4	0000	41

TMRs.c estimated size: 41

Usart.c
		_UART0_Tx_String		CODE           	08B2	0000	95
		_Rx            		CODE           	0A22	0000	5
		_Tx_str        		CODE           	09E6	0000	23
		_Tx_num        		CODE           	0A1A	0000	9
		_Confi_Blue    		CODE           	09CC	0000	27

Usart.c estimated size: 159

Principal.c
		_main          		CODE           	080A	0000	169

Principal.c estimated size: 169

shared
		__initialization		CODE           	0910	0000	45

shared estimated size: 45

MiADC.c
		_ConfigADC     		CODE           	097A	0000	43

MiADC.c estimated size: 43

