Microchip MPLAB XC8 Compiler V2.10 ()

Linker command line:

-W-3 --edf=C:\Program Files (x86)\Microchip\xc8\v2.10\pic\dat\en_msgs.txt \
  -cs -h+dist/default/production\Wels.X.production.sym \
  --cmf=dist/default/production\Wels.X.production.cmf -z -Q18F4550 \
  -oC:\Users\maxed\AppData\Local\Temp\sbs4.2 --defsym=__MPLAB_BUILD=1 \
  -Mdist/default/production/Wels.X.production.map -E1 -ver=XC8 --acfsm=1493 \
  -ASTACK=070h-07FFh -pstack=STACK -ACODE=00h-07FFFh -ACONST=00h-07FFFh \
  -ASMALLCONST=0800h-08FFhx120 -AMEDIUMCONST=0800h-07FFFh -ACOMRAM=01h-05Fh \
  -AABS1=00h-07FFh -ABIGRAM=01h-07FFh -ARAM=060h-0FFh,0100h-01FFhx7 \
  -ABANK0=060h-0FFh -ABANK1=0100h-01FFh -ABANK2=0200h-02FFh \
  -ABANK3=0300h-03FFh -ABANK4=0400h-04FFh -ABANK5=0500h-05FFh \
  -ABANK6=0600h-06FFh -ABANK7=0700h-07FFh -ASFR=0F60h-0FFFh \
  -preset_vec=00h,intcode=08h,intcodelo,powerup,init -pramtop=0800h \
  -psmallconst=SMALLCONST -pmediumconst=MEDIUMCONST -pconst=CONST \
  -AFARRAM=00h-00h -ACONFIG=0300000h-030000Dh -pconfig=CONFIG \
  -AIDLOC=0200000h-0200007h -pidloc=IDLOC -AEEDATA=0F00000h-0F000FFh \
  -peeprom_data=EEDATA \
  -prdata=COMRAM,nvrram=COMRAM,nvbit=COMRAM,rbss=COMRAM,rbit=COMRAM \
  -pfarbss=FARRAM,fardata=FARRAM,nvFARRAM=FARRAM \
  -pintsave_regs=BIGRAM,bigbss=BIGRAM,bigdata=BIGRAM -pbss=RAM \
  -pidata=CODE,irdata=CODE,ibigdata=CODE,ifardata=CODE -prparam=COMRAM \
  C:\Users\maxed\AppData\Local\Temp\sbs4.o \
  dist/default/production\Wels.X.production.o 

Object code version is 3.11

Machine type is 18F4550

Call graph: (short form)




                Name                               Link     Load   Length Selector   Space Scale
C:\Users\maxed\AppData\Local\Temp\sbs4.o
                init                                  E        E        4        4       0
                reset_vec                             0        0        4        0       0
                idloc                            200000   200000        8   200000       0
                config                           300000   300000        E   300000       0
dist/default/production\Wels.X.production.o
                intcode                               8        8        6        4       0
                temp                                 58       58        1        1       1
                smallconst                          800      800       1A      400       0
                intcode_body                        F5E      F5E       32      7AF       0
                text15                              B86      B86      114      40D       0
                text14                              A72      A72      114      40D       0
                text13                              C9A      C9A       FC      40D       0
                text12                              FD8      FD8        C      7AF       0
                text11                              FFC      FFC        8      7AF       0
                text10                              FF4      FF4        8      7AF       0
                text9                               FEC      FEC        8      7AF       0
                text8                               FE4      FE4        8      7AF       0
                text7                               D96      D96       84      40D       0
                text6                               FCC      FCC        C      7AF       0
                text5                               ED0      ED0       4C      40D       0
                text4                               F90      F90       14      7AF       0
                text3                               E1A      E1A       5E      40D       0
                text2                               FC0      FC0        C      7AF       0
                text1                               FB4      FB4        C      7AF       0
                text0                               81A      81A      258      40D       0
                cstackCOMRAM                         42       42       11        1       1
                dataBANK0                            60       60       10       60       1
                dataCOMRAM                            1        1       41        1       1
                bssCOMRAM                            53       53        5        1       1
                cinit                               E78      E78       58      40D       0
                idataBANK0                          FA4      FA4       10      7AF       0
                idataCOMRAM                         F1C      F1C       41      40D       0

TOTAL           Name                               Link     Load   Length     Space
        CLASS   STACK          

        CLASS   CODE           
                intcode                               8        8        6         0
                init                                  E        E        4         0
                reset_vec                             0        0        4         0
                intcode_body                        F5E      F5E       32         0
                text15                              B86      B86      114         0
                text14                              A72      A72      114         0
                text13                              C9A      C9A       FC         0
                text12                              FD8      FD8        C         0
                text11                              FFC      FFC        8         0
                text10                              FF4      FF4        8         0
                text9                               FEC      FEC        8         0
                text8                               FE4      FE4        8         0
                text7                               D96      D96       84         0
                text6                               FCC      FCC        C         0
                text5                               ED0      ED0       4C         0
                text4                               F90      F90       14         0
                text3                               E1A      E1A       5E         0
                text2                               FC0      FC0        C         0
                text1                               FB4      FB4        C         0
                text0                               81A      81A      258         0
                cinit                               E78      E78       58         0
                idataBANK0                          FA4      FA4       10         0
                idataCOMRAM                         F1C      F1C       41         0

        CLASS   CONST          

        CLASS   SMALLCONST     
                smallconst                          800      800       1A         0

        CLASS   MEDIUMCONST    

        CLASS   COMRAM         
                temp                                 58       58        1         1
                cstackCOMRAM                         42       42       11         1
                dataCOMRAM                            1        1       41         1
                bssCOMRAM                            53       53        5         1

        CLASS   ABS1           

        CLASS   BIGRAM         

        CLASS   RAM            

        CLASS   BANK0          
                dataBANK0                            60       60       10         1

        CLASS   BANK1          

        CLASS   BANK2          

        CLASS   BANK3          

        CLASS   BANK4          

        CLASS   BANK5          

        CLASS   BANK6          

        CLASS   BANK7          

        CLASS   SFR            

        CLASS   FARRAM         

        CLASS   CONFIG         
                config                           300000   300000        E         0

        CLASS   IDLOC          
                idloc                            200000   200000        8         0

        CLASS   EEDATA         



SEGMENTS        Name                           Load    Length   Top    Selector   Space  Class

                reset_vec                      000000  000004  000004         0       0  CODE    
                dataCOMRAM                     000001  000058  000059         1       1  COMRAM  
                intcode                        000008  00000A  000012         4       0  CODE    
                dataBANK0                      000060  000010  000070        60       1  BANK0   
                smallconst                     000800  00001A  00081A       400       0  SMALLCON
                text0                          00081A  000743  000F5D       40D       0  CODE    
                intcode_body                   000F5E  0000A6  001004       7AF       0  CODE    
                idloc                          200000  000008  200008    200000       0  IDLOC   
                config                         300000  00000E  30000E    300000       0  CONFIG  


UNUSED ADDRESS RANGES

        Name                Unused          Largest block    Delta
        BANK0            000070-0000FF               90
        BANK1            000100-0001FF              100
        BANK2            000200-0002FF              100
        BANK3            000300-0003FF              100
        BANK4            000400-0004FF              100
        BANK5            000500-0005FF              100
        BANK6            000600-0006FF              100
        BANK7            000700-0007FF              100
        BIGRAM           000059-00005F                7
                         000070-0007FF              790
        CODE             000004-000007                4
                         000012-0007FF              7EE
                         000F5D-000F5D                1
                         001004-007FFF             6FFC
        COMRAM           000059-00005F                7
        CONST            000004-000007                4
                         000012-0007FF              7EE
                         000F5D-000F5D                1
                         001004-007FFF             6FFC
        EEDATA           F00000-F000FF              100
        MEDIUMCONST      000F5D-000F5D                1
                         001004-007FFF             6FFC
        RAM              000070-0007FF              100
        SFR              000F60-000FFF               A0
        SMALLCONST       000F5D-000F5D                1
                         001004-007FFF              100
        STACK            000070-0007FF              790

                                  Symbol Table

LCD_CfgPort@Cfg               cstackCOMRAM 000043
LCD_CodigoCGROM@Caracter      cstackCOMRAM 000042
LCD_Envia@Dato                cstackCOMRAM 00004C
LCD_Envia@LCD_GuardaTRIS      cstackCOMRAM 00004D
LCD_EnviaCadena@Cadena        cstackCOMRAM 00004F
LCD_EnviaCaracter@Caracter    cstackCOMRAM 00004E
LCD_EnviaComando@Comando      cstackCOMRAM 00004E
LCD_Port@Dato                 cstackCOMRAM 000043
LCD_PosicionLinea1@Pos        cstackCOMRAM 00004F
LCD_PosicionLinea2@Pos        cstackCOMRAM 00004F
_Contador                     bssCOMRAM    000057
_INTCONbits                   (abs)        000FF2
_Inicializacion               text6        000FCC
_LCD_2Lineas8Bits5x7          text11       000FFC
_LCD_Borra                    text10       000FF4
_LCD_CfgPort                  text15       000B86
_LCD_CodigoCGROM              text5        000ED0
_LCD_CursorIncr               text9        000FEC
_LCD_CursorOFF                text8        000FE4
_LCD_Envia                    text13       000C9A
_LCD_EnviaCadena              text3        000E1A
_LCD_EnviaCaracter            text4        000F90
_LCD_EnviaComando             text12       000FD8
_LCD_Inicializa               text7        000D96
_LCD_Port                     text14       000A72
_LCD_PosicionLinea1           text2        000FC0
_LCD_PosicionLinea2           text1        000FB4
_Msj1                         dataCOMRAM   000037
_Msj2                         dataCOMRAM   000001
_Msj3                         dataCOMRAM   00002B
_Msj4                         dataCOMRAM   000010
_Msj5                         dataCOMRAM   00001E
_Msj6                         dataBANK0    000060
_OSCCONbits                   (abs)        000FD3
_PORTBbits                    (abs)        000F81
_PORTCbits                    (abs)        000F82
_PORTDbits                    (abs)        000F83
_TRISBbits                    (abs)        000F93
_TRISCbits                    (abs)        000F94
_TRISDbits                    (abs)        000F95
_Wels                         intcode      000008
__CFG_BOR$OFF                 (abs)        000000
__CFG_BORV$3                  (abs)        000000
__CFG_CCP2MX$ON               (abs)        000000
__CFG_CP0$OFF                 (abs)        000000
__CFG_CP1$OFF                 (abs)        000000
__CFG_CP2$OFF                 (abs)        000000
__CFG_CP3$OFF                 (abs)        000000
__CFG_CPB$OFF                 (abs)        000000
__CFG_CPD$OFF                 (abs)        000000
__CFG_CPUDIV$OSC1_PLL2        (abs)        000000
__CFG_EBTR0$OFF               (abs)        000000
__CFG_EBTR1$OFF               (abs)        000000
__CFG_EBTR2$OFF               (abs)        000000
__CFG_EBTR3$OFF               (abs)        000000
__CFG_EBTRB$OFF               (abs)        000000
__CFG_FCMEN$OFF               (abs)        000000
__CFG_FOSC$INTOSC_EC          (abs)        000000
__CFG_ICPRT$OFF               (abs)        000000
__CFG_IESO$OFF                (abs)        000000
__CFG_LPT1OSC$OFF             (abs)        000000
__CFG_LVP$OFF                 (abs)        000000
__CFG_MCLRE$ON                (abs)        000000
__CFG_PBADEN$OFF              (abs)        000000
__CFG_PLLDIV$1                (abs)        000000
__CFG_PWRT$OFF                (abs)        000000
__CFG_STVREN$ON               (abs)        000000
__CFG_USBDIV$1                (abs)        000000
__CFG_VREGEN$OFF              (abs)        000000
__CFG_WDT$OFF                 (abs)        000000
__CFG_WDTPS$32768             (abs)        000000
__CFG_WRT0$OFF                (abs)        000000
__CFG_WRT1$OFF                (abs)        000000
__CFG_WRT2$OFF                (abs)        000000
__CFG_WRT3$OFF                (abs)        000000
__CFG_WRTB$OFF                (abs)        000000
__CFG_WRTC$OFF                (abs)        000000
__CFG_WRTD$OFF                (abs)        000000
__CFG_XINST$OFF               (abs)        000000
__HRAM                        (abs)        000000
__Habs1                       abs1         000000
__Hbank0                      bank0        000000
__Hbank1                      bank1        000000
__Hbank2                      bank2        000000
__Hbank3                      bank3        000000
__Hbank4                      bank4        000000
__Hbank5                      bank5        000000
__Hbank6                      bank6        000000
__Hbank7                      bank7        000000
__Hbigbss                     bigbss       000000
__Hbigdata                    bigdata      000000
__Hbigram                     bigram       000000
__Hbss                        bss          000000
__HbssCOMRAM                  bssCOMRAM    000000
__Hcinit                      cinit        000000
__Hclrtext                    clrtext      000000
__Hcomram                     comram       000000
__Hconfig                     config       30000E
__Hconst                      const        000000
__HcstackCOMRAM               cstackCOMRAM 000000
__Hdata                       data         000000
__HdataBANK0                  dataBANK0    000000
__HdataCOMRAM                 dataCOMRAM   000000
__Heeprom_data                eeprom_data  000000
__Hfarbss                     farbss       000000
__Hfardata                    fardata      000000
__Hibigdata                   ibigdata     000000
__Hidata                      idata        000000
__HidataBANK0                 idataBANK0   000000
__HidataCOMRAM                idataCOMRAM  000000
__Hidloc                      idloc        200008
__Hifardata                   ifardata     000000
__Hinit                       init         000012
__Hintcode                    intcode      00000E
__Hintcode_body               intcode_body 000000
__Hintcodelo                  intcodelo    00000E
__Hintentry                   intentry     000000
__Hintret                     intret       000000
__Hintsave_regs               intsave_regs 000000
__Hirdata                     irdata       000000
__Hmediumconst                mediumconst  000000
__HnvFARRAM                   nvFARRAM     000000
__Hnvbit                      nvbit        000000
__Hnvrram                     nvrram       000000
__Hparam                      rparam       000000
__Hpowerup                    powerup      00000E
__Hram                        ram          000000
__Hramtop                     ramtop       000800
__Hrbit                       rbit         000000
__Hrbss                       rbss         000000
__Hrdata                      rdata        000000
__Hreset_vec                  reset_vec    000004
__Hrparam                     rparam       000000
__Hsfr                        sfr          000000
__Hsmallconst                 smallconst   00081A
__Hspace_0                    (abs)        30000E
__Hspace_1                    (abs)        000070
__Hspace_2                    (abs)        000000
__Hstack                      stack        000000
__Hstruct                     struct       000000
__Htemp                       temp         000059
__Htext                       text         000000
__Htext0                      text0        000000
__Htext1                      text1        000000
__Htext10                     text10       000000
__Htext11                     text11       000000
__Htext12                     text12       000000
__Htext13                     text13       000000
__Htext14                     text14       000000
__Htext15                     text15       000000
__Htext2                      text2        000000
__Htext3                      text3        000000
__Htext4                      text4        000000
__Htext5                      text5        000000
__Htext6                      text6        000000
__Htext7                      text7        000000
__Htext8                      text8        000000
__Htext9                      text9        000000
__LRAM                        (abs)        000001
__Labs1                       abs1         000000
__Lbank0                      bank0        000000
__Lbank1                      bank1        000000
__Lbank2                      bank2        000000
__Lbank3                      bank3        000000
__Lbank4                      bank4        000000
__Lbank5                      bank5        000000
__Lbank6                      bank6        000000
__Lbank7                      bank7        000000
__Lbigbss                     bigbss       000000
__Lbigdata                    bigdata      000000
__Lbigram                     bigram       000000
__Lbss                        bss          000000
__LbssCOMRAM                  bssCOMRAM    000000
__Lcinit                      cinit        000000
__Lclrtext                    clrtext      000000
__Lcomram                     comram       000000
__Lconfig                     config       300000
__Lconst                      const        000000
__LcstackCOMRAM               cstackCOMRAM 000000
__Ldata                       data         000000
__LdataBANK0                  dataBANK0    000000
__LdataCOMRAM                 dataCOMRAM   000000
__Leeprom_data                eeprom_data  000000
__Lfarbss                     farbss       000000
__Lfardata                    fardata      000000
__Libigdata                   ibigdata     000000
__Lidata                      idata        000000
__LidataBANK0                 idataBANK0   000000
__LidataCOMRAM                idataCOMRAM  000000
__Lidloc                      idloc        200000
__Lifardata                   ifardata     000000
__Linit                       init         00000E
__Lintcode                    intcode      000008
__Lintcode_body               intcode_body 000000
__Lintcodelo                  intcodelo    00000E
__Lintentry                   intentry     000000
__Lintret                     intret       000000
__Lintsave_regs               intsave_regs 000000
__Lirdata                     irdata       000000
__Lmediumconst                mediumconst  000000
__LnvFARRAM                   nvFARRAM     000000
__Lnvbit                      nvbit        000000
__Lnvrram                     nvrram       000000
__Lparam                      rparam       000000
__Lpowerup                    powerup      00000E
__Lram                        ram          000000
__Lramtop                     ramtop       000800
__Lrbit                       rbit         000000
__Lrbss                       rbss         000000
__Lrdata                      rdata        000000
__Lreset_vec                  reset_vec    000000
__Lrparam                     rparam       000000
__Lsfr                        sfr          000000
__Lsmallconst                 smallconst   000800
__Lspace_0                    (abs)        000000
__Lspace_1                    (abs)        000000
__Lspace_2                    (abs)        000000
__Lstack                      stack        000000
__Lstruct                     struct       000000
__Ltemp                       temp         000058
__Ltext                       text         000000
__Ltext0                      text0        000000
__Ltext1                      text1        000000
__Ltext10                     text10       000000
__Ltext11                     text11       000000
__Ltext12                     text12       000000
__Ltext13                     text13       000000
__Ltext14                     text14       000000
__Ltext15                     text15       000000
__Ltext2                      text2        000000
__Ltext3                      text3        000000
__Ltext4                      text4        000000
__Ltext5                      text5        000000
__Ltext6                      text6        000000
__Ltext7                      text7        000000
__Ltext8                      text8        000000
__Ltext9                      text9        000000
__S0                          (abs)        30000E
__S1                          (abs)        000070
__S2                          (abs)        000000
___inthi_sp                   stack        000000
___intlo_sp                   stack        000000
___param_bank                 (abs)        000000
___rparam_used                (abs)        000001
___sp                         stack        000000
__accesstop                   (abs)        000060
__activetblptr                (abs)        000002
__end_of_Inicializacion       text6        000FD8
__end_of_LCD_2Lineas8Bits5x7  text11       001004
__end_of_LCD_Borra            text10       000FFC
__end_of_LCD_CfgPort          text15       000C9A
__end_of_LCD_CodigoCGROM      text5        000F1C
__end_of_LCD_CursorIncr       text9        000FF4
__end_of_LCD_CursorOFF        text8        000FEC
__end_of_LCD_Envia            text13       000D96
__end_of_LCD_EnviaCadena      text3        000E78
__end_of_LCD_EnviaCaracter    text4        000FA4
__end_of_LCD_EnviaComando     text12       000FE4
__end_of_LCD_Inicializa       text7        000E1A
__end_of_LCD_Port             text14       000B86
__end_of_LCD_PosicionLinea1   text2        000FCC
__end_of_LCD_PosicionLinea2   text1        000FC0
__end_of_Wels                 intcode_body 000F90
__end_of__initialization      cinit        000EC2
__end_of_main                 text0        000A72
__initialization              cinit        000E78
__mediumconst                 mediumconst  000000
__pbssCOMRAM                  bssCOMRAM    000053
__pcinit                      cinit        000E78
__pcstackCOMRAM               cstackCOMRAM 000042
__pdataBANK0                  dataBANK0    000060
__pdataCOMRAM                 dataCOMRAM   000001
__pidataBANK0                 idataBANK0   000FA4
__pidataCOMRAM                idataCOMRAM  000F1C
__pintcode                    intcode      000008
__pintcode_body               intcode_body 000F5E
__psmallconst                 smallconst   000800
__ptext0                      text0        00081A
__ptext1                      text1        000FB4
__ptext10                     text10       000FF4
__ptext11                     text11       000FFC
__ptext12                     text12       000FD8
__ptext13                     text13       000C9A
__ptext14                     text14       000A72
__ptext15                     text15       000B86
__ptext2                      text2        000FC0
__ptext3                      text3        000E1A
__ptext4                      text4        000F90
__ptext5                      text5        000ED0
__ptext6                      text6        000FCC
__ptext7                      text7        000D96
__ptext8                      text8        000FE4
__ptext9                      text9        000FEC
__ramtop                      ramtop       000800
__size_of_Inicializacion      (abs)        000000
__size_of_LCD_2Lineas8Bits5x7 (abs)        000000
__size_of_LCD_Borra           (abs)        000000
__size_of_LCD_CfgPort         (abs)        000000
__size_of_LCD_CodigoCGROM     (abs)        000000
__size_of_LCD_CursorIncr      (abs)        000000
__size_of_LCD_CursorOFF       (abs)        000000
__size_of_LCD_Envia           (abs)        000000
__size_of_LCD_EnviaCadena     (abs)        000000
__size_of_LCD_EnviaCaracter   (abs)        000000
__size_of_LCD_EnviaComando    (abs)        000000
__size_of_LCD_Inicializa      (abs)        000000
__size_of_LCD_Port            (abs)        000000
__size_of_LCD_PosicionLinea1  (abs)        000000
__size_of_LCD_PosicionLinea2  (abs)        000000
__size_of_Wels                (abs)        000000
__size_of_main                (abs)        000000
__smallconst                  smallconst   000800
_i                            bssCOMRAM    000055
_j                            bssCOMRAM    000053
_main                         text0        00081A
btemp                         temp         000058
end_of_initialization         cinit        000EC2
int$flags                     temp         000058
int_func                      intcode_body 000F5E
intlevel0                     text         000000
intlevel1                     text         000000
intlevel2                     text         000000
intlevel3                     text         000000
stackhi                       (abs)        0007FF
stacklo                       (abs)        000070
start                         init         00000E
start_initialization          cinit        000E78
ttemp5                        temp         000059
ttemp6                        temp         00005C
ttemp7                        temp         000060
wtemp8                        temp         000059


FUNCTION INFORMATION:

 *************** function _main *****************
 Defined at:
		line 23 in file "Sustentacion.c"
 Parameters:    Size  Location     Type
		None
 Auto vars:     Size  Location     Type
		None
 Return value:  Size  Location     Type
                  1    wreg      void 
 Registers used:
		wreg, fsr0l, fsr0h, status,2, status,0, tblptrl, tblptrh, tblptru, cstack
 Tracked objects:
		On entry : 
		On exit  : 
		Unchanged: 
 Data sizes:     COMRAM   BANK0   BANK1   BANK2   BANK3   BANK4   BANK5   BANK6   BANK7
      Params:         0       0       0       0       0       0       0       0       0
      Locals:         0       0       0       0       0       0       0       0       0
      Temps:          2       0       0       0       0       0       0       0       0
      Totals:         2       0       0       0       0       0       0       0       0
Total ram usage:        2 bytes
 Hardware stack levels required when called:    7
 This function calls:
		_Inicializacion
		_LCD_Borra
		_LCD_EnviaCadena
		_LCD_PosicionLinea1
		_LCD_PosicionLinea2
 This function is called by:
		Startup code after reset
 This function uses a non-reentrant model


 *************** function _LCD_PosicionLinea2 *****************
 Defined at:
		line 145 in file "MiLCD.c"
 Parameters:    Size  Location     Type
  Pos             1    wreg     unsigned char 
 Auto vars:     Size  Location     Type
  Pos             1   13[COMRAM] unsigned char 
 Return value:  Size  Location     Type
                  1    wreg      void 
 Registers used:
		wreg, status,2, status,0, cstack
 Tracked objects:
		On entry : 
		On exit  : 
		Unchanged: 
 Data sizes:     COMRAM   BANK0   BANK1   BANK2   BANK3   BANK4   BANK5   BANK6   BANK7
      Params:         0       0       0       0       0       0       0       0       0
      Locals:         1       0       0       0       0       0       0       0       0
      Temps:          0       0       0       0       0       0       0       0       0
      Totals:         1       0       0       0       0       0       0       0       0
Total ram usage:        1 bytes
 Hardware stack levels used:    1
 Hardware stack levels required when called:    4
 This function calls:
		_LCD_EnviaComando
 This function is called by:
		_main
 This function uses a non-reentrant model


 *************** function _LCD_PosicionLinea1 *****************
 Defined at:
		line 135 in file "MiLCD.c"
 Parameters:    Size  Location     Type
  Pos             1    wreg     unsigned char 
 Auto vars:     Size  Location     Type
  Pos             1   13[COMRAM] unsigned char 
 Return value:  Size  Location     Type
                  1    wreg      void 
 Registers used:
		wreg, status,2, status,0, cstack
 Tracked objects:
		On entry : 
		On exit  : 
		Unchanged: 
 Data sizes:     COMRAM   BANK0   BANK1   BANK2   BANK3   BANK4   BANK5   BANK6   BANK7
      Params:         0       0       0       0       0       0       0       0       0
      Locals:         1       0       0       0       0       0       0       0       0
      Temps:          0       0       0       0       0       0       0       0       0
      Totals:         1       0       0       0       0       0       0       0       0
Total ram usage:        1 bytes
 Hardware stack levels used:    1
 Hardware stack levels required when called:    4
 This function calls:
		_LCD_EnviaComando
 This function is called by:
		_main
 This function uses a non-reentrant model


 *************** function _LCD_EnviaCadena *****************
 Defined at:
		line 245 in file "MiLCD.c"
 Parameters:    Size  Location     Type
  Cadena          2   13[COMRAM] PTR unsigned char 
		 -> Msj6(16), STR_6(23), Msj5(13), STR_5(23), 
		 -> Msj4(14), STR_4(23), Msj3(12), STR_3(23), 
		 -> Msj2(15), STR_2(23), Msj1(11), STR_1(23), 
 Auto vars:     Size  Location     Type
		None
 Return value:  Size  Location     Type
                  1    wreg      void 
 Registers used:
		wreg, fsr0l, fsr0h, status,2, status,0, tblptrl, tblptrh, tblptru, cstack
 Tracked objects:
		On entry : 
		On exit  : 
		Unchanged: 
 Data sizes:     COMRAM   BANK0   BANK1   BANK2   BANK3   BANK4   BANK5   BANK6   BANK7
      Params:         2       0       0       0       0       0       0       0       0
      Locals:         0       0       0       0       0       0       0       0       0
      Temps:          0       0       0       0       0       0       0       0       0
      Totals:         2       0       0       0       0       0       0       0       0
Total ram usage:        2 bytes
 Hardware stack levels used:    1
 Hardware stack levels required when called:    4
 This function calls:
		_LCD_EnviaCaracter
 This function is called by:
		_main
 This function uses a non-reentrant model


 *************** function _LCD_EnviaCaracter *****************
 Defined at:
		line 233 in file "MiLCD.c"
 Parameters:    Size  Location     Type
  Caracter        1    wreg     unsigned char 
 Auto vars:     Size  Location     Type
  Caracter        1   12[COMRAM] unsigned char 
 Return value:  Size  Location     Type
                  1    wreg      void 
 Registers used:
		wreg, status,2, status,0, cstack
 Tracked objects:
		On entry : 
		On exit  : 
		Unchanged: 
 Data sizes:     COMRAM   BANK0   BANK1   BANK2   BANK3   BANK4   BANK5   BANK6   BANK7
      Params:         0       0       0       0       0       0       0       0       0
      Locals:         1       0       0       0       0       0       0       0       0
      Temps:          0       0       0       0       0       0       0       0       0
      Totals:         1       0       0       0       0       0       0       0       0
Total ram usage:        1 bytes
 Hardware stack levels used:    1
 Hardware stack levels required when called:    3
 This function calls:
		_LCD_CodigoCGROM
		_LCD_Envia
 This function is called by:
		_LCD_EnviaCadena
		_LCD_EnviaBlancos
		_LCD_EnviaByte
		_LCD_EnviaNibble
 This function uses a non-reentrant model


 *************** function _LCD_CodigoCGROM *****************
 Defined at:
		line 298 in file "MiLCD.c"
 Parameters:    Size  Location     Type
  Caracter        1    wreg     unsigned char 
 Auto vars:     Size  Location     Type
  Caracter        1    0[COMRAM] unsigned char 
 Return value:  Size  Location     Type
                  1    wreg      unsigned char 
 Registers used:
		wreg, status,2, status,0
 Tracked objects:
		On entry : 
		On exit  : 
		Unchanged: 
 Data sizes:     COMRAM   BANK0   BANK1   BANK2   BANK3   BANK4   BANK5   BANK6   BANK7
      Params:         0       0       0       0       0       0       0       0       0
      Locals:         1       0       0       0       0       0       0       0       0
      Temps:          0       0       0       0       0       0       0       0       0
      Totals:         1       0       0       0       0       0       0       0       0
Total ram usage:        1 bytes
 Hardware stack levels used:    1
 Hardware stack levels required when called:    1
 This function calls:
		Nothing
 This function is called by:
		_LCD_EnviaCaracter
 This function uses a non-reentrant model


 *************** function _Inicializacion *****************
 Defined at:
		line 11 in file "Confi.c"
 Parameters:    Size  Location     Type
		None
 Auto vars:     Size  Location     Type
		None
 Return value:  Size  Location     Type
                  1    wreg      void 
 Registers used:
		wreg, status,2, status,0, cstack
 Tracked objects:
		On entry : 
		On exit  : 
		Unchanged: 
 Data sizes:     COMRAM   BANK0   BANK1   BANK2   BANK3   BANK4   BANK5   BANK6   BANK7
      Params:         0       0       0       0       0       0       0       0       0
      Locals:         0       0       0       0       0       0       0       0       0
      Temps:          0       0       0       0       0       0       0       0       0
      Totals:         0       0       0       0       0       0       0       0       0
Total ram usage:        0 bytes
 Hardware stack levels used:    1
 Hardware stack levels required when called:    6
 This function calls:
		_LCD_Inicializa
 This function is called by:
		_main
 This function uses a non-reentrant model


 *************** function _LCD_Inicializa *****************
 Defined at:
		line 50 in file "MiLCD.c"
 Parameters:    Size  Location     Type
		None
 Auto vars:     Size  Location     Type
		None
 Return value:  Size  Location     Type
                  1    wreg      void 
 Registers used:
		wreg, status,2, status,0, cstack
 Tracked objects:
		On entry : 
		On exit  : 
		Unchanged: 
 Data sizes:     COMRAM   BANK0   BANK1   BANK2   BANK3   BANK4   BANK5   BANK6   BANK7
      Params:         0       0       0       0       0       0       0       0       0
      Locals:         0       0       0       0       0       0       0       0       0
      Temps:          2       0       0       0       0       0       0       0       0
      Totals:         2       0       0       0       0       0       0       0       0
Total ram usage:        2 bytes
 Hardware stack levels used:    1
 Hardware stack levels required when called:    5
 This function calls:
		_LCD_2Lineas8Bits5x7
		_LCD_Borra
		_LCD_CursorIncr
		_LCD_CursorOFF
		_LCD_Envia
 This function is called by:
		_Inicializacion
 This function uses a non-reentrant model


 *************** function _LCD_CursorOFF *****************
 Defined at:
		line 192 in file "MiLCD.c"
 Parameters:    Size  Location     Type
		None
 Auto vars:     Size  Location     Type
		None
 Return value:  Size  Location     Type
                  1    wreg      void 
 Registers used:
		wreg, status,2, status,0, cstack
 Tracked objects:
		On entry : 
		On exit  : 
		Unchanged: 
 Data sizes:     COMRAM   BANK0   BANK1   BANK2   BANK3   BANK4   BANK5   BANK6   BANK7
      Params:         0       0       0       0       0       0       0       0       0
      Locals:         0       0       0       0       0       0       0       0       0
      Temps:          0       0       0       0       0       0       0       0       0
      Totals:         0       0       0       0       0       0       0       0       0
Total ram usage:        0 bytes
 Hardware stack levels used:    1
 Hardware stack levels required when called:    4
 This function calls:
		_LCD_EnviaComando
 This function is called by:
		_LCD_Inicializa
 This function uses a non-reentrant model


 *************** function _LCD_CursorIncr *****************
 Defined at:
		line 89 in file "MiLCD.c"
 Parameters:    Size  Location     Type
		None
 Auto vars:     Size  Location     Type
		None
 Return value:  Size  Location     Type
                  1    wreg      void 
 Registers used:
		wreg, status,2, status,0, cstack
 Tracked objects:
		On entry : 
		On exit  : 
		Unchanged: 
 Data sizes:     COMRAM   BANK0   BANK1   BANK2   BANK3   BANK4   BANK5   BANK6   BANK7
      Params:         0       0       0       0       0       0       0       0       0
      Locals:         0       0       0       0       0       0       0       0       0
      Temps:          0       0       0       0       0       0       0       0       0
      Totals:         0       0       0       0       0       0       0       0       0
Total ram usage:        0 bytes
 Hardware stack levels used:    1
 Hardware stack levels required when called:    4
 This function calls:
		_LCD_EnviaComando
 This function is called by:
		_LCD_Inicializa
 This function uses a non-reentrant model


 *************** function _LCD_Borra *****************
 Defined at:
		line 202 in file "MiLCD.c"
 Parameters:    Size  Location     Type
		None
 Auto vars:     Size  Location     Type
		None
 Return value:  Size  Location     Type
                  1    wreg      void 
 Registers used:
		wreg, status,2, status,0, cstack
 Tracked objects:
		On entry : 
		On exit  : 
		Unchanged: 
 Data sizes:     COMRAM   BANK0   BANK1   BANK2   BANK3   BANK4   BANK5   BANK6   BANK7
      Params:         0       0       0       0       0       0       0       0       0
      Locals:         0       0       0       0       0       0       0       0       0
      Temps:          0       0       0       0       0       0       0       0       0
      Totals:         0       0       0       0       0       0       0       0       0
Total ram usage:        0 bytes
 Hardware stack levels used:    1
 Hardware stack levels required when called:    4
 This function calls:
		_LCD_EnviaComando
 This function is called by:
		_LCD_Inicializa
		_main
 This function uses a non-reentrant model


 *************** function _LCD_2Lineas8Bits5x7 *****************
 Defined at:
		line 212 in file "MiLCD.c"
 Parameters:    Size  Location     Type
		None
 Auto vars:     Size  Location     Type
		None
 Return value:  Size  Location     Type
                  1    wreg      void 
 Registers used:
		wreg, status,2, status,0, cstack
 Tracked objects:
		On entry : 
		On exit  : 
		Unchanged: 
 Data sizes:     COMRAM   BANK0   BANK1   BANK2   BANK3   BANK4   BANK5   BANK6   BANK7
      Params:         0       0       0       0       0       0       0       0       0
      Locals:         0       0       0       0       0       0       0       0       0
      Temps:          0       0       0       0       0       0       0       0       0
      Totals:         0       0       0       0       0       0       0       0       0
Total ram usage:        0 bytes
 Hardware stack levels used:    1
 Hardware stack levels required when called:    4
 This function calls:
		_LCD_EnviaComando
 This function is called by:
		_LCD_Inicializa
 This function uses a non-reentrant model


 *************** function _LCD_EnviaComando *****************
 Defined at:
		line 222 in file "MiLCD.c"
 Parameters:    Size  Location     Type
  Comando         1    wreg     unsigned char 
 Auto vars:     Size  Location     Type
  Comando         1   12[COMRAM] unsigned char 
 Return value:  Size  Location     Type
                  1    wreg      void 
 Registers used:
		wreg, status,2, status,0, cstack
 Tracked objects:
		On entry : 
		On exit  : 
		Unchanged: 
 Data sizes:     COMRAM   BANK0   BANK1   BANK2   BANK3   BANK4   BANK5   BANK6   BANK7
      Params:         0       0       0       0       0       0       0       0       0
      Locals:         1       0       0       0       0       0       0       0       0
      Temps:          0       0       0       0       0       0       0       0       0
      Totals:         1       0       0       0       0       0       0       0       0
Total ram usage:        1 bytes
 Hardware stack levels used:    1
 Hardware stack levels required when called:    3
 This function calls:
		_LCD_Envia
 This function is called by:
		_LCD_CursorIncr
		_LCD_PosicionLinea1
		_LCD_PosicionLinea2
		_LCD_CursorOFF
		_LCD_Borra
		_LCD_2Lineas8Bits5x7
		_LCD_Linea1
		_LCD_Linea2
		_LCD_Linea3
		_LCD_Linea4
		_LCD_PosicionLinea3
		_LCD_PosicionLinea4
		_LCD_OFF
		_LCD_CursorON
		_LCD_ShiftRight
		_LCD_ShiftLeft
 This function uses a non-reentrant model


 *************** function _LCD_Envia *****************
 Defined at:
		line 256 in file "MiLCD.c"
 Parameters:    Size  Location     Type
  Dato            1    wreg     unsigned char 
 Auto vars:     Size  Location     Type
  Dato            1   10[COMRAM] unsigned char 
  LCD_GuardaTR    1   11[COMRAM] unsigned char 
 Return value:  Size  Location     Type
                  1    wreg      void 
 Registers used:
		wreg, status,2, status,0, cstack
 Tracked objects:
		On entry : 
		On exit  : 
		Unchanged: 
 Data sizes:     COMRAM   BANK0   BANK1   BANK2   BANK3   BANK4   BANK5   BANK6   BANK7
      Params:         0       0       0       0       0       0       0       0       0
      Locals:         2       0       0       0       0       0       0       0       0
      Temps:          8       0       0       0       0       0       0       0       0
      Totals:        10       0       0       0       0       0       0       0       0
Total ram usage:       10 bytes
 Hardware stack levels used:    1
 Hardware stack levels required when called:    2
 This function calls:
		_LCD_CfgPort
		_LCD_Port
 This function is called by:
		_LCD_Inicializa
		_LCD_EnviaComando
		_LCD_EnviaCaracter
 This function uses a non-reentrant model


 *************** function _LCD_Port *****************
 Defined at:
		line 394 in file "MiLCD.c"
 Parameters:    Size  Location     Type
  Dato            1    wreg     unsigned char 
 Auto vars:     Size  Location     Type
  Dato            1    1[COMRAM] unsigned char 
 Return value:  Size  Location     Type
                  1    wreg      void 
 Registers used:
		wreg, status,2, status,0
 Tracked objects:
		On entry : 
		On exit  : 
		Unchanged: 
 Data sizes:     COMRAM   BANK0   BANK1   BANK2   BANK3   BANK4   BANK5   BANK6   BANK7
      Params:         0       0       0       0       0       0       0       0       0
      Locals:         1       0       0       0       0       0       0       0       0
      Temps:          1       0       0       0       0       0       0       0       0
      Totals:         2       0       0       0       0       0       0       0       0
Total ram usage:        2 bytes
 Hardware stack levels used:    1
 Hardware stack levels required when called:    1
 This function calls:
		Nothing
 This function is called by:
		_LCD_Envia
 This function uses a non-reentrant model


 *************** function _LCD_CfgPort *****************
 Defined at:
		line 411 in file "MiLCD.c"
 Parameters:    Size  Location     Type
  Cfg             1    wreg     unsigned char 
 Auto vars:     Size  Location     Type
  Cfg             1    1[COMRAM] unsigned char 
 Return value:  Size  Location     Type
                  1    wreg      void 
 Registers used:
		wreg, status,2, status,0
 Tracked objects:
		On entry : 
		On exit  : 
		Unchanged: 
 Data sizes:     COMRAM   BANK0   BANK1   BANK2   BANK3   BANK4   BANK5   BANK6   BANK7
      Params:         0       0       0       0       0       0       0       0       0
      Locals:         1       0       0       0       0       0       0       0       0
      Temps:          1       0       0       0       0       0       0       0       0
      Totals:         2       0       0       0       0       0       0       0       0
Total ram usage:        2 bytes
 Hardware stack levels used:    1
 Hardware stack levels required when called:    1
 This function calls:
		Nothing
 This function is called by:
		_LCD_Envia
 This function uses a non-reentrant model


 *************** function _Wels *****************
 Defined at:
		line 87 in file "Sustentacion.c"
 Parameters:    Size  Location     Type
		None
 Auto vars:     Size  Location     Type
		None
 Return value:  Size  Location     Type
                  1    wreg      void 
 Registers used:
		wreg, status,2, status,0
 Tracked objects:
		On entry : 
		On exit  : 
		Unchanged: 
 Data sizes:     COMRAM   BANK0   BANK1   BANK2   BANK3   BANK4   BANK5   BANK6   BANK7
      Params:         0       0       0       0       0       0       0       0       0
      Locals:         0       0       0       0       0       0       0       0       0
      Temps:          0       0       0       0       0       0       0       0       0
      Totals:         0       0       0       0       0       0       0       0       0
Total ram usage:        0 bytes
 Hardware stack levels used:    1
 This function calls:
		Nothing
 This function is called by:
		Interrupt level 2
 This function uses a non-reentrant model



MODULE INFORMATION

Module		Function		Class		Link	Load	Size
MiLCD.c
		_LCD_2Lineas8Bits5x7		CODE           	0FFC	0000	9
		_LCD_Envia     		CODE           	0C9A	0000	253
		_LCD_Inicializa		CODE           	0D96	0000	133
		_LCD_CodigoCGROM		CODE           	0ED0	0000	77
		_LCD_Borra     		CODE           	0FF4	0000	9
		_LCD_EnviaComando		CODE           	0FD8	0000	13
		_LCD_EnviaCaracter		CODE           	0F90	0000	21
		_LCD_PosicionLinea1		CODE           	0FC0	0000	13
		_LCD_PosicionLinea2		CODE           	0FB4	0000	13
		_LCD_CursorOFF 		CODE           	0FE4	0000	9
		_LCD_Port      		CODE           	0A72	0000	277
		_LCD_EnviaCadena		CODE           	0E1A	0000	95
		_LCD_CursorIncr		CODE           	0FEC	0000	9
		_LCD_CfgPort   		CODE           	0B86	0000	277

MiLCD.c estimated size: 1208

Confi.c
		_Inicializacion		CODE           	0FCC	0000	13

Confi.c estimated size: 13

Sustentacion.c
		_main          		CODE           	081A	0000	601
		_Wels          		CODE           	0008	0000	57

Sustentacion.c estimated size: 658

shared
		__initialization		CODE           	0E78	0000	75

shared estimated size: 75

