Microchip MPLAB XC8 Compiler V2.00 ()

Linker command line:

-W-3 --edf=C:\Program Files (x86)\Microchip\xc8\v2.00\pic\dat\en_msgs.txt \
  -cs -h+dist/default/production\Pruebas.X.production.sym \
  --cmf=dist/default/production\Pruebas.X.production.cmf -z -Q18F4550 \
  -oC:\Users\EDWIN\AppData\Local\Temp\sgfo.2 --defsym=__MPLAB_BUILD=1 \
  -Mdist/default/production/Pruebas.X.production.map -E1 -ver=XC8 \
  --acfsm=1493 -ASTACK=0C4h-07ffh -pstack=STACK -ACODE=00h-07FFFh \
  -ACONST=00h-07FFFh -ASMALLCONST=0800h-08FFhx120 \
  -AMEDIUMCONST=0800h-07FFFh -ACOMRAM=01h-05Fh -AABS1=00h-07FFh \
  -ABIGRAM=01h-07FFh -ARAM=060h-0FFh,0100h-01FFhx7 -ABANK0=060h-0FFh \
  -ABANK1=0100h-01FFh -ABANK2=0200h-02FFh -ABANK3=0300h-03FFh \
  -ABANK4=0400h-04FFh -ABANK5=0500h-05FFh -ABANK6=0600h-06FFh \
  -ABANK7=0700h-07FFh -ASFR=0F60h-0FFFh \
  -preset_vec=00h,intcode=08h,intcodelo=018h,powerup,init -pramtop=0800h \
  -psmallconst=SMALLCONST -pmediumconst=MEDIUMCONST -pconst=CONST \
  -AFARRAM=00h-00h -ACONFIG=0300000h-030000Dh -pconfig=CONFIG \
  -AIDLOC=0200000h-0200007h -pidloc=IDLOC -AEEDATA=0F00000h-0F000FFh \
  -peeprom_data=EEDATA \
  -prdata=COMRAM,nvrram=COMRAM,nvbit=COMRAM,rbss=COMRAM,rbit=COMRAM \
  -pfarbss=FARRAM,fardata=FARRAM,nvFARRAM=FARRAM \
  -pintsave_regs=BIGRAM,bigbss=BIGRAM,bigdata=BIGRAM -pbss=RAM \
  -pidata=CODE,irdata=CODE,ibigdata=CODE,ifardata=CODE -prparam=COMRAM \
  C:\Users\EDWIN\AppData\Local\Temp\sgfo.o \
  dist/default/production\Pruebas.X.production.o 

Object code version is 3.11

Machine type is 18F4550

Call graph: (short form)




                Name                               Link     Load   Length Selector   Space Scale
C:\Users\EDWIN\AppData\Local\Temp\sgfo.o
                init                                 52       52        4        C       0
                reset_vec                             0        0        4        0       0
                idloc                            200000   200000        8   200000       0
                config                           300000   300000        E   300000       0
dist/default/production\Pruebas.X.production.o
                intcodelo                            18       18       3A        C       0
                intcode                               8        8        6        4       0
                temp                                 41       41        1        1       1
                smallconst                          800      800       16      400       0
                text14                              FEA      FEA        C      40B       0
                intcode_body                        E76      E76       46      40B       0
                text11                              FCC      FCC       1E      40B       0
                text10                              F68      F68       26      40B       0
                text9                               F36      F36       32      40B       0
                text8                               D2C      D2C       E4      40B       0
                text7                               F8E      F8E       20      40B       0
                text6                               EFA      EFA       3C      40B       0
                text5                               FAE      FAE       1E      40B       0
                text4                               E10      E10       66      40B       0
                text3                               AE4      AE4      134      40B       0
                text2                               C18      C18      114      40B       0
                text1                               9A2      9A2      142      40B       0
                text0                               816      816      18C      40B       0
                cstackCOMRAM                          1        1       2D        1       1
                bssBANK0                             60       60       64       60       1
                dataCOMRAM                           3F       3F        2        1       1
                bssCOMRAM                            2E       2E       11        1       1
                cinit                               EBC      EBC       3E      40B       0
                idataCOMRAM                         FF6      FF6        2      40B       0

TOTAL           Name                               Link     Load   Length     Space
        CLASS   STACK          

        CLASS   CODE           
                intcodelo                            18       18       3A         0
                intcode                               8        8        6         0
                init                                 52       52        4         0
                reset_vec                             0        0        4         0
                text14                              FEA      FEA        C         0
                intcode_body                        E76      E76       46         0
                text11                              FCC      FCC       1E         0
                text10                              F68      F68       26         0
                text9                               F36      F36       32         0
                text8                               D2C      D2C       E4         0
                text7                               F8E      F8E       20         0
                text6                               EFA      EFA       3C         0
                text5                               FAE      FAE       1E         0
                text4                               E10      E10       66         0
                text3                               AE4      AE4      134         0
                text2                               C18      C18      114         0
                text1                               9A2      9A2      142         0
                text0                               816      816      18C         0
                cinit                               EBC      EBC       3E         0
                idataCOMRAM                         FF6      FF6        2         0

        CLASS   CONST          

        CLASS   SMALLCONST     
                smallconst                          800      800       16         0

        CLASS   MEDIUMCONST    

        CLASS   COMRAM         
                temp                                 41       41        1         1
                cstackCOMRAM                          1        1       2D         1
                dataCOMRAM                           3F       3F        2         1
                bssCOMRAM                            2E       2E       11         1

        CLASS   ABS1           

        CLASS   BIGRAM         

        CLASS   RAM            

        CLASS   BANK0          
                bssBANK0                             60       60       64         1

        CLASS   BANK1          

        CLASS   BANK2          

        CLASS   BANK3          

        CLASS   BANK4          

        CLASS   BANK5          

        CLASS   BANK6          

        CLASS   BANK7          

        CLASS   SFR            

        CLASS   FARRAM         

        CLASS   CONFIG         
                config                           300000   300000        E         0

        CLASS   IDLOC          
                idloc                            200000   200000        8         0

        CLASS   EEDATA         



SEGMENTS        Name                           Load    Length   Top    Selector   Space  Class

                reset_vec                      000000  000004  000004         0       0  CODE    
                cstackCOMRAM                   000001  000041  000042         1       1  COMRAM  
                intcode                        000008  000006  00000E         4       0  CODE    
                intcodelo                      000018  00003E  000056         C       0  CODE    
                bssBANK0                       000060  000064  0000C4        60       1  BANK0   
                smallconst                     000800  000016  000816       400       0  SMALLCON
                text0                          000816  0007E2  000FF8       40B       0  CODE    
                idloc                          200000  000008  200008    200000       0  IDLOC   
                config                         300000  00000E  30000E    300000       0  CONFIG  


UNUSED ADDRESS RANGES

        Name                Unused          Largest block    Delta
        BANK0            0000C4-0000FF               3C
        BANK1            000100-0001FF              100
        BANK2            000200-0002FF              100
        BANK3            000300-0003FF              100
        BANK4            000400-0004FF              100
        BANK5            000500-0005FF              100
        BANK6            000600-0006FF              100
        BANK7            000700-0007FF              100
        BIGRAM           000042-00005F               1E
                         0000C4-0007FF              73C
        CODE             000004-000007                4
                         00000E-000017                A
                         000056-0007FF              7AA
                         000FF8-007FFF             7008
        COMRAM           000042-00005F               1E
        CONST            000004-000007                4
                         00000E-000017                A
                         000056-0007FF              7AA
                         000FF8-007FFF             7008
        EEDATA           F00000-F000FF              100
        MEDIUMCONST      000FF8-007FFF             7008
        RAM              0000C4-0007FF              100
        SFR              000F60-000FFF               A0
        SMALLCONST       000FF8-007FFF              100
        STACK            0000C4-0007FF              73C

                                  Symbol Table

?_LecturaADC                     cstackCOMRAM 000004
?___aldiv                        cstackCOMRAM 000004
?___almod                        cstackCOMRAM 000004
Detecta_Cambio@diferencia1       cstackCOMRAM 000007
Detecta_Cambio@diferencia2       cstackCOMRAM 000009
Detecta_Cambio@salida            cstackCOMRAM 000006
Leer_Moneda@i                    dataCOMRAM   00003F
Timer0_ISR@conta_1ms             bssCOMRAM    000036
Tx_str@data                      cstackCOMRAM 000004
UART0_Tx_Integer@digito          cstackCOMRAM 000024
UART0_Tx_Integer@indice          cstackCOMRAM 000029
UART0_Tx_Integer@num             cstackCOMRAM 000012
UART0_Tx_Integer@signo           cstackCOMRAM 000028
UART0_Tx_Integer@signo_y_digitos cstackCOMRAM 000018
UART0_Tx_String@str              cstackCOMRAM 000005
_ADCON0bits                      (abs)        000FC2
_ADCON1bits                      (abs)        000FC1
_ADCON2bits                      (abs)        000FC0
_ADC_ISR                         intcodelo    000018
_ADRESH                          (abs)        000FC4
_ADRESL                          (abs)        000FC3
_BAUDCONbits                     (abs)        000FB8
_Confi_Blue                      text11       000FCC
_Confi_TMR0                      text10       000F68
_ConfigADC                       text9        000F36
_Detecta_Cambio                  text8        000D2C
_INTCONbits                      (abs)        000FF2
_IPR1bits                        (abs)        000F9F
_LATBbits                        (abs)        000F8A
_LATDbits                        (abs)        000F8C
_LecturaADC                      text7        000F8E
_Leer_Moneda                     text6        000EFA
_PIE1bits                        (abs)        000F9D
_PIR1bits                        (abs)        000F9E
_PORTBbits                       (abs)        000F81
_PORTCbits                       (abs)        000F82
_RCONbits                        (abs)        000FD0
_RCREG                           (abs)        000FAE
_RCSTAbits                       (abs)        000FAB
_SPBRG                           (abs)        000FAF
_SPBRGH                          (abs)        000FB0
_T0CONbits                       (abs)        000FD5
_T1CONbits                       (abs)        000FCD
_TMR0H                           (abs)        000FD7
_TMR0L                           (abs)        000FD6
_TMR0_Reset                      text14       000FEA
_TMR1H                           (abs)        000FCF
_TMR1L                           (abs)        000FCE
_TRISAbits                       (abs)        000F92
_TRISBbits                       (abs)        000F93
_TRISCbits                       (abs)        000F94
_TRISDbits                       (abs)        000F95
_TXREG                           (abs)        000FAD
_TXSTAbits                       (abs)        000FAC
_Timer0_ISR                      intcode      000008
_Tx_str                          text5        000FAE
_UART0_Tx_Integer                text1        0009A2
_UART0_Tx_String                 text4        000E10
__CFG_BOR$OFF                    (abs)        000000
__CFG_BORV$3                     (abs)        000000
__CFG_CCP2MX$ON                  (abs)        000000
__CFG_CP0$OFF                    (abs)        000000
__CFG_CP1$OFF                    (abs)        000000
__CFG_CP2$OFF                    (abs)        000000
__CFG_CP3$OFF                    (abs)        000000
__CFG_CPB$OFF                    (abs)        000000
__CFG_CPD$OFF                    (abs)        000000
__CFG_CPUDIV$OSC1_PLL2           (abs)        000000
__CFG_EBTR0$OFF                  (abs)        000000
__CFG_EBTR1$OFF                  (abs)        000000
__CFG_EBTR2$OFF                  (abs)        000000
__CFG_EBTR3$OFF                  (abs)        000000
__CFG_EBTRB$OFF                  (abs)        000000
__CFG_FCMEN$OFF                  (abs)        000000
__CFG_FOSC$HS                    (abs)        000000
__CFG_ICPRT$OFF                  (abs)        000000
__CFG_IESO$OFF                   (abs)        000000
__CFG_LPT1OSC$OFF                (abs)        000000
__CFG_LVP$OFF                    (abs)        000000
__CFG_MCLRE$ON                   (abs)        000000
__CFG_PBADEN$OFF                 (abs)        000000
__CFG_PLLDIV$1                   (abs)        000000
__CFG_PWRT$OFF                   (abs)        000000
__CFG_STVREN$ON                  (abs)        000000
__CFG_USBDIV$1                   (abs)        000000
__CFG_VREGEN$OFF                 (abs)        000000
__CFG_WDT$OFF                    (abs)        000000
__CFG_WDTPS$32768                (abs)        000000
__CFG_WRT0$OFF                   (abs)        000000
__CFG_WRT1$OFF                   (abs)        000000
__CFG_WRT2$OFF                   (abs)        000000
__CFG_WRT3$OFF                   (abs)        000000
__CFG_WRTB$OFF                   (abs)        000000
__CFG_WRTC$OFF                   (abs)        000000
__CFG_WRTD$OFF                   (abs)        000000
__CFG_XINST$OFF                  (abs)        000000
__HRAM                           (abs)        000000
__Habs1                          abs1         000000
__Hbank0                         bank0        000000
__Hbank1                         bank1        000000
__Hbank2                         bank2        000000
__Hbank3                         bank3        000000
__Hbank4                         bank4        000000
__Hbank5                         bank5        000000
__Hbank6                         bank6        000000
__Hbank7                         bank7        000000
__Hbigbss                        bigbss       000000
__Hbigdata                       bigdata      000000
__Hbigram                        bigram       000000
__Hbss                           bss          000000
__HbssBANK0                      bssBANK0     000000
__HbssCOMRAM                     bssCOMRAM    000000
__Hcinit                         cinit        000000
__Hclrtext                       clrtext      000000
__Hcomram                        comram       000000
__Hconfig                        config       30000E
__Hconst                         const        000000
__HcstackCOMRAM                  cstackCOMRAM 000000
__Hdata                          data         000000
__HdataCOMRAM                    dataCOMRAM   000000
__Heeprom_data                   eeprom_data  000000
__Hfarbss                        farbss       000000
__Hfardata                       fardata      000000
__Hibigdata                      ibigdata     000000
__Hidata                         idata        000000
__HidataCOMRAM                   idataCOMRAM  000000
__Hidloc                         idloc        200008
__Hifardata                      ifardata     000000
__Hinit                          init         000056
__Hintcode                       intcode      00000E
__Hintcode_body                  intcode_body 000000
__Hintcodelo                     intcodelo    000052
__Hintentry                      intentry     000000
__Hintret                        intret       000000
__Hintsave_regs                  intsave_regs 000000
__Hirdata                        irdata       000000
__Hmediumconst                   mediumconst  000000
__HnvFARRAM                      nvFARRAM     000000
__Hnvbit                         nvbit        000000
__Hnvrram                        nvrram       000000
__Hparam                         rparam       000000
__Hpowerup                       powerup      000052
__Hram                           ram          000000
__Hramtop                        ramtop       000800
__Hrbit                          rbit         000000
__Hrbss                          rbss         000000
__Hrdata                         rdata        000000
__Hreset_vec                     reset_vec    000004
__Hrparam                        rparam       000000
__Hsfr                           sfr          000000
__Hsmallconst                    smallconst   000816
__Hspace_0                       (abs)        30000E
__Hspace_1                       (abs)        0000C4
__Hspace_2                       (abs)        000000
__Hstack                         stack        000000
__Hstruct                        struct       000000
__Htemp                          temp         000042
__Htext                          text         000000
__Htext0                         text0        000000
__Htext1                         text1        000000
__Htext10                        text10       000000
__Htext11                        text11       000000
__Htext14                        text14       000000
__Htext2                         text2        000000
__Htext3                         text3        000000
__Htext4                         text4        000000
__Htext5                         text5        000000
__Htext6                         text6        000000
__Htext7                         text7        000000
__Htext8                         text8        000000
__Htext9                         text9        000000
__LRAM                           (abs)        000001
__Labs1                          abs1         000000
__Lbank0                         bank0        000000
__Lbank1                         bank1        000000
__Lbank2                         bank2        000000
__Lbank3                         bank3        000000
__Lbank4                         bank4        000000
__Lbank5                         bank5        000000
__Lbank6                         bank6        000000
__Lbank7                         bank7        000000
__Lbigbss                        bigbss       000000
__Lbigdata                       bigdata      000000
__Lbigram                        bigram       000000
__Lbss                           bss          000000
__LbssBANK0                      bssBANK0     000000
__LbssCOMRAM                     bssCOMRAM    000000
__Lcinit                         cinit        000000
__Lclrtext                       clrtext      000000
__Lcomram                        comram       000000
__Lconfig                        config       300000
__Lconst                         const        000000
__LcstackCOMRAM                  cstackCOMRAM 000000
__Ldata                          data         000000
__LdataCOMRAM                    dataCOMRAM   000000
__Leeprom_data                   eeprom_data  000000
__Lfarbss                        farbss       000000
__Lfardata                       fardata      000000
__Libigdata                      ibigdata     000000
__Lidata                         idata        000000
__LidataCOMRAM                   idataCOMRAM  000000
__Lidloc                         idloc        200000
__Lifardata                      ifardata     000000
__Linit                          init         000052
__Lintcode                       intcode      000008
__Lintcode_body                  intcode_body 000000
__Lintcodelo                     intcodelo    000018
__Lintentry                      intentry     000000
__Lintret                        intret       000000
__Lintsave_regs                  intsave_regs 000000
__Lirdata                        irdata       000000
__Lmediumconst                   mediumconst  000000
__LnvFARRAM                      nvFARRAM     000000
__Lnvbit                         nvbit        000000
__Lnvrram                        nvrram       000000
__Lparam                         rparam       000000
__Lpowerup                       powerup      000052
__Lram                           ram          000000
__Lramtop                        ramtop       000800
__Lrbit                          rbit         000000
__Lrbss                          rbss         000000
__Lrdata                         rdata        000000
__Lreset_vec                     reset_vec    000000
__Lrparam                        rparam       000000
__Lsfr                           sfr          000000
__Lsmallconst                    smallconst   000800
__Lspace_0                       (abs)        000000
__Lspace_1                       (abs)        000000
__Lspace_2                       (abs)        000000
__Lstack                         stack        000000
__Lstruct                        struct       000000
__Ltemp                          temp         000041
__Ltext                          text         000000
__Ltext0                         text0        000000
__Ltext1                         text1        000000
__Ltext10                        text10       000000
__Ltext11                        text11       000000
__Ltext14                        text14       000000
__Ltext2                         text2        000000
__Ltext3                         text3        000000
__Ltext4                         text4        000000
__Ltext5                         text5        000000
__Ltext6                         text6        000000
__Ltext7                         text7        000000
__Ltext8                         text8        000000
__Ltext9                         text9        000000
__S0                             (abs)        30000E
__S1                             (abs)        0000C4
__S2                             (abs)        000000
___aldiv                         text3        000AE4
___aldiv@counter                 cstackCOMRAM 00000C
___aldiv@dividend                cstackCOMRAM 000004
___aldiv@divisor                 cstackCOMRAM 000008
___aldiv@quotient                cstackCOMRAM 00000E
___aldiv@sign                    cstackCOMRAM 00000D
___almod                         text2        000C18
___almod@counter                 cstackCOMRAM 00000C
___almod@dividend                cstackCOMRAM 000004
___almod@divisor                 cstackCOMRAM 000008
___almod@sign                    cstackCOMRAM 00000D
___inthi_sp                      stack        000000
___intlo_sp                      stack        000000
___param_bank                    (abs)        000000
___rparam_used                   (abs)        000001
___sp                            stack        000000
__accesstop                      (abs)        000060
__activetblptr                   (abs)        000002
__end_of_ADC_ISR                 intcodelo    000052
__end_of_Confi_Blue              text11       000FEA
__end_of_Confi_TMR0              text10       000F8E
__end_of_ConfigADC               text9        000F68
__end_of_Detecta_Cambio          text8        000E10
__end_of_LecturaADC              text7        000FAE
__end_of_Leer_Moneda             text6        000F36
__end_of_TMR0_Reset              text14       000FF6
__end_of_Timer0_ISR              intcode_body 000EBC
__end_of_Tx_str                  text5        000FCC
__end_of_UART0_Tx_Integer        text1        000AE4
__end_of_UART0_Tx_String         text4        000E76
__end_of___aldiv                 text3        000C18
__end_of___almod                 text2        000D2C
__end_of__initialization         cinit        000EEC
__end_of_main                    text0        0009A2
__initialization                 cinit        000EBC
__mediumconst                    mediumconst  000000
__pbssBANK0                      bssBANK0     000060
__pbssCOMRAM                     bssCOMRAM    00002E
__pcinit                         cinit        000EBC
__pcstackCOMRAM                  cstackCOMRAM 000001
__pdataCOMRAM                    dataCOMRAM   00003F
__pidataCOMRAM                   idataCOMRAM  000FF6
__pintcode                       intcode      000008
__pintcode_body                  intcode_body 000E76
__pintcodelo                     intcodelo    000018
__psmallconst                    smallconst   000800
__ptext0                         text0        000816
__ptext1                         text1        0009A2
__ptext10                        text10       000F68
__ptext11                        text11       000FCC
__ptext14                        text14       000FEA
__ptext2                         text2        000C18
__ptext3                         text3        000AE4
__ptext4                         text4        000E10
__ptext5                         text5        000FAE
__ptext6                         text6        000EFA
__ptext7                         text7        000F8E
__ptext8                         text8        000D2C
__ptext9                         text9        000F36
__ramtop                         ramtop       000800
__size_of_ADC_ISR                (abs)        000000
__size_of_Confi_Blue             (abs)        000000
__size_of_Confi_TMR0             (abs)        000000
__size_of_ConfigADC              (abs)        000000
__size_of_Detecta_Cambio         (abs)        000000
__size_of_LecturaADC             (abs)        000000
__size_of_Leer_Moneda            (abs)        000000
__size_of_TMR0_Reset             (abs)        000000
__size_of_Timer0_ISR             (abs)        000000
__size_of_Tx_str                 (abs)        000000
__size_of_UART0_Tx_Integer       (abs)        000000
__size_of_UART0_Tx_String        (abs)        000000
__size_of___aldiv                (abs)        000000
__size_of___almod                (abs)        000000
__size_of_main                   (abs)        000000
__smallconst                     smallconst   000800
_bandera_detectar_cambio         dataCOMRAM   000040
_bandera_imprimir_muestras       bssCOMRAM    00003C
_bandera_leer_adc                bssCOMRAM    00003E
_bandera_leer_moneda             bssCOMRAM    00003D
_i                               bssCOMRAM    000034
_main                            text0        000816
_points                          bssCOMRAM    00002E
_valor_adc                       bssCOMRAM    00003A
_willi                           bssBANK0     000060
btemp                            temp         000041
end_of_initialization            cinit        000EEC
int$flags                        temp         000041
int_func                         intcode_body 000E76
intlevel0                        text         000000
intlevel1                        text         000000
intlevel2                        text         000000
intlevel3                        text         000000
main@a                           bssCOMRAM    000038
main@i                           cstackCOMRAM 00002C
stackhi                          (abs)        0007FF
stacklo                          (abs)        0000C4
start                            init         000052
start_initialization             cinit        000EBC
ttemp5                           temp         000042
ttemp6                           temp         000045
ttemp7                           temp         000049
wtemp8                           temp         000042


FUNCTION INFORMATION:

 *************** function _main *****************
 Defined at:
		line 96 in file "Prue.c"
 Parameters:    Size  Location     Type
		None
 Auto vars:     Size  Location     Type
  i               2   43[COMRAM] int 
 Return value:  Size  Location     Type
                  1    wreg      void 
 Registers used:
		wreg, fsr0l, fsr0h, fsr2l, fsr2h, status,2, status,0, tblptrl, tblptrh, tblptru, prodl, prodh, cstack
 Tracked objects:
		On entry : 
		On exit  : 
		Unchanged: 
 Data sizes:     COMRAM   BANK0   BANK1   BANK2   BANK3   BANK4   BANK5   BANK6   BANK7
      Params:         0       0       0       0       0       0       0       0       0
      Locals:         2       0       0       0       0       0       0       0       0
      Temps:          2       0       0       0       0       0       0       0       0
      Totals:         4       0       0       0       0       0       0       0       0
Total ram usage:        4 bytes
 Hardware stack levels required when called:    6
 This function calls:
		_Confi_Blue
		_Confi_TMR0
		_ConfigADC
		_Detecta_Cambio
		_LecturaADC
		_Leer_Moneda
		_UART0_Tx_Integer
		_UART0_Tx_String
 This function is called by:
		Startup code after reset
 This function uses a non-reentrant model


 *************** function _UART0_Tx_Integer *****************
 Defined at:
		line 53 in file "BLUE.c"
 Parameters:    Size  Location     Type
  num             4   17[COMRAM] long 
 Auto vars:     Size  Location     Type
  signo_y_digi   12   23[COMRAM] unsigned char [12]
  digito          4   35[COMRAM] long 
  indice          1   40[COMRAM] char 
  signo           1   39[COMRAM] unsigned char 
 Return value:  Size  Location     Type
                  1    wreg      void 
 Registers used:
		wreg, fsr0l, fsr0h, fsr2l, fsr2h, status,2, status,0, tblptrl, tblptrh, tblptru, prodl, prodh, cstack
 Tracked objects:
		On entry : 
		On exit  : 
		Unchanged: 
 Data sizes:     COMRAM   BANK0   BANK1   BANK2   BANK3   BANK4   BANK5   BANK6   BANK7
      Params:         4       0       0       0       0       0       0       0       0
      Locals:        18       0       0       0       0       0       0       0       0
      Temps:          2       0       0       0       0       0       0       0       0
      Totals:        24       0       0       0       0       0       0       0       0
Total ram usage:       24 bytes
 Hardware stack levels used:    1
 Hardware stack levels required when called:    5
 This function calls:
		_UART0_Tx_String
		___aldiv
		___almod
 This function is called by:
		_main
 This function uses a non-reentrant model


 *************** function ___almod *****************
 Defined at:
		line 7 in file "C:\Program Files (x86)\Microchip\xc8\v2.00\pic\sources\c99\common\almod.c"
 Parameters:    Size  Location     Type
  dividend        4    3[COMRAM] long 
  divisor         4    7[COMRAM] long 
 Auto vars:     Size  Location     Type
  sign            1   12[COMRAM] unsigned char 
  counter         1   11[COMRAM] unsigned char 
 Return value:  Size  Location     Type
                  4    3[COMRAM] long 
 Registers used:
		wreg, status,2, status,0
 Tracked objects:
		On entry : 
		On exit  : 
		Unchanged: 
 Data sizes:     COMRAM   BANK0   BANK1   BANK2   BANK3   BANK4   BANK5   BANK6   BANK7
      Params:         8       0       0       0       0       0       0       0       0
      Locals:         2       0       0       0       0       0       0       0       0
      Temps:          0       0       0       0       0       0       0       0       0
      Totals:        10       0       0       0       0       0       0       0       0
Total ram usage:       10 bytes
 Hardware stack levels used:    1
 Hardware stack levels required when called:    3
 This function calls:
		Nothing
 This function is called by:
		_UART0_Tx_Integer
 This function uses a non-reentrant model


 *************** function ___aldiv *****************
 Defined at:
		line 7 in file "C:\Program Files (x86)\Microchip\xc8\v2.00\pic\sources\c99\common\aldiv.c"
 Parameters:    Size  Location     Type
  dividend        4    3[COMRAM] long 
  divisor         4    7[COMRAM] long 
 Auto vars:     Size  Location     Type
  quotient        4   13[COMRAM] long 
  sign            1   12[COMRAM] unsigned char 
  counter         1   11[COMRAM] unsigned char 
 Return value:  Size  Location     Type
                  4    3[COMRAM] long 
 Registers used:
		wreg, status,2, status,0
 Tracked objects:
		On entry : 
		On exit  : 
		Unchanged: 
 Data sizes:     COMRAM   BANK0   BANK1   BANK2   BANK3   BANK4   BANK5   BANK6   BANK7
      Params:         8       0       0       0       0       0       0       0       0
      Locals:         6       0       0       0       0       0       0       0       0
      Temps:          0       0       0       0       0       0       0       0       0
      Totals:        14       0       0       0       0       0       0       0       0
Total ram usage:       14 bytes
 Hardware stack levels used:    1
 Hardware stack levels required when called:    3
 This function calls:
		Nothing
 This function is called by:
		_UART0_Tx_Integer
 This function uses a non-reentrant model


 *************** function _UART0_Tx_String *****************
 Defined at:
		line 41 in file "BLUE.c"
 Parameters:    Size  Location     Type
  str             2    4[COMRAM] PTR unsigned char 
		 -> UART0_Tx_Integer@signo_y_digitos(12), STR_3(2), STR_2(4), STR_1(14), 
 Auto vars:     Size  Location     Type
		None
 Return value:  Size  Location     Type
                  1    wreg      void 
 Registers used:
		wreg, fsr0l, fsr0h, status,2, status,0, tblptrl, tblptrh, tblptru, cstack
 Tracked objects:
		On entry : 
		On exit  : 
		Unchanged: 
 Data sizes:     COMRAM   BANK0   BANK1   BANK2   BANK3   BANK4   BANK5   BANK6   BANK7
      Params:         2       0       0       0       0       0       0       0       0
      Locals:         0       0       0       0       0       0       0       0       0
      Temps:          0       0       0       0       0       0       0       0       0
      Totals:         2       0       0       0       0       0       0       0       0
Total ram usage:        2 bytes
 Hardware stack levels used:    1
 Hardware stack levels required when called:    4
 This function calls:
		_Tx_str
 This function is called by:
		_main
		_UART0_Tx_Integer
 This function uses a non-reentrant model


 *************** function _Tx_str *****************
 Defined at:
		line 28 in file "BLUE.c"
 Parameters:    Size  Location     Type
  data            1    wreg     unsigned char 
 Auto vars:     Size  Location     Type
  data            1    3[COMRAM] unsigned char 
 Return value:  Size  Location     Type
                  1    wreg      void 
 Registers used:
		wreg
 Tracked objects:
		On entry : 
		On exit  : 
		Unchanged: 
 Data sizes:     COMRAM   BANK0   BANK1   BANK2   BANK3   BANK4   BANK5   BANK6   BANK7
      Params:         0       0       0       0       0       0       0       0       0
      Locals:         1       0       0       0       0       0       0       0       0
      Temps:          0       0       0       0       0       0       0       0       0
      Totals:         1       0       0       0       0       0       0       0       0
Total ram usage:        1 bytes
 Hardware stack levels used:    1
 Hardware stack levels required when called:    3
 This function calls:
		Nothing
 This function is called by:
		_UART0_Tx_String
 This function uses a non-reentrant model


 *************** function _Leer_Moneda *****************
 Defined at:
		line 181 in file "Prue.c"
 Parameters:    Size  Location     Type
		None
 Auto vars:     Size  Location     Type
		None
 Return value:  Size  Location     Type
                  1    wreg      void 
 Registers used:
		wreg, fsr2l, fsr2h, status,2, status,0, prodl, prodh
 Tracked objects:
		On entry : 
		On exit  : 
		Unchanged: 
 Data sizes:     COMRAM   BANK0   BANK1   BANK2   BANK3   BANK4   BANK5   BANK6   BANK7
      Params:         0       0       0       0       0       0       0       0       0
      Locals:         0       0       0       0       0       0       0       0       0
      Temps:          0       0       0       0       0       0       0       0       0
      Totals:         0       0       0       0       0       0       0       0       0
Total ram usage:        0 bytes
 Hardware stack levels used:    1
 Hardware stack levels required when called:    3
 This function calls:
		Nothing
 This function is called by:
		_main
 This function uses a non-reentrant model


 *************** function _LecturaADC *****************
 Defined at:
		line 39 in file "Adc.c"
 Parameters:    Size  Location     Type
		None
 Auto vars:     Size  Location     Type
		None
 Return value:  Size  Location     Type
                  2    3[COMRAM] unsigned short 
 Registers used:
		wreg, status,2, status,0
 Tracked objects:
		On entry : 
		On exit  : 
		Unchanged: 
 Data sizes:     COMRAM   BANK0   BANK1   BANK2   BANK3   BANK4   BANK5   BANK6   BANK7
      Params:         2       0       0       0       0       0       0       0       0
      Locals:         0       0       0       0       0       0       0       0       0
      Temps:          2       0       0       0       0       0       0       0       0
      Totals:         4       0       0       0       0       0       0       0       0
Total ram usage:        4 bytes
 Hardware stack levels used:    1
 Hardware stack levels required when called:    3
 This function calls:
		Nothing
 This function is called by:
		_main
 This function uses a non-reentrant model


 *************** function _Detecta_Cambio *****************
 Defined at:
		line 157 in file "Prue.c"
 Parameters:    Size  Location     Type
		None
 Auto vars:     Size  Location     Type
  diferencia2     2    8[COMRAM] short 
  diferencia1     2    6[COMRAM] short 
  salida          1    5[COMRAM] unsigned char 
 Return value:  Size  Location     Type
                  1    wreg      unsigned char 
 Registers used:
		wreg, fsr2l, fsr2h, status,2, status,0
 Tracked objects:
		On entry : 
		On exit  : 
		Unchanged: 
 Data sizes:     COMRAM   BANK0   BANK1   BANK2   BANK3   BANK4   BANK5   BANK6   BANK7
      Params:         0       0       0       0       0       0       0       0       0
      Locals:         5       0       0       0       0       0       0       0       0
      Temps:          2       0       0       0       0       0       0       0       0
      Totals:         7       0       0       0       0       0       0       0       0
Total ram usage:        7 bytes
 Hardware stack levels used:    1
 Hardware stack levels required when called:    3
 This function calls:
		Nothing
 This function is called by:
		_main
 This function uses a non-reentrant model


 *************** function _ConfigADC *****************
 Defined at:
		line 15 in file "Adc.c"
 Parameters:    Size  Location     Type
		None
 Auto vars:     Size  Location     Type
		None
 Return value:  Size  Location     Type
                  1    wreg      void 
 Registers used:
		wreg, status,2
 Tracked objects:
		On entry : 
		On exit  : 
		Unchanged: 
 Data sizes:     COMRAM   BANK0   BANK1   BANK2   BANK3   BANK4   BANK5   BANK6   BANK7
      Params:         0       0       0       0       0       0       0       0       0
      Locals:         0       0       0       0       0       0       0       0       0
      Temps:          0       0       0       0       0       0       0       0       0
      Totals:         0       0       0       0       0       0       0       0       0
Total ram usage:        0 bytes
 Hardware stack levels used:    1
 Hardware stack levels required when called:    3
 This function calls:
		Nothing
 This function is called by:
		_main
 This function uses a non-reentrant model


 *************** function _Confi_TMR0 *****************
 Defined at:
		line 8 in file "Laser1.c"
 Parameters:    Size  Location     Type
		None
 Auto vars:     Size  Location     Type
		None
 Return value:  Size  Location     Type
                  1    wreg      void 
 Registers used:
		wreg, status,2
 Tracked objects:
		On entry : 
		On exit  : 
		Unchanged: 
 Data sizes:     COMRAM   BANK0   BANK1   BANK2   BANK3   BANK4   BANK5   BANK6   BANK7
      Params:         0       0       0       0       0       0       0       0       0
      Locals:         0       0       0       0       0       0       0       0       0
      Temps:          0       0       0       0       0       0       0       0       0
      Totals:         0       0       0       0       0       0       0       0       0
Total ram usage:        0 bytes
 Hardware stack levels used:    1
 Hardware stack levels required when called:    3
 This function calls:
		Nothing
 This function is called by:
		_main
 This function uses a non-reentrant model


 *************** function _Confi_Blue *****************
 Defined at:
		line 5 in file "BLUE.c"
 Parameters:    Size  Location     Type
		None
 Auto vars:     Size  Location     Type
		None
 Return value:  Size  Location     Type
                  1    wreg      void 
 Registers used:
		wreg, status,2
 Tracked objects:
		On entry : 
		On exit  : 
		Unchanged: 
 Data sizes:     COMRAM   BANK0   BANK1   BANK2   BANK3   BANK4   BANK5   BANK6   BANK7
      Params:         0       0       0       0       0       0       0       0       0
      Locals:         0       0       0       0       0       0       0       0       0
      Temps:          0       0       0       0       0       0       0       0       0
      Totals:         0       0       0       0       0       0       0       0       0
Total ram usage:        0 bytes
 Hardware stack levels used:    1
 Hardware stack levels required when called:    3
 This function calls:
		Nothing
 This function is called by:
		_main
 This function uses a non-reentrant model


 *************** function _ADC_ISR *****************
 Defined at:
		line 223 in file "Prue.c"
 Parameters:    Size  Location     Type
		None
 Auto vars:     Size  Location     Type
		None
 Return value:  Size  Location     Type
                  1    wreg      void 
 Registers used:
		wreg, status,2
 Tracked objects:
		On entry : 
		On exit  : 
		Unchanged: 
 Data sizes:     COMRAM   BANK0   BANK1   BANK2   BANK3   BANK4   BANK5   BANK6   BANK7
      Params:         0       0       0       0       0       0       0       0       0
      Locals:         0       0       0       0       0       0       0       0       0
      Temps:          3       0       0       0       0       0       0       0       0
      Totals:         3       0       0       0       0       0       0       0       0
Total ram usage:        3 bytes
 Hardware stack levels used:    1
 Hardware stack levels required when called:    2
 This function calls:
		Nothing
 This function is called by:
		Interrupt level 1
 This function uses a non-reentrant model


 *************** function _Timer0_ISR *****************
 Defined at:
		line 203 in file "Prue.c"
 Parameters:    Size  Location     Type
		None
 Auto vars:     Size  Location     Type
		None
 Return value:  Size  Location     Type
                  1    wreg      void 
 Registers used:
		wreg, status,2, status,0, cstack
 Tracked objects:
		On entry : 
		On exit  : 
		Unchanged: 
 Data sizes:     COMRAM   BANK0   BANK1   BANK2   BANK3   BANK4   BANK5   BANK6   BANK7
      Params:         0       0       0       0       0       0       0       0       0
      Locals:         0       0       0       0       0       0       0       0       0
      Temps:          0       0       0       0       0       0       0       0       0
      Totals:         0       0       0       0       0       0       0       0       0
Total ram usage:        0 bytes
 Hardware stack levels used:    1
 Hardware stack levels required when called:    1
 This function calls:
		_TMR0_Reset
 This function is called by:
		Interrupt level 2
 This function uses a non-reentrant model


 *************** function _TMR0_Reset *****************
 Defined at:
		line 47 in file "Laser1.c"
 Parameters:    Size  Location     Type
		None
 Auto vars:     Size  Location     Type
		None
 Return value:  Size  Location     Type
                  1    wreg      void 
 Registers used:
		wreg, status,2
 Tracked objects:
		On entry : 
		On exit  : 
		Unchanged: 
 Data sizes:     COMRAM   BANK0   BANK1   BANK2   BANK3   BANK4   BANK5   BANK6   BANK7
      Params:         0       0       0       0       0       0       0       0       0
      Locals:         0       0       0       0       0       0       0       0       0
      Temps:          0       0       0       0       0       0       0       0       0
      Totals:         0       0       0       0       0       0       0       0       0
Total ram usage:        0 bytes
 Hardware stack levels used:    1
 This function calls:
		Nothing
 This function is called by:
		_Timer0_ISR
 This function uses a non-reentrant model



MODULE INFORMATION

Module		Function		Class		Link	Load	Size
Prue.c
		_Timer0_ISR    		CODE           	0008	0000	77
		_main          		CODE           	0816	0000	397
		_Leer_Moneda   		CODE           	0EFA	0000	61
		_Detecta_Cambio		CODE           	0D2C	0000	229
		_ADC_ISR       		CODE           	0018	0000	59

Prue.c estimated size: 823

BLUE.c
		_UART0_Tx_Integer		CODE           	09A2	0000	323
		_UART0_Tx_String		CODE           	0E10	0000	103
		_Tx_str        		CODE           	0FAE	0000	31
		_Confi_Blue    		CODE           	0FCC	0000	31

BLUE.c estimated size: 488

Laser1.c
		_Confi_TMR0    		CODE           	0F68	0000	39
		_TMR0_Reset    		CODE           	0FEA	0000	13

Laser1.c estimated size: 52

C:\Program Files (x86)\Microchip\xc8\v2.00\pic\sources\c99\common\almod.c
		___almod       		CODE           	0C18	0000	277

C:\Program Files (x86)\Microchip\xc8\v2.00\pic\sources\c99\common\almod.c estimated size: 277

Adc.c
		_LecturaADC    		CODE           	0F8E	0000	33
		_ConfigADC     		CODE           	0F36	0000	51

Adc.c estimated size: 84

shared
		__initialization		CODE           	0EBC	0000	49

shared estimated size: 49

C:\Program Files (x86)\Microchip\xc8\v2.00\pic\sources\c99\common\aldiv.c
		___aldiv       		CODE           	0AE4	0000	309

C:\Program Files (x86)\Microchip\xc8\v2.00\pic\sources\c99\common\aldiv.c estimated size: 309

